Component: Arm Compiler for Embedded 6.19 Tool: armlink [5e73cb00]

==============================================================================

Section Cross References

    gd32f30x_adc.o(.text.adc_deinit) refers to gd32f30x_rcu.o(.text.rcu_periph_reset_enable) for rcu_periph_reset_enable
    gd32f30x_adc.o(.text.adc_deinit) refers to gd32f30x_rcu.o(.text.rcu_periph_reset_disable) for rcu_periph_reset_disable
    gd32f30x_adc.o(.ARM.exidx.text.adc_deinit) refers to gd32f30x_adc.o(.text.adc_deinit) for [Anonymous Symbol]
    gd32f30x_adc.o(.ARM.exidx.text.adc_enable) refers to gd32f30x_adc.o(.text.adc_enable) for [Anonymous Symbol]
    gd32f30x_adc.o(.ARM.exidx.text.adc_disable) refers to gd32f30x_adc.o(.text.adc_disable) for [Anonymous Symbol]
    gd32f30x_adc.o(.ARM.exidx.text.adc_calibration_enable) refers to gd32f30x_adc.o(.text.adc_calibration_enable) for [Anonymous Symbol]
    gd32f30x_adc.o(.ARM.exidx.text.adc_dma_mode_enable) refers to gd32f30x_adc.o(.text.adc_dma_mode_enable) for [Anonymous Symbol]
    gd32f30x_adc.o(.ARM.exidx.text.adc_dma_mode_disable) refers to gd32f30x_adc.o(.text.adc_dma_mode_disable) for [Anonymous Symbol]
    gd32f30x_adc.o(.ARM.exidx.text.adc_tempsensor_vrefint_enable) refers to gd32f30x_adc.o(.text.adc_tempsensor_vrefint_enable) for [Anonymous Symbol]
    gd32f30x_adc.o(.ARM.exidx.text.adc_tempsensor_vrefint_disable) refers to gd32f30x_adc.o(.text.adc_tempsensor_vrefint_disable) for [Anonymous Symbol]
    gd32f30x_adc.o(.ARM.exidx.text.adc_resolution_config) refers to gd32f30x_adc.o(.text.adc_resolution_config) for [Anonymous Symbol]
    gd32f30x_adc.o(.ARM.exidx.text.adc_discontinuous_mode_config) refers to gd32f30x_adc.o(.text.adc_discontinuous_mode_config) for [Anonymous Symbol]
    gd32f30x_adc.o(.ARM.exidx.text.adc_mode_config) refers to gd32f30x_adc.o(.text.adc_mode_config) for [Anonymous Symbol]
    gd32f30x_adc.o(.ARM.exidx.text.adc_special_function_config) refers to gd32f30x_adc.o(.text.adc_special_function_config) for [Anonymous Symbol]
    gd32f30x_adc.o(.ARM.exidx.text.adc_data_alignment_config) refers to gd32f30x_adc.o(.text.adc_data_alignment_config) for [Anonymous Symbol]
    gd32f30x_adc.o(.ARM.exidx.text.adc_channel_length_config) refers to gd32f30x_adc.o(.text.adc_channel_length_config) for [Anonymous Symbol]
    gd32f30x_adc.o(.ARM.exidx.text.adc_regular_channel_config) refers to gd32f30x_adc.o(.text.adc_regular_channel_config) for [Anonymous Symbol]
    gd32f30x_adc.o(.ARM.exidx.text.adc_inserted_channel_config) refers to gd32f30x_adc.o(.text.adc_inserted_channel_config) for [Anonymous Symbol]
    gd32f30x_adc.o(.ARM.exidx.text.adc_inserted_channel_offset_config) refers to gd32f30x_adc.o(.text.adc_inserted_channel_offset_config) for [Anonymous Symbol]
    gd32f30x_adc.o(.ARM.exidx.text.adc_external_trigger_config) refers to gd32f30x_adc.o(.text.adc_external_trigger_config) for [Anonymous Symbol]
    gd32f30x_adc.o(.ARM.exidx.text.adc_external_trigger_source_config) refers to gd32f30x_adc.o(.text.adc_external_trigger_source_config) for [Anonymous Symbol]
    gd32f30x_adc.o(.ARM.exidx.text.adc_software_trigger_enable) refers to gd32f30x_adc.o(.text.adc_software_trigger_enable) for [Anonymous Symbol]
    gd32f30x_adc.o(.ARM.exidx.text.adc_regular_data_read) refers to gd32f30x_adc.o(.text.adc_regular_data_read) for [Anonymous Symbol]
    gd32f30x_adc.o(.ARM.exidx.text.adc_inserted_data_read) refers to gd32f30x_adc.o(.text.adc_inserted_data_read) for [Anonymous Symbol]
    gd32f30x_adc.o(.ARM.exidx.text.adc_sync_mode_convert_value_read) refers to gd32f30x_adc.o(.text.adc_sync_mode_convert_value_read) for [Anonymous Symbol]
    gd32f30x_adc.o(.ARM.exidx.text.adc_flag_get) refers to gd32f30x_adc.o(.text.adc_flag_get) for [Anonymous Symbol]
    gd32f30x_adc.o(.ARM.exidx.text.adc_flag_clear) refers to gd32f30x_adc.o(.text.adc_flag_clear) for [Anonymous Symbol]
    gd32f30x_adc.o(.ARM.exidx.text.adc_interrupt_flag_get) refers to gd32f30x_adc.o(.text.adc_interrupt_flag_get) for [Anonymous Symbol]
    gd32f30x_adc.o(.ARM.exidx.text.adc_interrupt_flag_clear) refers to gd32f30x_adc.o(.text.adc_interrupt_flag_clear) for [Anonymous Symbol]
    gd32f30x_adc.o(.ARM.exidx.text.adc_interrupt_enable) refers to gd32f30x_adc.o(.text.adc_interrupt_enable) for [Anonymous Symbol]
    gd32f30x_adc.o(.ARM.exidx.text.adc_interrupt_disable) refers to gd32f30x_adc.o(.text.adc_interrupt_disable) for [Anonymous Symbol]
    gd32f30x_adc.o(.ARM.exidx.text.adc_watchdog_single_channel_enable) refers to gd32f30x_adc.o(.text.adc_watchdog_single_channel_enable) for [Anonymous Symbol]
    gd32f30x_adc.o(.ARM.exidx.text.adc_watchdog_group_channel_enable) refers to gd32f30x_adc.o(.text.adc_watchdog_group_channel_enable) for [Anonymous Symbol]
    gd32f30x_adc.o(.ARM.exidx.text.adc_watchdog_disable) refers to gd32f30x_adc.o(.text.adc_watchdog_disable) for [Anonymous Symbol]
[...]
    cal_crc8_table                           0x080058ad   Thumb Code   130  crc8.o(.text.cal_crc8_table)
    can_deinit                               0x08005931   Thumb Code    36  gd32f30x_can.o(.text.can_deinit)
    can_filter_init                          0x08005955   Thumb Code   180  gd32f30x_can.o(.text.can_filter_init)
    can_init                                 0x08005a09   Thumb Code   276  gd32f30x_can.o(.text.can_init)
    can_interrupt_enable                     0x08005b1d   Thumb Code     8  gd32f30x_can.o(.text.can_interrupt_enable)
    can_interrupt_flag_clear                 0x08005b25   Thumb Code    16  gd32f30x_can.o(.text.can_interrupt_flag_clear)
    can_message_receive                      0x08005b35   Thumb Code   156  gd32f30x_can.o(.text.can_message_receive)
    can_message_transmit                     0x08005bd1   Thumb Code   152  gd32f30x_can.o(.text.can_message_transmit)
    can_struct_para_init                     0x08005c69   Thumb Code    94  gd32f30x_can.o(.text.can_struct_para_init)
    crc_block_data_calculate                 0x08005e41   Thumb Code   118  gd32f30x_crc.o(.text.crc_block_data_calculate)
    crc_data_register_reset                  0x08005eb9   Thumb Code    18  gd32f30x_crc.o(.text.crc_data_register_reset)
    dma_channel_disable                      0x08005ecd   Thumb Code    38  gd32f30x_dma.o(.text.dma_channel_disable)
    dma_channel_enable                       0x08005ef5   Thumb Code    38  gd32f30x_dma.o(.text.dma_channel_enable)
    dma_circulation_disable                  0x08005f1d   Thumb Code    38  gd32f30x_dma.o(.text.dma_circulation_disable)
    dma_deinit                               0x08005f45   Thumb Code    62  gd32f30x_dma.o(.text.dma_deinit)
    dma_init                                 0x08005f85   Thumb Code   118  gd32f30x_dma.o(.text.dma_init)
    dma_interrupt_enable                     0x08005ffd   Thumb Code    36  gd32f30x_dma.o(.text.dma_interrupt_enable)
    dma_interrupt_flag_clear                 0x08006021   Thumb Code    14  gd32f30x_dma.o(.text.dma_interrupt_flag_clear)
    dma_interrupt_flag_get                   0x08006031   Thumb Code    58  gd32f30x_dma.o(.text.dma_interrupt_flag_get)
    dma_memory_address_config                0x0800606d   Thumb Code    32  gd32f30x_dma.o(.text.dma_memory_address_config)
    dma_memory_to_memory_disable             0x0800608d   Thumb Code    38  gd32f30x_dma.o(.text.dma_memory_to_memory_disable)
    dma_transfer_number_config               0x080060b5   Thumb Code    34  gd32f30x_dma.o(.text.dma_transfer_number_config)
    dma_transfer_number_get                  0x080060d9   Thumb Code    32  gd32f30x_dma.o(.text.dma_transfer_number_get)
    exti_flag_clear                          0x080060f9   Thumb Code    12  gd32f30x_exti.o(.text.exti_flag_clear)
    exti_flag_get                            0x08006105   Thumb Code    18  gd32f30x_exti.o(.text.exti_flag_get)
    exti_init                                0x08006119   Thumb Code   158  gd32f30x_exti.o(.text.exti_init)
    exti_interrupt_disable                   0x080061b9   Thumb Code    18  gd32f30x_exti.o(.text.exti_interrupt_disable)
    exti_interrupt_enable                    0x080061cd   Thumb Code    16  gd32f30x_exti.o(.text.exti_interrupt_enable)
    exti_interrupt_flag_clear                0x080061dd   Thumb Code    12  gd32f30x_exti.o(.text.exti_interrupt_flag_clear)
    fmc_erase_pages                          0x080061e9   Thumb Code   128  flash_gd.o(.text.fmc_erase_pages)
    fmc_flag_clear                           0x08006269   Thumb Code    30  gd32f30x_fmc.o(.text.fmc_flag_clear)
    fmc_lock                                 0x08006289   Thumb Code    44  gd32f30x_fmc.o(.text.fmc_lock)
    fmc_page_erase                           0x080062b5   Thumb Code  1584  gd32f30x_fmc.o(.text.fmc_page_erase)
    fmc_program                              0x080068e5   Thumb Code    96  flash_gd.o(.text.fmc_program)
    fmc_program_check                        0x08006945   Thumb Code   110  flash_gd.o(.text.fmc_program_check)
    fmc_unlock                               0x080069b5   Thumb Code    80  gd32f30x_fmc.o(.text.fmc_unlock)
    fmc_word_program                         0x08006a05   Thumb Code  1560  gd32f30x_fmc.o(.text.fmc_word_program)
    gpio_bit_reset                           0x0800701d   Thumb Code     4  gd32f30x_gpio.o(.text.gpio_bit_reset)
    gpio_bit_set                             0x08007021   Thumb Code     4  gd32f30x_gpio.o(.text.gpio_bit_set)
    gpio_deinit                              0x08007025   Thumb Code    42  gd32f30x_gpio.o(.text.gpio_deinit)
    gpio_exti_source_select                  0x08007051   Thumb Code   130  gd32f30x_gpio.o(.text.gpio_exti_source_select)
    gpio_init                                0x080070d5   Thumb Code  1008  gd32f30x_gpio.o(.text.gpio_init)
    gpio_input_bit_get                       0x080074c5   Thumb Code    10  gd32f30x_gpio.o(.text.gpio_input_bit_get)
    gpio_pin_remap_config                    0x080074d1   Thumb Code   126  gd32f30x_gpio.o(.text.gpio_pin_remap_config)
    $Super$$main                             0x08007551   Thumb Code   808  main.o(.text.main)
    main_thread_entry                        0x08007949   Thumb Code    50  components.o(.text.main_thread_entry)
    nvic_irq_enable                          0x0800797d   Thumb Code   178  gd32f30x_misc.o(.text.nvic_irq_enable)
    nvic_priority_group_set                  0x08007a31   Thumb Code    20  gd32f30x_misc.o(.text.nvic_priority_group_set)
    rcu_ck48m_clock_config                   0x08007f4d   Thumb Code    20  gd32f30x_rcu.o(.text.rcu_ck48m_clock_config)
    rcu_clock_freq_get                       0x08007f61   Thumb Code   196  gd32f30x_rcu.o(.text.rcu_clock_freq_get)
    rcu_periph_clock_enable                  0x08008035   Thumb Code    30  gd32f30x_rcu.o(.text.rcu_periph_clock_enable)
    rcu_periph_reset_disable                 0x08008055   Thumb Code    32  gd32f30x_rcu.o(.text.rcu_periph_reset_disable)
    rcu_periph_reset_enable                  0x08008075   Thumb Code    30  gd32f30x_rcu.o(.text.rcu_periph_reset_enable)
    rcu_usb_clock_config                     0x08008095   Thumb Code    20  gd32f30x_rcu.o(.text.rcu_usb_clock_config)
    rt_components_board_init                 0x080080a9   Thumb Code    44  components.o(.text.rt_components_board_init)
    rt_enter_critical                        0x080080d5   Thumb Code    28  scheduler.o(.text.rt_enter_critical)
    rt_exit_critical                         0x080080f1   Thumb Code   150  scheduler.o(.text.rt_exit_critical)
    rt_free                                  0x08008189   Thumb Code   216  mem.o(.text.rt_free)
    rt_heap_begin_get                        0x080082ad   Thumb Code    10  board.o(.text.rt_heap_begin_get)
    rt_heap_end_get                          0x080082b9   Thumb Code    14  board.o(.text.rt_heap_end_get)
    rt_hw_board_init                         0x080082c9   Thumb Code  1488  board.o(.text.rt_hw_board_init)
    rt_hw_console_output                     0x080088c5   Thumb Code   110  msgthread.o(.text.rt_hw_console_output)
    rt_hw_hard_fault_exception               0x08008935   Thumb Code   260  cpuport.o(.text.rt_hw_hard_fault_exception)
    rt_hw_stack_init                         0x08008ad9   Thumb Code    66  cpuport.o(.text.rt_hw_stack_init)
    rt_interrupt_enter                       0x08008b1d   Thumb Code    28  irq.o(.text.rt_interrupt_enter)
    rt_interrupt_leave                       0x08008b39   Thumb Code    28  irq.o(.text.rt_interrupt_leave)
    rt_kprintf                               0x08008b55   Thumb Code    50  kservice.o(.text.rt_kprintf)
    rt_malloc                                0x08008b89   Thumb Code   394  mem.o(.text.rt_malloc)
    rt_mb_create                             0x08008d15   Thumb Code    82  ipc.o(.text.rt_mb_create)
    rt_mb_recv                               0x08008d69   Thumb Code   396  ipc.o(.text.rt_mb_recv)
    rt_mb_send                               0x08008ef5   Thumb Code     6  ipc.o(.text.rt_mb_send)
    rt_mb_send_wait                          0x08008efd   Thumb Code   374  ipc.o(.text.rt_mb_send_wait)
    rt_memset                                0x08009075   Thumb Code   246  kservice.o(.text.rt_memset)
    rt_mutex_create                          0x0800916d   Thumb Code    42  ipc.o(.text.rt_mutex_create)
    rt_mutex_release                         0x08009199   Thumb Code   178  ipc.o(.text.rt_mutex_release)
    rt_mutex_take                            0x0800924d   Thumb Code   342  ipc.o(.text.rt_mutex_take)
    rt_object_allocate                       0x080093a5   Thumb Code   142  object.o(.text.rt_object_allocate)
    rt_object_delete                         0x08009435   Thumb Code    44  object.o(.text.rt_object_delete)
    rt_object_detach                         0x08009461   Thumb Code    36  object.o(.text.rt_object_detach)
    rt_object_init                           0x08009485   Thumb Code   158  object.o(.text.rt_object_init)
    rt_object_is_systemobject                0x08009525   Thumb Code     6  object.o(.text.rt_object_is_systemobject)
    rt_schedule                              0x0800952d   Thumb Code   114  scheduler.o(.text.rt_schedule)
    rt_schedule_insert_thread                0x080095a1   Thumb Code    82  scheduler.o(.text.rt_schedule_insert_thread)
    rt_schedule_remove_thread                0x080095f5   Thumb Code    86  scheduler.o(.text.rt_schedule_remove_thread)
    rt_sem_create                            0x0800964d   Thumb Code    34  ipc.o(.text.rt_sem_create)
    rt_sem_init                              0x08009671   Thumb Code    32  ipc.o(.text.rt_sem_init)
    rt_sem_release                           0x08009691   Thumb Code    82  ipc.o(.text.rt_sem_release)
    rt_sem_take                              0x080096e5   Thumb Code   240  ipc.o(.text.rt_sem_take)
    rt_show_version                          0x080097d5   Thumb Code    48  kservice.o(.text.rt_show_version)
    rt_strncpy                               0x0800988d   Thumb Code   134  kservice.o(.text.rt_strncpy)
    rt_system_heap_init                      0x08009915   Thumb Code   120  mem.o(.text.rt_system_heap_init)
    rt_system_scheduler_init                 0x080099d1   Thumb Code   298  scheduler.o(.text.rt_system_scheduler_init)
    rt_system_scheduler_start                0x08009afd   Thumb Code    48  scheduler.o(.text.rt_system_scheduler_start)
    rt_system_timer_init                     0x08009b2d   Thumb Code    16  timer.o(.text.rt_system_timer_init)
    rt_system_timer_thread_init              0x08009b3d   Thumb Code     2  timer.o(.text.rt_system_timer_thread_init)
    rt_thread_control                        0x08009b41   Thumb Code   214  thread.o(.text.rt_thread_control)
    rt_thread_create                         0x08009c19   Thumb Code   176  thread.o(.text.rt_thread_create)
    rt_thread_delay                          0x08009cc9   Thumb Code    10  thread.o(.text.rt_thread_delay)
    rt_thread_delay_until                    0x08009cd5   Thumb Code   164  thread.o(.text.rt_thread_delay_until)
    rt_thread_delete                         0x08009d79   Thumb Code    96  thread.o(.text.rt_thread_delete)
    rt_thread_detach                         0x08009dd9   Thumb Code   116  thread.o(.text.rt_thread_detach)
    rt_thread_exit                           0x08009e4d   Thumb Code   122  thread.o(.text.rt_thread_exit)
    rt_thread_idle_init                      0x08009f09   Thumb Code    72  idle.o(.text.rt_thread_idle_init)
    rt_thread_init                           0x08009f59   Thumb Code   142  thread.o(.text.rt_thread_init)
    rt_thread_resume                         0x08009fe9   Thumb Code    70  thread.o(.text.rt_thread_resume)
    rt_thread_self                           0x0800a031   Thumb Code    12  thread.o(.text.rt_thread_self)
    rt_thread_sleep                          0x0800a03d   Thumb Code   120  thread.o(.text.rt_thread_sleep)
    rt_thread_startup                        0x0800a0b5   Thumb Code    92  thread.o(.text.rt_thread_startup)
    rt_thread_suspend                        0x0800a111   Thumb Code    66  thread.o(.text.rt_thread_suspend)
    rt_thread_timeout                        0x0800a155   Thumb Code    40  thread.o(.text.rt_thread_timeout)
    rt_thread_yield                          0x0800a17d   Thumb Code   100  thread.o(.text.rt_thread_yield)
    rt_tick_get                              0x0800a1e1   Thumb Code    12  clock.o(.text.rt_tick_get)
    rt_tick_increase                         0x0800a1ed   Thumb Code    52  clock.o(.text.rt_tick_increase)
    rt_timer_check                           0x0800a221   Thumb Code   392  timer.o(.text.rt_timer_check)
    rt_timer_control                         0x0800a3a9   Thumb Code   104  timer.o(.text.rt_timer_control)
    rt_timer_detach                          0x0800a411   Thumb Code    48  timer.o(.text.rt_timer_detach)
    rt_timer_init                            0x0800a441   Thumb Code    50  timer.o(.text.rt_timer_init)
    rt_timer_start                           0x0800a475   Thumb Code   210  timer.o(.text.rt_timer_start)
    rt_timer_stop                            0x0800a549   Thumb Code    56  timer.o(.text.rt_timer_stop)
    rt_vsnprintf                             0x0800a581   Thumb Code  2028  kservice.o(.text.rt_vsnprintf)
    serial_string_get                        0x0800ad85   Thumb Code   368  usbd_enum.o(.text.serial_string_get)
    spi_dma_enable                           0x0800aef5   Thumb Code    18  gd32f30x_spi.o(.text.spi_dma_enable)
    spi_enable                               0x0800af09   Thumb Code    10  gd32f30x_spi.o(.text.spi_enable)
    spi_i2s_data_receive                     0x0800af15   Thumb Code     6  gd32f30x_spi.o(.text.spi_i2s_data_receive)
    spi_i2s_data_transmit                    0x0800af1d   Thumb Code     4  gd32f30x_spi.o(.text.spi_i2s_data_transmit)
    spi_i2s_deinit                           0x0800af21   Thumb Code    76  gd32f30x_spi.o(.text.spi_i2s_deinit)
    spi_i2s_flag_get                         0x0800af6d   Thumb Code    10  gd32f30x_spi.o(.text.spi_i2s_flag_get)
    spi_init                                 0x0800af79   Thumb Code    52  gd32f30x_spi.o(.text.spi_init)
    spi_quad_disable                         0x0800afad   Thumb Code    14  gd32f30x_spi.o(.text.spi_quad_disable)
    timer_auto_reload_shadow_enable          0x0800afbd   Thumb Code    10  gd32f30x_timer.o(.text.timer_auto_reload_shadow_enable)
    timer_channel_output_config              0x0800afc9   Thumb Code   524  gd32f30x_timer.o(.text.timer_channel_output_config)
    timer_channel_output_mode_config         0x0800b1d5   Thumb Code    64  gd32f30x_timer.o(.text.timer_channel_output_mode_config)
    timer_channel_output_pulse_value_config  0x0800b215   Thumb Code    12  gd32f30x_timer.o(.text.timer_channel_output_pulse_value_config)
    timer_channel_output_shadow_config       0x0800b221   Thumb Code    64  gd32f30x_timer.o(.text.timer_channel_output_shadow_config)
    timer_deinit                             0x0800b261   Thumb Code   206  gd32f30x_timer.o(.text.timer_deinit)
    timer_enable                             0x0800b331   Thumb Code    10  gd32f30x_timer.o(.text.timer_enable)
    timer_init                               0x0800b33d   Thumb Code   182  gd32f30x_timer.o(.text.timer_init)
    usart_baudrate_set                       0x0800b3f5   Thumb Code   108  gd32f30x_usart.o(.text.usart_baudrate_set)
    usart_data_receive                       0x0800b461   Thumb Code     8  gd32f30x_usart.o(.text.usart_data_receive)
    usart_deinit                             0x0800b469   Thumb Code   130  gd32f30x_usart.o(.text.usart_deinit)
    usart_dma_receive_config                 0x0800b4ed   Thumb Code    20  gd32f30x_usart.o(.text.usart_dma_receive_config)
    usart_dma_transmit_config                0x0800b501   Thumb Code    20  gd32f30x_usart.o(.text.usart_dma_transmit_config)
    usart_enable                             0x0800b515   Thumb Code    10  gd32f30x_usart.o(.text.usart_enable)
    usart_flag_get                           0x0800b521   Thumb Code    16  gd32f30x_usart.o(.text.usart_flag_get)
    usart_interrupt_disable                  0x0800b531   Thumb Code    24  gd32f30x_usart.o(.text.usart_interrupt_disable)
    usart_interrupt_enable                   0x0800b549   Thumb Code    22  gd32f30x_usart.o(.text.usart_interrupt_enable)
    usart_interrupt_flag_clear               0x0800b561   Thumb Code    18  gd32f30x_usart.o(.text.usart_interrupt_flag_clear)
    usart_interrupt_flag_get                 0x0800b575   Thumb Code    34  gd32f30x_usart.o(.text.usart_interrupt_flag_get)
    usart_receive_config                     0x0800b599   Thumb Code    20  gd32f30x_usart.o(.text.usart_receive_config)
    usart_transmit_config                    0x0800b5ad   Thumb Code    20  gd32f30x_usart.o(.text.usart_transmit_config)
    usbd_class_request                       0x0800b5d5   Thumb Code    24  usbd_enum.o(.text.usbd_class_request)
    usbd_ep_recev                            0x0800b7e5   Thumb Code    42  usbd_core.o(.text.usbd_ep_recev)
    usbd_ep_send                             0x0800b895   Thumb Code    60  usbd_core.o(.text.usbd_ep_send)
    usbd_init                                0x0800bbc5   Thumb Code   114  usbd_core.o(.text.usbd_init)
    usbd_isr                                 0x0800bc39   Thumb Code   532  usbd_lld_int.o(.text.usbd_isr)
    usbd_standard_request                    0x0800be8d   Thumb Code    12  usbd_enum.o(.text.usbd_standard_request)
    usbd_vendor_request                      0x0800bee1   Thumb Code     4  usbd_enum.o(.text.usbd_vendor_request)
    __hardfp_acosf                           0x0800bee5   Thumb Code   234  acosf.o(i.__hardfp_acosf)
    __mathlib_flt_infnan                     0x0800bffd   Thumb Code     6  funder.o(i.__mathlib_flt_infnan)
    __mathlib_flt_invalid                    0x0800c005   Thumb Code    10  funder.o(i.__mathlib_flt_invalid)
    sqrtf                                    0x0800c015   Thumb Code    62  sqrtf.o(i.sqrtf)
    __aeabi_d2f                              0x0800c055   Thumb Code     0  d2f.o(x$fpl$d2f)
    _d2f                                     0x0800c055   Thumb Code    98  d2f.o(x$fpl$d2f)
    __aeabi_dadd                             0x0800c0b9   Thumb Code     0  daddsub_clz.o(x$fpl$dadd)
    _dadd                                    0x0800c0b9   Thumb Code   332  daddsub_clz.o(x$fpl$dadd)
    __aeabi_d2iz                             0x0800c209   Thumb Code     0  dfix.o(x$fpl$dfix)
    _dfix                                    0x0800c209   Thumb Code    94  dfix.o(x$fpl$dfix)
    __aeabi_ui2d                             0x0800c267   Thumb Code     0  dflt_clz.o(x$fpl$dfltu)
    _dfltu                                   0x0800c267   Thumb Code    38  dflt_clz.o(x$fpl$dfltu)
    __aeabi_dmul                             0x0800c28d   Thumb Code     0  dmul.o(x$fpl$dmul)
    _dmul                                    0x0800c28d   Thumb Code   332  dmul.o(x$fpl$dmul)
    __fpl_dnaninf                            0x0800c3e1   Thumb Code   156  dnaninf.o(x$fpl$dnaninf)
    __fpl_dretinf                            0x0800c47d   Thumb Code    12  dretinf.o(x$fpl$dretinf)
    __aeabi_dsub                             0x0800c489   Thumb Code     0  daddsub_clz.o(x$fpl$dsub)
    _dsub                                    0x0800c489   Thumb Code   472  daddsub_clz.o(x$fpl$dsub)
    __aeabi_f2d                              0x0800c665   Thumb Code     0  f2d.o(x$fpl$f2d)
    _f2d                                     0x0800c665   Thumb Code    86  f2d.o(x$fpl$f2d)
    __fpl_fnaninf                            0x0800c6bb   Thumb Code   140  fnaninf.o(x$fpl$fnaninf)
    _fp_init                                 0x0800c747   Thumb Code    26  fpinit.o(x$fpl$fpinit)
    __fplib_config_fpu_vfp                   0x0800c75f   Thumb Code     0  fpinit.o(x$fpl$fpinit)
    __fplib_config_pureend_doubles           0x0800c75f   Thumb Code     0  fpinit.o(x$fpl$fpinit)
    __fpl_fretinf                            0x0800c761   Thumb Code    10  fretinf.o(x$fpl$fretinf)
    CRC8_table                               0x0800c76a   Data         256  crc8.o(.rodata.CRC8_table)
    __I$use$fp                               0x0800c76a   Number         0  usenofp.o(x$fpl$usenofp)
    IMU_QuaternionEKF_F                      0x0800c86c   Data         144  quaternionekf.o(.rodata.IMU_QuaternionEKF_F)
    vtable for cIMU                          0x0800c8fc   Data          12  imu.o(.rodata._ZTV4cIMU)
    vtable for cMSG                          0x0800c908   Data          12  msgthread.o(.rodata._ZTV4cMSG)
    __lowest_bit_bitmap                      0x0800c914   Data         256  kservice.o(.rodata.__lowest_bit_bitmap)
    sinTable_f32                             0x0800ca1c   Data        2052  commontables.o(.rodata.sinTable_f32)
    __rt_init_rti_start                      0x0800d2c8   Data           4  components.o(.rti_fn.0)
    __rt_init_rti_board_start                0x0800d2cc   Data           4  components.o(.rti_fn.0.end)
    __rt_init_rti_board_end                  0x0800d2d0   Data           4  components.o(.rti_fn.1.end)
    __rt_init_rti_end                        0x0800d2d4   Data           4  components.o(.rti_fn.6.end)
    Region$$Table$$Base                      0x0800d2d8   Number         0  anon$$obj.o(Region$$Table)
    Region$$Table$$Limit                     0x0800d2f8   Number         0  anon$$obj.o(Region$$Table)
    cdc_class                                0x20000000   Data          32  cdc_acm_core.o(.data..L_MergedGlobals)
    cdc_config_desc                          0x20000020   Data          67  cdc_acm_core.o(.data..L_MergedGlobals)
    IMU                                      0x20000064   Data           4  imu.o(.data.IMU)
    IMU_QuaternionEKF_P                      0x20000068   Data         144  quaternionekf.o(.data.IMU_QuaternionEKF_P)
    SystemCoreClock                          0x200000f8   Data           4  system_gd32f30x.o(.data.SystemCoreClock)
    Transform                                0x200000fc   Data          24  data_exchange.o(.data.Transform)
    btable_ep                                0x20000114   Data           4  usbd_lld_core.o(.data.btable_ep)
    cdc_desc                                 0x20000118   Data          16  cdc_acm_core.o(.data.cdc_desc)
    cdc_dev_desc                             0x20000128   Data          18  cdc_acm_core.o(.data.cdc_dev_desc)
    tIMU                                     0x20000324   Data         172  imu.o(.data.tIMU)
    usbd_cdc_strings                         0x200003d0   Data          16  cdc_acm_core.o(.data.usbd_cdc_strings)
    usbd_drv_handler                         0x200003e0   Data          64  usbd_lld_core.o(.data.usbd_drv_handler)
    __libspace_start                         0x20000428   Data          96  libspace.o(.bss)
    LEDCal_thread                            0x20000488   Data           4  main.o(.bss..L_MergedGlobals)
    __temporary_stack_top$libspace           0x20000488   Data           0  libspace.o(.bss)
    LEDCAN_thread                            0x2000048c   Data           4  main.o(.bss..L_MergedGlobals)
    sizeof_float                             0x20000494   Data           2  kalman_filter.o(.bss..L_MergedGlobals)
    sizeof_double                            0x20000496   Data           2  kalman_filter.o(.bss..L_MergedGlobals)
    Msg                                      0x20000498   Data           4  msgthread.o(.bss..L_MergedGlobals)
    my_usb_dev                               0x2000049c   Data           4  msgthread.o(.bss..L_MergedGlobals)
    UART0_TxSem                              0x200004a0   Data           4  msgthread.o(.bss..L_MergedGlobals)
    UART0_RxSem                              0x200004a4   Data           4  msgthread.o(.bss..L_MergedGlobals)
    UART0_TxMut                              0x200004a8   Data           4  msgthread.o(.bss..L_MergedGlobals)
    USBD_Sem                                 0x200004ac   Data           4  msgthread.o(.bss..L_MergedGlobals)
    USB_TxMut                                0x200004b0   Data           4  msgthread.o(.bss..L_MergedGlobals)
    CAN_Sem                                  0x200004b4   Data           4  msgthread.o(.bss..L_MergedGlobals)
    qCtr                                     0x200004b8   Data           4  controller.o(.bss..L_MergedGlobals)
    LED                                      0x200004bc   Data           4  controller.o(.bss..L_MergedGlobals)
    Config_mailbox                           0x200004c0   Data           4  controller.o(.bss..L_MergedGlobals)
    DataOutput_thread                        0x200004c4   Data           4  controller.o(.bss..L_MergedGlobals)
    rt_current_priority                      0x20000500   Data           1  scheduler.o(.bss..L_MergedGlobals)
    rt_current_thread                        0x20000504   Data           4  scheduler.o(.bss..L_MergedGlobals)
    rt_thread_ready_priority_group           0x20000508   Data           4  scheduler.o(.bss..L_MergedGlobals)
    rt_thread_defunct                        0x2000050c   Data           8  scheduler.o(.bss..L_MergedGlobals)
    CAN_thread                               0x20000520   Data           4  msgthread.o(.bss.CAN_thread)
    ColotOff                                 0x20000524   Data           1  main.o(.bss.ColotOff)
    Config_thread                            0x20000528   Data           4  controller.o(.bss.Config_thread)
    IMUAHRS_thread                           0x2000052c   Data           4  imu.o(.bss.IMUAHRS_thread)
    IMUHeat_thread                           0x20000530   Data           4  imu.o(.bss.IMUHeat_thread)
    IMUSlaver_thread                         0x20000534   Data           4  imu.o(.bss.IMUSlaver_thread)
    IMU_INT1Sem                              0x20000538   Data           4  imu.o(.bss.IMU_INT1Sem)
    IMU_INT2Sem                              0x2000053c   Data           4  imu.o(.bss.IMU_INT2Sem)
    IMU_QuaternionEKF_H                      0x20000540   Data          72  quaternionekf.o(.bss.IMU_QuaternionEKF_H)
    IMU_QuaternionEKF_K                      0x20000588   Data          72  quaternionekf.o(.bss.IMU_QuaternionEKF_K)
    IMU_thread                               0x200005d0   Data           4  imu.o(.bss.IMU_thread)
    QEKF_INS                                 0x200005d8   Data         432  quaternionekf.o(.bss.QEKF_INS)
    UART_thread                              0x20000788   Data           4  msgthread.o(.bss.UART_thread)
    USBD_thread                              0x2000078c   Data           4  msgthread.o(.bss.USBD_thread)
    __cxa_new_handler                        0x20000790   Data           4  cxa_default_handlers.cpp.o(.bss.__cxa_new_handler)
    rt_interrupt_from_thread                 0x2000e864   Data           4  cpuport.o(.bss.rt_interrupt_from_thread)
    rt_interrupt_nest                        0x2000e868   Data           1  irq.o(.bss.rt_interrupt_nest)
    rt_interrupt_to_thread                   0x2000e86c   Data           4  cpuport.o(.bss.rt_interrupt_to_thread)
    rt_thread_priority_table                 0x2000e8f0   Data         256  scheduler.o(.bss.rt_thread_priority_table)
    rt_thread_switch_interrupt_flag          0x2000eaf0   Data           4  cpuport.o(.bss.rt_thread_switch_interrupt_flag)
    usbd_core                                0x2000eaf8   Data           8  usbd_lld_core.o(.bss.usbd_core)
    usbd_int_fops                            0x2000eb00   Data           4  usbd_core.o(.bss.usbd_int_fops)



==============================================================================

Memory Map of the image

  Image Entry point : 0x08000131

  Load Region LR_IROM1 (Base: 0x08000000, Size: 0x0000d720, Max: 0x00080000, ABSOLUTE, COMPRESSED[0x0000d468])

    Execution Region ER_IROM1 (Exec base: 0x08000000, Load base: 0x08000000, Size: 0x0000d2f8, Max: 0x00080000, ABSOLUTE)

    Exec Addr    Load Addr    Size         Type   Attr      Idx    E Section Name        Object

    0x08000000   0x08000000   0x00000130   Data   RO         1376    RESET               startup_gd32f30x_hd.o
    0x08000130   0x08000130   0x00000008   Code   RO         2830  * !!!main             c_w.l(__main.o)
    0x08000138   0x08000138   0x00000034   Code   RO         3507    !!!scatter          c_w.l(__scatter.o)
    0x0800016c   0x0800016c   0x0000005a   Code   RO         3505    !!dczerorl2         c_w.l(__dczerorl2.o)
    0x080001c6   0x080001c6   0x00000002   PAD
    0x080001c8   0x080001c8   0x0000001c   Code   RO         3509    !!handler_zi        c_w.l(__scatter_zi.o)
    0x080001e4   0x080001e4   0x00000002   Code   RO         3425    .ARM.Collect$$libinit$$00000000  c_w.l(libinit.o)
    0x080001e6   0x080001e6   0x00000004   Code   RO         3276    .ARM.Collect$$libinit$$00000001  c_w.l(libinit2.o)
    0x080001ea   0x080001ea   0x00000000   Code   RO         3279    .ARM.Collect$$libinit$$00000004  c_w.l(libinit2.o)
    0x080001ea   0x080001ea   0x00000000   Code   RO         3281    .ARM.Collect$$libinit$$00000006  c_w.l(libinit2.o)
    0x080001ea   0x080001ea   0x00000008   Code   RO         3282    .ARM.Collect$$libinit$$00000007  c_w.l(libinit2.o)
    0x080001f2   0x080001f2   0x00000000   Code   RO         3284    .ARM.Collect$$libinit$$0000000C  c_w.l(libinit2.o)
    0x080001f2   0x080001f2   0x00000000   Code   RO         3286    .ARM.Collect$$libinit$$0000000E  c_w.l(libinit2.o)
    0x080001f2   0x080001f2   0x00000000   Code   RO         3288    .ARM.Collect$$libinit$$00000010  c_w.l(libinit2.o)
    0x080001f2   0x080001f2   0x00000000   Code   RO         3291    .ARM.Collect$$libinit$$00000013  c_w.l(libinit2.o)
    0x080001f2   0x080001f2   0x00000000   Code   RO         3293    .ARM.Collect$$libinit$$00000015  c_w.l(libinit2.o)
    0x080001f2   0x080001f2   0x00000000   Code   RO         3295    .ARM.Collect$$libinit$$00000017  c_w.l(libinit2.o)
    0x080001f2   0x080001f2   0x00000000   Code   RO         3297    .ARM.Collect$$libinit$$00000019  c_w.l(libinit2.o)
    0x080001f2   0x080001f2   0x00000000   Code   RO         3299    .ARM.Collect$$libinit$$0000001B  c_w.l(libinit2.o)
    0x080001f2   0x080001f2   0x00000000   Code   RO         3301    .ARM.Collect$$libinit$$0000001D  c_w.l(libinit2.o)
    0x080001f2   0x080001f2   0x00000000   Code   RO         3303    .ARM.Collect$$libinit$$0000001F  c_w.l(libinit2.o)
    0x080001f2   0x080001f2   0x00000000   Code   RO         3305    .ARM.Collect$$libinit$$00000021  c_w.l(libinit2.o)
    0x080001f2   0x080001f2   0x00000000   Code   RO         3307    .ARM.Collect$$libinit$$00000023  c_w.l(libinit2.o)
    0x080001f2   0x080001f2   0x00000000   Code   RO         3309    .ARM.Collect$$libinit$$00000025  c_w.l(libinit2.o)
    0x080001f2   0x080001f2   0x00000000   Code   RO         3311    .ARM.Collect$$libinit$$00000027  c_w.l(libinit2.o)
    0x080001f2   0x080001f2   0x00000000   Code   RO         3315    .ARM.Collect$$libinit$$0000002E  c_w.l(libinit2.o)
    0x080001f2   0x080001f2   0x00000000   Code   RO         3317    .ARM.Collect$$libinit$$00000030  c_w.l(libinit2.o)
    0x080001f2   0x080001f2   0x00000000   Code   RO         3319    .ARM.Collect$$libinit$$00000032  c_w.l(libinit2.o)
    0x080001f2   0x080001f2   0x00000000   Code   RO         3321    .ARM.Collect$$libinit$$00000034  c_w.l(libinit2.o)
    0x080001f2   0x080001f2   0x00000002   Code   RO         3322    .ARM.Collect$$libinit$$00000035  c_w.l(libinit2.o)
    0x080001f4   0x080001f4   0x00000002   Code   RO         3502    .ARM.Collect$$libshutdown$$00000000  c_w.l(libshutdown.o)
    0x080001f6   0x080001f6   0x00000000   Code   RO         3473    .ARM.Collect$$libshutdown$$00000002  c_w.l(libshutdown2.o)
    0x080001f6   0x080001f6   0x00000000   Code   RO         3475    .ARM.Collect$$libshutdown$$00000004  c_w.l(libshutdown2.o)
    0x080001f6   0x080001f6   0x00000000   Code   RO         3478    .ARM.Collect$$libshutdown$$00000007  c_w.l(libshutdown2.o)
    0x080001f6   0x080001f6   0x00000000   Code   RO         3481    .ARM.Collect$$libshutdown$$0000000A  c_w.l(libshutdown2.o)
    0x080001f6   0x080001f6   0x00000000   Code   RO         3483    .ARM.Collect$$libshutdown$$0000000C  c_w.l(libshutdown2.o)
    0x080001f6   0x080001f6   0x00000000   Code   RO         3486    .ARM.Collect$$libshutdown$$0000000F  c_w.l(libshutdown2.o)
    0x080001f6   0x080001f6   0x00000002   Code   RO         3487    .ARM.Collect$$libshutdown$$00000010  c_w.l(libshutdown2.o)
    0x080001f8   0x080001f8   0x00000000   Code   RO         2945    .ARM.Collect$$rtentry$$00000000  c_w.l(__rtentry.o)
    0x080001f8   0x080001f8   0x00000000   Code   RO         3206    .ARM.Collect$$rtentry$$00000002  c_w.l(__rtentry2.o)
    0x080001f8   0x080001f8   0x00000006   Code   RO         3218    .ARM.Collect$$rtentry$$00000004  c_w.l(__rtentry4.o)
    0x080001fe   0x080001fe   0x00000000   Code   RO         3208    .ARM.Collect$$rtentry$$00000009  c_w.l(__rtentry2.o)
    0x080001fe   0x080001fe   0x00000004   Code   RO         3209    .ARM.Collect$$rtentry$$0000000A  c_w.l(__rtentry2.o)
    0x08000202   0x08000202   0x00000000   Code   RO         3211    .ARM.Collect$$rtentry$$0000000C  c_w.l(__rtentry2.o)
    0x08000202   0x08000202   0x00000008   Code   RO         3212    .ARM.Collect$$rtentry$$0000000D  c_w.l(__rtentry2.o)
    0x0800020a   0x0800020a   0x00000002   Code   RO         3430    .ARM.Collect$$rtexit$$00000000  c_w.l(rtexit.o)
    0x0800020c   0x0800020c   0x00000000   Code   RO         3458    .ARM.Collect$$rtexit$$00000002  c_w.l(rtexit2.o)
    0x0800020c   0x0800020c   0x00000004   Code   RO         3459    .ARM.Collect$$rtexit$$00000003  c_w.l(rtexit2.o)
    0x08000210   0x08000210   0x00000006   Code   RO         3460    .ARM.Collect$$rtexit$$00000004  c_w.l(rtexit2.o)
    0x08000216   0x08000216   0x00000002   PAD
    0x08000218   0x08000218   0x00000040   Code   RO         1377    .text               startup_gd32f30x_hd.o
    0x08000258   0x08000258   0x00000134   Code   RO         2309    .text               context_rvds.o
    0x0800038c   0x0800038c   0x0000008a   Code   RO         2818    .text               c_w.l(rt_memcpy_v6.o)
    0x08000416   0x08000416   0x00000064   Code   RO         2820    .text               c_w.l(rt_memcpy_w.o)
    0x0800047a   0x0800047a   0x00000010   Code   RO         2822    .text               c_w.l(aeabi_memset.o)
    0x0800048a   0x0800048a   0x00000044   Code   RO         2824    .text               c_w.l(rt_memclr.o)
    0x080004ce   0x080004ce   0x0000004e   Code   RO         2826    .text               c_w.l(rt_memclr_w.o)
    0x0800051c   0x0800051c   0x00000006   Code   RO         2828    .text               c_w.l(heapauxi.o)
    0x08000522   0x08000522   0x0000005e   Code   RO         2954    .text               c_w.l(h1_alloc.o)
    0x08000580   0x08000580   0x0000004e   Code   RO         2956    .text               c_w.l(h1_free.o)
    0x080005ce   0x080005ce   0x00000016   Code   RO         3018    .text               c_w.l(_rserrno.o)
    0x080005e4   0x080005e4   0x0000000c   Code   RO         3199    .text               c_w.l(sys_exit.o)
    0x080005f0   0x080005f0   0x00000008   Code   RO         3225    .text               c_w.l(rt_heap_descriptor_intlibspace.o)
    0x080005f8   0x080005f8   0x00000008   Code   RO         3230    .text               c_w.l(rt_errno_addr_intlibspace.o)
    0x08000600   0x08000600   0x00000004   Code   RO         3232    .text               c_w.l(hguard.o)
    0x08000604   0x08000604   0x0000008a   Code   RO         3234    .text               c_w.l(init_alloc.o)
    0x0800068e   0x0800068e   0x0000000e   Code   RO         3238    .text               c_w.l(h1_init.o)
    0x0800069c   0x0800069c   0x00000008   Code   RO         3344    .text               c_w.l(libspace.o)
    0x080006a4   0x080006a4   0x00000002   Code   RO         3347    .text               c_w.l(use_no_semi.o)
    0x080006a6   0x080006a6   0x00000000   Code   RO         3349    .text               c_w.l(indicate_semi.o)
    0x080006a6   0x080006a6   0x0000004a   Code   RO         3350    .text               c_w.l(sys_stackheap_outer.o)
    0x080006f0   0x080006f0   0x00000000   Code   RO         3363    .text               c_w.l(maybetermalloc1.o)
    0x080006f0   0x080006f0   0x00000034   Code   RO         3365    .text               c_w.l(h1_extend.o)
    0x08000724   0x08000724   0x00000012   Code   RO         3401    .text               c_w.l(exit.o)
    0x08000736   0x08000736   0x0000000a   Code   RO         3403    .text               c_w.l(defsig_exit.o)
    0x08000740   0x08000740   0x0000000e   Code   RO         3411    .text               c_w.l(defsig_rtmem_outer.o)
    0x0800074e   0x0800074e   0x00000032   Code   RO         3441    .text               c_w.l(defsig_general.o)
    0x08000780   0x08000780   0x00000050   Code   RO         3445    .text               c_w.l(defsig_rtmem_inner.o)
    0x080007d0   0x080007d0   0x0000000e   Code   RO         3453    .text               c_w.l(sys_wrch.o)
    0x080007de   0x080007de   0x00000002   PAD
    0x080007e0   0x080007e0   0x00000054   Code   RO         1964    .text.$Sub$$main    components.o
    0x08000834   0x08000834   0x00000002   Code   RO         1401    .text.BusFault_Handler  gd32f30x_it.o
    0x08000836   0x08000836   0x00000002   PAD
    0x08000838   0x08000838   0x00000034   Code   RO         1676    .text.CAN0_RX1_IRQHandler  msgthread.o
    0x0800086c   0x0800086c   0x00000038   Code   RO         1660    .text.DMA0_Channel3_IRQHandler  msgthread.o
    0x080008a4   0x080008a4   0x0000000e   Code   RO         1555    .text.DMA1_Channel1_IRQHandler  main.o
    0x080008b2   0x080008b2   0x00000002   PAD
    0x080008b4   0x080008b4   0x00000002   Code   RO         1407    .text.DebugMon_Handler  gd32f30x_it.o
    0x080008b6   0x080008b6   0x00000002   PAD
    0x080008b8   0x080008b8   0x00000026   Code   RO         1633    .text.EXTI3_IRQHandler  imu.o
    0x080008de   0x080008de   0x00000002   PAD
    0x080008e0   0x080008e0   0x00000026   Code   RO         1635    .text.EXTI4_IRQHandler  imu.o
    0x08000906   0x08000906   0x00000002   PAD
    0x08000908   0x08000908   0x000000be   Code   RO         1528    .text.Float_To_U16  data_exchange.o
    0x080009c6   0x080009c6   0x00000002   PAD
    0x080009c8   0x080009c8   0x0000008a   Code   RO         1532    .text.Float_To_U32  data_exchange.o
    0x08000a52   0x08000a52   0x00000002   PAD
    0x08000a54   0x08000a54   0x000000ae   Code   RO         1524    .text.Float_To_U8   data_exchange.o
    0x08000b02   0x08000b02   0x00000002   PAD
    0x08000b04   0x08000b04   0x000001b4   Code   RO         1601    .text.IMU_QuaternionEKF_F_Linearization_P_Fading  quaternionekf.o
    0x08000cb8   0x08000cb8   0x000000c6   Code   RO         1597    .text.IMU_QuaternionEKF_Init  quaternionekf.o
    0x08000d7e   0x08000d7e   0x00000002   PAD
    0x08000d80   0x08000d80   0x0000003c   Code   RO         1599    .text.IMU_QuaternionEKF_Observe  quaternionekf.o
    0x08000dbc   0x08000dbc   0x000000a4   Code   RO         1603    .text.IMU_QuaternionEKF_SetH  quaternionekf.o
    0x08000e60   0x08000e60   0x0000025c   Code   RO         1609    .text.IMU_QuaternionEKF_Update  quaternionekf.o
    0x080010bc   0x080010bc   0x000004b4   Code   RO         1605    .text.IMU_QuaternionEKF_xhatUpdate  quaternionekf.o
    0x08001570   0x08001570   0x000003e2   Code   RO         1570    .text.Kalman_Filter_Init  kalman_filter.o
    0x08001952   0x08001952   0x00000002   PAD
    0x08001954   0x08001954   0x00000208   Code   RO         1574    .text.Kalman_Filter_Measure  kalman_filter.o
    0x08001b5c   0x08001b5c   0x000000c0   Code   RO         1580    .text.Kalman_Filter_SetK  kalman_filter.o
    0x08001c1c   0x08001c1c   0x000003b8   Code   RO         1586    .text.Kalman_Filter_Update  kalman_filter.o
    0x08001fd4   0x08001fd4   0x00000002   Code   RO         1399    .text.MemManage_Handler  gd32f30x_it.o
    0x08001fd6   0x08001fd6   0x00000002   PAD
    0x08001fd8   0x08001fd8   0x00000002   Code   RO         1397    .text.NMI_Handler   gd32f30x_it.o
    0x08001fda   0x08001fda   0x00000002   PAD
    0x08001fdc   0x08001fdc   0x00000002   Code   RO         1405    .text.SVC_Handler   gd32f30x_it.o
    0x08001fde   0x08001fde   0x00000002   PAD
    0x08001fe0   0x08001fe0   0x00000012   Code   RO         1894    .text.SysTick_Handler  board.o
    0x08001ff2   0x08001ff2   0x00000002   PAD
    0x08001ff4   0x08001ff4   0x000000a0   Code   RO         1386    .text.SystemCoreClockUpdate  system_gd32f30x.o
    0x08002094   0x08002094   0x00000242   Code   RO         1384    .text.SystemInit    system_gd32f30x.o
    0x080022d6   0x080022d6   0x00000002   PAD
    0x080022d8   0x080022d8   0x000000d4   Code   RO         1530    .text.U16_To_Float  data_exchange.o
    0x080023ac   0x080023ac   0x0000007c   Code   RO         1534    .text.U32_To_Float  data_exchange.o
    0x08002428   0x08002428   0x00000082   Code   RO         1526    .text.U8_To_Float   data_exchange.o
    0x080024aa   0x080024aa   0x00000002   PAD
    0x080024ac   0x080024ac   0x00000084   Code   RO         1670    .text.USART0_IRQHandler  msgthread.o
    0x08002530   0x08002530   0x00000004   Code   RO         1666    .text.USBD_LP_CAN0_RX0_IRQHandler  msgthread.o
    0x08002534   0x08002534   0x00000008   Code   RO         1668    .text.USBD_WKUP_IRQHandler  msgthread.o
    0x0800253c   0x0800253c   0x00000002   Code   RO         1403    .text.UsageFault_Handler  gd32f30x_it.o
    0x0800253e   0x0800253e   0x00000002   PAD
    0x08002540   0x08002540   0x00000014   Code   RO         1627    .text._Z10IMU2ThreadPv  imu.o
    0x08002554   0x08002554   0x000000dc   Code   RO         1656    .text._Z10UARTThreadPv  msgthread.o
    0x08002630   0x08002630   0x000000b4   Code   RO         1662    .text._Z10USBDThreadPv  msgthread.o
    0x080026e4   0x080026e4   0x0000031c   Code   RO         1700    .text._Z12ConfigThreadPv  controller.o
    0x08002a00   0x08002a00   0x00000080   Code   RO         1629    .text._Z13IMUAHRSThreadPv  imu.o
    0x08002a80   0x08002a80   0x0000004c   Code   RO         1631    .text._Z13IMUHeatThreadPv  imu.o
    0x08002acc   0x08002acc   0x00000300   Code   RO         1704    .text._Z16DataOutputThreadPv  controller.o
    0x08002dcc   0x08002dcc   0x00000170   Code   RO         1672    .text._Z9CANThreadPv  msgthread.o
    0x08002f3c   0x08002f3c   0x000003f4   Code   RO         1625    .text._Z9IMUThreadPv  imu.o
    0x08003330   0x08003330   0x00000076   Code   RO         1549    .text._ZL12LEDCANThreadPv  main.o
    0x080033a6   0x080033a6   0x00000002   PAD
    0x080033a8   0x080033a8   0x000002b4   Code   RO         1553    .text._ZL15KeyActionThreadPv  main.o
    0x0800365c   0x0800365c   0x00000004   PAD
    0x08003660   0x08003660   0x00000204   Code   RO         1547    .text._ZL18LEDCalculateThreadPv  main.o
    0x08003864   0x08003864   0x0000002a   Code   RO         1702    .text._ZL18__NVIC_SystemResetv  controller.o
    0x0800388e   0x0800388e   0x00000002   PAD
    0x08003890   0x08003890   0x00000066   Code   RO         1551    .text._ZL9KeyThreadPv  main.o
    0x080038f6   0x080038f6   0x00000002   PAD
    0x080038f8   0x080038f8   0x00000042   Code   RO         1652    .text._ZN4cIMU8PID_InitEv  imu.o
    0x0800393a   0x0800393a   0x00000002   PAD
    0x0800393c   0x0800393c   0x00000048   Code   RO         1674    .text._ZN4cMSG5CANTxEtPhh  msgthread.o
    0x08003984   0x08003984   0x00000036   Code   RO         1664    .text._ZN4cMSG5USBTxEPhti  msgthread.o
    0x080039ba   0x080039ba   0x00000002   PAD
    0x080039bc   0x080039bc   0x00000044   Code   RO         1658    .text._ZN4cMSG6UartTxEPhti  msgthread.o
    0x08003a00   0x08003a00   0x00000042   Code   RO         1430    .text._ZN4cSPI12Transmit_DMAEPht  spi_gd.o
    0x08003a42   0x08003a42   0x00000002   PAD
    0x08003a44   0x08003a44   0x00000032   Code   RO         1428    .text._ZN4cSPI19SPI_ExchangeOneByteEh  spi_gd.o
    0x08003a76   0x08003a76   0x00000002   PAD
    0x08003a78   0x08003a78   0x0000002c   Code   RO         1432    .text._ZN4cSPI6IRQ_TxEv  spi_gd.o
    0x08003aa4   0x08003aa4   0x00000074   Code   RO         1448    .text._ZN5cUART11Recieve_DMAEPht  uart_gd.o
    0x08003b18   0x08003b18   0x00000042   Code   RO         1446    .text._ZN5cUART12Transmit_DMAEPht  uart_gd.o
    0x08003b5a   0x08003b5a   0x00000002   PAD
    0x08003b5c   0x08003b5c   0x00000008   Code   RO         1696    .text._ZN5cUART5DelayEv  msgthread.o
    0x08003b64   0x08003b64   0x0000002a   Code   RO         1464    .text._ZN7cWS281x13LED_UpdateDMAEP10LEDColor_tt  ws281x.o
    0x08003b8e   0x08003b8e   0x00000002   PAD
    0x08003b90   0x08003b90   0x0000019e   Code   RO         1460    .text._ZN7cWS281x15Color_TransformEP10LEDColor_tPht  ws281x.o
    0x08003d2e   0x08003d2e   0x00000002   PAD
    0x08003d30   0x08003d30   0x00000004   Code   RO         1458    .text._ZN7cWS281x4InitEPh  ws281x.o
    0x08003d34   0x08003d34   0x000000d8   Code   RO         1416    .text._ZN9PID_Inc_C7PID_CalEf  pid.o
    0x08003e0c   0x08003e0c   0x000000c4   Code   RO         1486    .text._ZN9cICM4268813ReadAccelGyroEv  icm42688.o
    0x08003ed0   0x08003ed0   0x00000024   Code   RO         1474    .text._ZN9cICM426887ReadRegEh  icm42688.o
    0x08003ef4   0x08003ef4   0x00000004   PAD
    0x08003ef8   0x08003ef8   0x0000008c   Code   RO         1488    .text._ZN9cICM426887ReadTemEv  icm42688.o
    0x08003f84   0x08003f84   0x00000022   Code   RO         1478    .text._ZN9cICM426888WriteRegEhh  icm42688.o
    0x08003fa6   0x08003fa6   0x0000000c   Code   RO         3155    .text._ZSt15get_new_handlerv  libcppabi_w.l(cxa_handlers.cpp.o)
    0x08003fb2   0x08003fb2   0x00000002   PAD
    0x08003fb4   0x08003fb4   0x00000026   Code   RO         2863    .text._Znwj         libcpp_w.l(new.cpp.o)
    0x08003fda   0x08003fda   0x00000002   PAD
    0x08003fdc   0x08003fdc   0x0000002a   Code   RO         1898    .text.__NVIC_SystemReset  board.o
    0x08004006   0x08004006   0x00000002   PAD
    0x08004008   0x08004008   0x00000038   Code   RO         2143    .text.__rt_ffs      kservice.o
    0x08004040   0x08004040   0x00000064   Code   RO         1786    .text._usb_in0_transc  usbd_transc.o
    0x080040a4   0x080040a4   0x0000004e   Code   RO         1784    .text._usb_out0_transc  usbd_transc.o
    0x080040f2   0x080040f2   0x00000002   PAD
    0x080040f4   0x080040f4   0x000000b2   Code   RO         1782    .text._usb_setup_transc  usbd_transc.o
    0x080041a6   0x080041a6   0x00000002   PAD
    0x080041a8   0x080041a8   0x0000007e   Code   RO         1741    .text._usb_std_clearfeature  usbd_enum.o
    0x08004226   0x08004226   0x00000002   PAD
    0x08004228   0x08004228   0x0000002c   Code   RO         1753    .text._usb_std_getconfiguration  usbd_enum.o
    0x08004254   0x08004254   0x000000dc   Code   RO         1749    .text._usb_std_getdescriptor  usbd_enum.o
    0x08004330   0x08004330   0x00000022   Code   RO         1757    .text._usb_std_getinterface  usbd_enum.o
    0x08004352   0x08004352   0x00000002   PAD
    0x08004354   0x08004354   0x00000094   Code   RO         1739    .text._usb_std_getstatus  usbd_enum.o
    0x080043e8   0x080043e8   0x00000004   Code   RO         1743    .text._usb_std_reserved  usbd_enum.o
    0x080043ec   0x080043ec   0x0000002a   Code   RO         1747    .text._usb_std_setaddress  usbd_enum.o
    0x08004416   0x08004416   0x00000002   PAD
    0x08004418   0x08004418   0x0000008a   Code   RO         1755    .text._usb_std_setconfiguration  usbd_enum.o
    0x080044a2   0x080044a2   0x00000002   PAD
    0x080044a4   0x080044a4   0x00000004   Code   RO         1751    .text._usb_std_setdescriptor  usbd_enum.o
    0x080044a8   0x080044a8   0x00000086   Code   RO         1745    .text._usb_std_setfeature  usbd_enum.o
    0x0800452e   0x0800452e   0x00000002   PAD
    0x08004530   0x08004530   0x00000022   Code   RO         1759    .text._usb_std_setinterface  usbd_enum.o
    0x08004552   0x08004552   0x00000002   PAD
    0x08004554   0x08004554   0x00000004   Code   RO         1761    .text._usb_std_synchframe  usbd_enum.o
    0x08004558   0x08004558   0x0000008c   Code   RO         2633    .text.arm_cos_f32   fastmathfunctions.o
    0x080045e4   0x080045e4   0x000000ee   Code   RO         2679    .text.arm_mat_add_f32  matrixfunctions.o
    0x080046d2   0x080046d2   0x00000002   PAD
    0x080046d4   0x080046d4   0x00000008   Code   RO         2693    .text.arm_mat_init_f32  matrixfunctions.o
    0x080046dc   0x080046dc   0x00000b04   Code   RO         2699    .text.arm_mat_inverse_f32  matrixfunctions.o
    0x080051e0   0x080051e0   0x00000348   Code   RO         2705    .text.arm_mat_mult_f32  matrixfunctions.o
    0x08005528   0x08005528   0x000000ee   Code   RO         2729    .text.arm_mat_sub_f32  matrixfunctions.o
    0x08005616   0x08005616   0x00000002   PAD
    0x08005618   0x08005618   0x0000020e   Code   RO         2735    .text.arm_mat_trans_f32  matrixfunctions.o
    0x08005826   0x08005826   0x00000002   PAD
    0x08005828   0x08005828   0x00000084   Code   RO         2639    .text.arm_sin_f32   fastmathfunctions.o
    0x080058ac   0x080058ac   0x00000082   Code   RO         1514    .text.cal_crc8_table  crc8.o
    0x0800592e   0x0800592e   0x00000002   PAD
    0x08005930   0x08005930   0x00000024   Code   RO          130    .text.can_deinit    gd32f30x_can.o
    0x08005954   0x08005954   0x000000b4   Code   RO          136    .text.can_filter_init  gd32f30x_can.o
    0x08005a08   0x08005a08   0x00000114   Code   RO          134    .text.can_init      gd32f30x_can.o
    0x08005b1c   0x08005b1c   0x00000008   Code   RO          174    .text.can_interrupt_enable  gd32f30x_can.o
    0x08005b24   0x08005b24   0x00000010   Code   RO          180    .text.can_interrupt_flag_clear  gd32f30x_can.o
    0x08005b34   0x08005b34   0x0000009c   Code   RO          154    .text.can_message_receive  gd32f30x_can.o
    0x08005bd0   0x08005bd0   0x00000098   Code   RO          148    .text.can_message_transmit  gd32f30x_can.o
    0x08005c68   0x08005c68   0x0000005e   Code   RO          132    .text.can_struct_para_init  gd32f30x_can.o
    0x08005cc6   0x08005cc6   0x00000002   PAD
    0x08005cc8   0x08005cc8   0x0000001c   Code   RO         1859    .text.cdc_acm_ctlx_out  cdc_acm_core.o
    0x08005ce4   0x08005ce4   0x0000002c   Code   RO         1861    .text.cdc_acm_data_in  cdc_acm_core.o
    0x08005d10   0x08005d10   0x00000032   Code   RO         1863    .text.cdc_acm_data_out  cdc_acm_core.o
    0x08005d42   0x08005d42   0x00000002   PAD
    0x08005d44   0x08005d44   0x0000002c   Code   RO         1855    .text.cdc_acm_deinit  cdc_acm_core.o
    0x08005d70   0x08005d70   0x0000008e   Code   RO         1853    .text.cdc_acm_init  cdc_acm_core.o
    0x08005dfe   0x08005dfe   0x00000002   PAD
    0x08005e00   0x08005e00   0x0000003e   Code   RO         1857    .text.cdc_acm_req_handler  cdc_acm_core.o
    0x08005e3e   0x08005e3e   0x00000002   PAD
    0x08005e40   0x08005e40   0x00000076   Code   RO          202    .text.crc_block_data_calculate  gd32f30x_crc.o
    0x08005eb6   0x08005eb6   0x00000002   PAD
    0x08005eb8   0x08005eb8   0x00000012   Code   RO          192    .text.crc_data_register_reset  gd32f30x_crc.o
    0x08005eca   0x08005eca   0x00000002   PAD
    0x08005ecc   0x08005ecc   0x00000026   Code   RO          360    .text.dma_channel_disable  gd32f30x_dma.o
    0x08005ef2   0x08005ef2   0x00000002   PAD
    0x08005ef4   0x08005ef4   0x00000026   Code   RO          358    .text.dma_channel_enable  gd32f30x_dma.o
    0x08005f1a   0x08005f1a   0x00000002   PAD
    0x08005f1c   0x08005f1c   0x00000026   Code   RO          352    .text.dma_circulation_disable  gd32f30x_dma.o
    0x08005f42   0x08005f42   0x00000002   PAD
    0x08005f44   0x08005f44   0x0000003e   Code   RO          344    .text.dma_deinit    gd32f30x_dma.o
    0x08005f82   0x08005f82   0x00000002   PAD
    0x08005f84   0x08005f84   0x00000076   Code   RO          348    .text.dma_init      gd32f30x_dma.o
    0x08005ffa   0x08005ffa   0x00000002   PAD
    0x08005ffc   0x08005ffc   0x00000024   Code   RO          394    .text.dma_interrupt_enable  gd32f30x_dma.o
    0x08006020   0x08006020   0x0000000e   Code   RO          392    .text.dma_interrupt_flag_clear  gd32f30x_dma.o
    0x0800602e   0x0800602e   0x00000002   PAD
    0x08006030   0x08006030   0x0000003a   Code   RO          390    .text.dma_interrupt_flag_get  gd32f30x_dma.o
    0x0800606a   0x0800606a   0x00000002   PAD
    0x0800606c   0x0800606c   0x00000020   Code   RO          364    .text.dma_memory_address_config  gd32f30x_dma.o
    0x0800608c   0x0800608c   0x00000026   Code   RO          356    .text.dma_memory_to_memory_disable  gd32f30x_dma.o
    0x080060b2   0x080060b2   0x00000002   PAD
    0x080060b4   0x080060b4   0x00000022   Code   RO          366    .text.dma_transfer_number_config  gd32f30x_dma.o
    0x080060d6   0x080060d6   0x00000002   PAD
    0x080060d8   0x080060d8   0x00000020   Code   RO          368    .text.dma_transfer_number_get  gd32f30x_dma.o
    0x080060f8   0x080060f8   0x0000000c   Code   RO          481    .text.exti_flag_clear  gd32f30x_exti.o
    0x08006104   0x08006104   0x00000012   Code   RO          479    .text.exti_flag_get  gd32f30x_exti.o
    0x08006116   0x08006116   0x00000002   PAD
    0x08006118   0x08006118   0x0000009e   Code   RO          465    .text.exti_init     gd32f30x_exti.o
    0x080061b6   0x080061b6   0x00000002   PAD
    0x080061b8   0x080061b8   0x00000012   Code   RO          469    .text.exti_interrupt_disable  gd32f30x_exti.o
    0x080061ca   0x080061ca   0x00000002   PAD
    0x080061cc   0x080061cc   0x00000010   Code   RO          467    .text.exti_interrupt_enable  gd32f30x_exti.o
    0x080061dc   0x080061dc   0x0000000c   Code   RO          485    .text.exti_interrupt_flag_clear  gd32f30x_exti.o
    0x080061e8   0x080061e8   0x00000080   Code   RO         1498    .text.fmc_erase_pages  flash_gd.o
    0x08006268   0x08006268   0x0000001e   Code   RO          555    .text.fmc_flag_clear  gd32f30x_fmc.o
    0x08006286   0x08006286   0x00000002   PAD
    0x08006288   0x08006288   0x0000002c   Code   RO          503    .text.fmc_lock      gd32f30x_fmc.o
    0x080062b4   0x080062b4   0x00000630   Code   RO          509    .text.fmc_page_erase  gd32f30x_fmc.o
    0x080068e4   0x080068e4   0x00000060   Code   RO         1500    .text.fmc_program   flash_gd.o
    0x08006944   0x08006944   0x0000006e   Code   RO         1504    .text.fmc_program_check  flash_gd.o
    0x080069b2   0x080069b2   0x00000002   PAD
    0x080069b4   0x080069b4   0x00000050   Code   RO          497    .text.fmc_unlock    gd32f30x_fmc.o
    0x08006a04   0x08006a04   0x00000618   Code   RO          521    .text.fmc_word_program  gd32f30x_fmc.o
    0x0800701c   0x0800701c   0x00000004   Code   RO          605    .text.gpio_bit_reset  gd32f30x_gpio.o
    0x08007020   0x08007020   0x00000004   Code   RO          603    .text.gpio_bit_set  gd32f30x_gpio.o
    0x08007024   0x08007024   0x0000002a   Code   RO          597    .text.gpio_deinit   gd32f30x_gpio.o
    0x0800704e   0x0800704e   0x00000002   PAD
    0x08007050   0x08007050   0x00000082   Code   RO          621    .text.gpio_exti_source_select  gd32f30x_gpio.o
    0x080070d2   0x080070d2   0x00000002   PAD
    0x080070d4   0x080070d4   0x000003f0   Code   RO          601    .text.gpio_init     gd32f30x_gpio.o
    0x080074c4   0x080074c4   0x0000000a   Code   RO          611    .text.gpio_input_bit_get  gd32f30x_gpio.o
    0x080074ce   0x080074ce   0x00000002   PAD
    0x080074d0   0x080074d0   0x0000007e   Code   RO          619    .text.gpio_pin_remap_config  gd32f30x_gpio.o
    0x0800754e   0x0800754e   0x00000002   PAD
    0x08007550   0x08007550   0x000003f8   Code   RO         1545    .text.main          main.o
    0x08007948   0x08007948   0x00000032   Code   RO         1968    .text.main_thread_entry  components.o
    0x0800797a   0x0800797a   0x00000002   PAD
    0x0800797c   0x0800797c   0x000000b2   Code   RO          715    .text.nvic_irq_enable  gd32f30x_misc.o
    0x08007a2e   0x08007a2e   0x00000002   PAD
    0x08007a30   0x08007a30   0x00000014   Code   RO          713    .text.nvic_priority_group_set  gd32f30x_misc.o
    0x08007a44   0x08007a44   0x00000508   Code   RO         2127    .text.print_number  kservice.o
    0x08007f4c   0x08007f4c   0x00000014   Code   RO          828    .text.rcu_ck48m_clock_config  gd32f30x_rcu.o
    0x08007f60   0x08007f60   0x000000d4   Code   RO          850    .text.rcu_clock_freq_get  gd32f30x_rcu.o
    0x08008034   0x08008034   0x0000001e   Code   RO          788    .text.rcu_periph_clock_enable  gd32f30x_rcu.o
    0x08008052   0x08008052   0x00000002   PAD
    0x08008054   0x08008054   0x00000020   Code   RO          798    .text.rcu_periph_reset_disable  gd32f30x_rcu.o
    0x08008074   0x08008074   0x0000001e   Code   RO          796    .text.rcu_periph_reset_enable  gd32f30x_rcu.o
    0x08008092   0x08008092   0x00000002   PAD
    0x08008094   0x08008094   0x00000014   Code   RO          824    .text.rcu_usb_clock_config  gd32f30x_rcu.o
    0x080080a8   0x080080a8   0x0000002c   Code   RO         1960    .text.rt_components_board_init  components.o
    0x080080d4   0x080080d4   0x0000001c   Code   RO         2220    .text.rt_enter_critical  scheduler.o
    0x080080f0   0x080080f0   0x00000096   Code   RO         2222    .text.rt_exit_critical  scheduler.o
    0x08008186   0x08008186   0x00000002   PAD
    0x08008188   0x08008188   0x00000124   Code   RO         2162    .text.rt_free       mem.o
    0x080082ac   0x080082ac   0x0000000a   Code   RO         1888    .text.rt_heap_begin_get  board.o
    0x080082b6   0x080082b6   0x00000002   PAD
    0x080082b8   0x080082b8   0x0000000e   Code   RO         1890    .text.rt_heap_end_get  board.o
    0x080082c6   0x080082c6   0x00000002   PAD
    0x080082c8   0x080082c8   0x000005fc   Code   RO         1892    .text.rt_hw_board_init  board.o
    0x080088c4   0x080088c4   0x0000006e   Code   RO         1682    .text.rt_hw_console_output  msgthread.o
    0x08008932   0x08008932   0x00000002   PAD
    0x08008934   0x08008934   0x000001a4   Code   RO         1914    .text.rt_hw_hard_fault_exception  cpuport.o
    0x08008ad8   0x08008ad8   0x00000042   Code   RO         1910    .text.rt_hw_stack_init  cpuport.o
    0x08008b1a   0x08008b1a   0x00000002   PAD
    0x08008b1c   0x08008b1c   0x0000001c   Code   RO         2076    .text.rt_interrupt_enter  irq.o
    0x08008b38   0x08008b38   0x0000001c   Code   RO         2078    .text.rt_interrupt_leave  irq.o
    0x08008b54   0x08008b54   0x00000032   Code   RO         2123    .text.rt_kprintf    kservice.o
    0x08008b86   0x08008b86   0x00000002   PAD
    0x08008b88   0x08008b88   0x0000018a   Code   RO         2158    .text.rt_malloc     mem.o
    0x08008d12   0x08008d12   0x00000002   PAD
    0x08008d14   0x08008d14   0x00000052   Code   RO         2038    .text.rt_mb_create  ipc.o
    0x08008d66   0x08008d66   0x00000002   PAD
    0x08008d68   0x08008d68   0x0000018c   Code   RO         2046    .text.rt_mb_recv    ipc.o
    0x08008ef4   0x08008ef4   0x00000006   Code   RO         2044    .text.rt_mb_send    ipc.o
    0x08008efa   0x08008efa   0x00000002   PAD
    0x08008efc   0x08008efc   0x00000176   Code   RO         2042    .text.rt_mb_send_wait  ipc.o
    0x08009072   0x08009072   0x00000002   PAD
    0x08009074   0x08009074   0x000000f6   Code   RO         2097    .text.rt_memset     kservice.o
    0x0800916a   0x0800916a   0x00000002   PAD
    0x0800916c   0x0800916c   0x0000002a   Code   RO         2024    .text.rt_mutex_create  ipc.o
    0x08009196   0x08009196   0x00000002   PAD
    0x08009198   0x08009198   0x000000b2   Code   RO         2030    .text.rt_mutex_release  ipc.o
    0x0800924a   0x0800924a   0x00000002   PAD
    0x0800924c   0x0800924c   0x00000156   Code   RO         2028    .text.rt_mutex_take  ipc.o
    0x080093a2   0x080093a2   0x00000002   PAD
    0x080093a4   0x080093a4   0x0000008e   Code   RO         2191    .text.rt_object_allocate  object.o
    0x08009432   0x08009432   0x00000002   PAD
    0x08009434   0x08009434   0x0000002c   Code   RO         2193    .text.rt_object_delete  object.o
    0x08009460   0x08009460   0x00000024   Code   RO         2189    .text.rt_object_detach  object.o
    0x08009484   0x08009484   0x0000009e   Code   RO         2187    .text.rt_object_init  object.o
    0x08009522   0x08009522   0x00000002   PAD
    0x08009524   0x08009524   0x00000006   Code   RO         2195    .text.rt_object_is_systemobject  object.o
    0x0800952a   0x0800952a   0x00000002   PAD
    0x0800952c   0x0800952c   0x00000072   Code   RO         2214    .text.rt_schedule   scheduler.o
    0x0800959e   0x0800959e   0x00000002   PAD
    0x080095a0   0x080095a0   0x00000052   Code   RO         2216    .text.rt_schedule_insert_thread  scheduler.o
    0x080095f2   0x080095f2   0x00000002   PAD
    0x080095f4   0x080095f4   0x00000056   Code   RO         2218    .text.rt_schedule_remove_thread  scheduler.o
    0x0800964a   0x0800964a   0x00000002   PAD
    0x0800964c   0x0800964c   0x00000022   Code   RO         2008    .text.rt_sem_create  ipc.o
    0x0800966e   0x0800966e   0x00000002   PAD
    0x08009670   0x08009670   0x00000020   Code   RO         2004    .text.rt_sem_init   ipc.o
    0x08009690   0x08009690   0x00000052   Code   RO         2016    .text.rt_sem_release  ipc.o
    0x080096e2   0x080096e2   0x00000002   PAD
    0x080096e4   0x080096e4   0x000000f0   Code   RO         2012    .text.rt_sem_take   ipc.o
    0x080097d4   0x080097d4   0x000000b8   Code   RO         2121    .text.rt_show_version  kservice.o
    0x0800988c   0x0800988c   0x00000086   Code   RO         2111    .text.rt_strncpy    kservice.o
    0x08009912   0x08009912   0x00000002   PAD
    0x08009914   0x08009914   0x000000bc   Code   RO         2156    .text.rt_system_heap_init  mem.o
    0x080099d0   0x080099d0   0x0000012a   Code   RO         2210    .text.rt_system_scheduler_init  scheduler.o
    0x08009afa   0x08009afa   0x00000002   PAD
    0x08009afc   0x08009afc   0x00000030   Code   RO         2212    .text.rt_system_scheduler_start  scheduler.o
    0x08009b2c   0x08009b2c   0x00000010   Code   RO         2297    .text.rt_system_timer_init  timer.o
    0x08009b3c   0x08009b3c   0x00000002   Code   RO         2299    .text.rt_system_timer_thread_init  timer.o
    0x08009b3e   0x08009b3e   0x00000002   PAD
    0x08009b40   0x08009b40   0x000000d6   Code   RO         2265    .text.rt_thread_control  thread.o
    0x08009c16   0x08009c16   0x00000002   PAD
    0x08009c18   0x08009c18   0x000000b0   Code   RO         2249    .text.rt_thread_create  thread.o
    0x08009cc8   0x08009cc8   0x0000000a   Code   RO         2259    .text.rt_thread_delay  thread.o
    0x08009cd2   0x08009cd2   0x00000002   PAD
    0x08009cd4   0x08009cd4   0x000000a4   Code   RO         2261    .text.rt_thread_delay_until  thread.o
    0x08009d78   0x08009d78   0x00000060   Code   RO         2251    .text.rt_thread_delete  thread.o
    0x08009dd8   0x08009dd8   0x00000074   Code   RO         2247    .text.rt_thread_detach  thread.o
    0x08009e4c   0x08009e4c   0x0000007a   Code   RO         2237    .text.rt_thread_exit  thread.o
    0x08009ec6   0x08009ec6   0x00000002   PAD
    0x08009ec8   0x08009ec8   0x0000003e   Code   RO         1990    .text.rt_thread_idle_entry  idle.o
    0x08009f06   0x08009f06   0x00000002   PAD
    0x08009f08   0x08009f08   0x00000050   Code   RO         1988    .text.rt_thread_idle_init  idle.o
    0x08009f58   0x08009f58   0x0000008e   Code   RO         2239    .text.rt_thread_init  thread.o
    0x08009fe6   0x08009fe6   0x00000002   PAD
    0x08009fe8   0x08009fe8   0x00000046   Code   RO         2245    .text.rt_thread_resume  thread.o
    0x0800a02e   0x0800a02e   0x00000002   PAD
    0x0800a030   0x0800a030   0x0000000c   Code   RO         2241    .text.rt_thread_self  thread.o
    0x0800a03c   0x0800a03c   0x00000078   Code   RO         2255    .text.rt_thread_sleep  thread.o
    0x0800a0b4   0x0800a0b4   0x0000005c   Code   RO         2243    .text.rt_thread_startup  thread.o
    0x0800a110   0x0800a110   0x00000042   Code   RO         2257    .text.rt_thread_suspend  thread.o
    0x0800a152   0x0800a152   0x00000002   PAD
    0x0800a154   0x0800a154   0x00000028   Code   RO         2267    .text.rt_thread_timeout  thread.o
    0x0800a17c   0x0800a17c   0x00000064   Code   RO         2253    .text.rt_thread_yield  thread.o
    0x0800a1e0   0x0800a1e0   0x0000000c   Code   RO         1935    .text.rt_tick_get   clock.o
    0x0800a1ec   0x0800a1ec   0x00000034   Code   RO         1939    .text.rt_tick_increase  clock.o
    0x0800a220   0x0800a220   0x00000188   Code   RO         2293    .text.rt_timer_check  timer.o
    0x0800a3a8   0x0800a3a8   0x00000068   Code   RO         2291    .text.rt_timer_control  timer.o
    0x0800a410   0x0800a410   0x00000030   Code   RO         2281    .text.rt_timer_detach  timer.o
    0x0800a440   0x0800a440   0x00000032   Code   RO         2279    .text.rt_timer_init  timer.o
    0x0800a472   0x0800a472   0x00000002   PAD
    0x0800a474   0x0800a474   0x000000d2   Code   RO         2287    .text.rt_timer_start  timer.o
    0x0800a546   0x0800a546   0x00000002   PAD
    0x0800a548   0x0800a548   0x00000038   Code   RO         2289    .text.rt_timer_stop  timer.o
    0x0800a580   0x0800a580   0x000007f4   Code   RO         2125    .text.rt_vsnprintf  kservice.o
    0x0800ad74   0x0800ad74   0x00000004   Code   RO         1956    .text.rti_board_end  components.o
    0x0800ad78   0x0800ad78   0x00000004   Code   RO         1954    .text.rti_board_start  components.o
    0x0800ad7c   0x0800ad7c   0x00000004   Code   RO         1958    .text.rti_end       components.o
    0x0800ad80   0x0800ad80   0x00000004   Code   RO         1952    .text.rti_start     components.o
    0x0800ad84   0x0800ad84   0x00000170   Code   RO         1737    .text.serial_string_get  usbd_enum.o
    0x0800aef4   0x0800aef4   0x00000012   Code   RO         1031    .text.spi_dma_enable  gd32f30x_spi.o
    0x0800af06   0x0800af06   0x00000002   PAD
    0x0800af08   0x0800af08   0x0000000a   Code   RO         1011    .text.spi_enable    gd32f30x_spi.o
    0x0800af12   0x0800af12   0x00000002   PAD
    0x0800af14   0x0800af14   0x00000006   Code   RO         1039    .text.spi_i2s_data_receive  gd32f30x_spi.o
    0x0800af1a   0x0800af1a   0x00000002   PAD
    0x0800af1c   0x0800af1c   0x00000004   Code   RO         1037    .text.spi_i2s_data_transmit  gd32f30x_spi.o
    0x0800af20   0x0800af20   0x0000004c   Code   RO         1005    .text.spi_i2s_deinit  gd32f30x_spi.o
    0x0800af6c   0x0800af6c   0x0000000a   Code   RO         1085    .text.spi_i2s_flag_get  gd32f30x_spi.o
    0x0800af76   0x0800af76   0x00000002   PAD
    0x0800af78   0x0800af78   0x00000034   Code   RO         1009    .text.spi_init      gd32f30x_spi.o
    0x0800afac   0x0800afac   0x0000000e   Code   RO         1069    .text.spi_quad_disable  gd32f30x_spi.o
    0x0800afba   0x0800afba   0x00000002   PAD
    0x0800afbc   0x0800afbc   0x0000000a   Code   RO         1105    .text.timer_auto_reload_shadow_enable  gd32f30x_timer.o
    0x0800afc6   0x0800afc6   0x00000002   PAD
    0x0800afc8   0x0800afc8   0x0000020c   Code   RO         1177    .text.timer_channel_output_config  gd32f30x_timer.o
    0x0800b1d4   0x0800b1d4   0x00000040   Code   RO         1179    .text.timer_channel_output_mode_config  gd32f30x_timer.o
    0x0800b214   0x0800b214   0x0000000c   Code   RO         1181    .text.timer_channel_output_pulse_value_config  gd32f30x_timer.o
    0x0800b220   0x0800b220   0x00000040   Code   RO         1183    .text.timer_channel_output_shadow_config  gd32f30x_timer.o
    0x0800b260   0x0800b260   0x000000ce   Code   RO         1095    .text.timer_deinit  gd32f30x_timer.o
    0x0800b32e   0x0800b32e   0x00000002   PAD
    0x0800b330   0x0800b330   0x0000000a   Code   RO         1101    .text.timer_enable  gd32f30x_timer.o
    0x0800b33a   0x0800b33a   0x00000002   PAD
    0x0800b33c   0x0800b33c   0x000000b6   Code   RO         1099    .text.timer_init    gd32f30x_timer.o
    0x0800b3f2   0x0800b3f2   0x00000002   PAD
    0x0800b3f4   0x0800b3f4   0x0000006c   Code   RO         1247    .text.usart_baudrate_set  gd32f30x_usart.o
    0x0800b460   0x0800b460   0x00000008   Code   RO         1275    .text.usart_data_receive  gd32f30x_usart.o
    0x0800b468   0x0800b468   0x00000082   Code   RO         1245    .text.usart_deinit  gd32f30x_usart.o
    0x0800b4ea   0x0800b4ea   0x00000002   PAD
    0x0800b4ec   0x0800b4ec   0x00000014   Code   RO         1329    .text.usart_dma_receive_config  gd32f30x_usart.o
    0x0800b500   0x0800b500   0x00000014   Code   RO         1331    .text.usart_dma_transmit_config  gd32f30x_usart.o
    0x0800b514   0x0800b514   0x0000000a   Code   RO         1255    .text.usart_enable  gd32f30x_usart.o
    0x0800b51e   0x0800b51e   0x00000002   PAD
    0x0800b520   0x0800b520   0x00000010   Code   RO         1333    .text.usart_flag_get  gd32f30x_usart.o
    0x0800b530   0x0800b530   0x00000018   Code   RO         1339    .text.usart_interrupt_disable  gd32f30x_usart.o
    0x0800b548   0x0800b548   0x00000016   Code   RO         1337    .text.usart_interrupt_enable  gd32f30x_usart.o
    0x0800b55e   0x0800b55e   0x00000002   PAD
    0x0800b560   0x0800b560   0x00000012   Code   RO         1343    .text.usart_interrupt_flag_clear  gd32f30x_usart.o
    0x0800b572   0x0800b572   0x00000002   PAD
    0x0800b574   0x0800b574   0x00000022   Code   RO         1341    .text.usart_interrupt_flag_get  gd32f30x_usart.o
    0x0800b596   0x0800b596   0x00000002   PAD
    0x0800b598   0x0800b598   0x00000014   Code   RO         1261    .text.usart_receive_config  gd32f30x_usart.o
    0x0800b5ac   0x0800b5ac   0x00000014   Code   RO         1259    .text.usart_transmit_config  gd32f30x_usart.o
    0x0800b5c0   0x0800b5c0   0x00000012   Code   RO         1802    .text.usbd_address_set  usbd_lld_core.o
    0x0800b5d2   0x0800b5d2   0x00000002   PAD
    0x0800b5d4   0x0800b5d4   0x00000018   Code   RO         1733    .text.usbd_class_request  usbd_enum.o
    0x0800b5ec   0x0800b5ec   0x0000001e   Code   RO         1796    .text.usbd_core_reset  usbd_lld_core.o
    0x0800b60a   0x0800b60a   0x00000002   PAD
    0x0800b60c   0x0800b60c   0x00000016   Code   RO         1798    .text.usbd_core_stop  usbd_lld_core.o
    0x0800b622   0x0800b622   0x00000002   PAD
    0x0800b624   0x0800b624   0x00000018   Code   RO         1800    .text.usbd_dp_pullup  usbd_lld_core.o
    0x0800b63c   0x0800b63c   0x000000c4   Code   RO         1820    .text.usbd_ep_data_read  usbd_lld_core.o
    0x0800b700   0x0800b700   0x00000094   Code   RO         1818    .text.usbd_ep_data_write  usbd_lld_core.o
    0x0800b794   0x0800b794   0x0000004e   Code   RO         1814    .text.usbd_ep_disable  usbd_lld_core.o
    0x0800b7e2   0x0800b7e2   0x00000002   PAD
    0x0800b7e4   0x0800b7e4   0x0000002a   Code   RO         1718    .text.usbd_ep_recev  usbd_core.o
    0x0800b80e   0x0800b80e   0x00000002   PAD
    0x0800b810   0x0800b810   0x00000064   Code   RO         1810    .text.usbd_ep_reset  usbd_lld_core.o
    0x0800b874   0x0800b874   0x00000020   Code   RO         1816    .text.usbd_ep_rx_enable  usbd_lld_core.o
    0x0800b894   0x0800b894   0x0000003c   Code   RO         1720    .text.usbd_ep_send  usbd_core.o
    0x0800b8d0   0x0800b8d0   0x000001bc   Code   RO         1812    .text.usbd_ep_setup  usbd_lld_core.o
    0x0800ba8c   0x0800ba8c   0x000000a0   Code   RO         1824    .text.usbd_ep_stall_clear  usbd_lld_core.o
    0x0800bb2c   0x0800bb2c   0x00000074   Code   RO         1822    .text.usbd_ep_stall_set  usbd_lld_core.o
    0x0800bba0   0x0800bba0   0x00000022   Code   RO         1826    .text.usbd_ep_status  usbd_lld_core.o
    0x0800bbc2   0x0800bbc2   0x00000002   PAD
    0x0800bbc4   0x0800bbc4   0x00000072   Code   RO         1716    .text.usbd_init     usbd_core.o
    0x0800bc36   0x0800bc36   0x00000002   PAD
    0x0800bc38   0x0800bc38   0x00000214   Code   RO         1843    .text.usbd_isr      usbd_lld_int.o
    0x0800be4c   0x0800be4c   0x0000001a   Code   RO         1806    .text.usbd_leave_suspend  usbd_lld_core.o
    0x0800be66   0x0800be66   0x00000002   PAD
    0x0800be68   0x0800be68   0x00000024   Code   RO         1808    .text.usbd_resume   usbd_lld_core.o
    0x0800be8c   0x0800be8c   0x00000040   Code   RO         1731    .text.usbd_standard_request  usbd_enum.o
    0x0800becc   0x0800becc   0x00000012   Code   RO         1804    .text.usbd_suspend  usbd_lld_core.o
    0x0800bede   0x0800bede   0x00000002   PAD
    0x0800bee0   0x0800bee0   0x00000004   Code   RO         1735    .text.usbd_vendor_request  usbd_enum.o
    0x0800bee4   0x0800bee4   0x00000118   Code   RO         2905    i.__hardfp_acosf    m_wm.l(acosf.o)
    0x0800bffc   0x0800bffc   0x00000006   Code   RO         3177    i.__mathlib_flt_infnan  m_wm.l(funder.o)
    0x0800c002   0x0800c002   0x00000002   PAD
    0x0800c004   0x0800c004   0x00000010   Code   RO         3179    i.__mathlib_flt_invalid  m_wm.l(funder.o)
    0x0800c014   0x0800c014   0x0000003e   Code   RO         3195    i.sqrtf             m_wm.l(sqrtf.o)
    0x0800c052   0x0800c052   0x00000002   PAD
    0x0800c054   0x0800c054   0x00000062   Code   RO         2832    x$fpl$d2f           fz_wm.l(d2f.o)
    0x0800c0b6   0x0800c0b6   0x00000002   PAD
    0x0800c0b8   0x0800c0b8   0x00000150   Code   RO         2834    x$fpl$dadd          fz_wm.l(daddsub_clz.o)
    0x0800c208   0x0800c208   0x0000005e   Code   RO         2846    x$fpl$dfix          fz_wm.l(dfix.o)
    0x0800c266   0x0800c266   0x00000026   Code   RO         2850    x$fpl$dfltu         fz_wm.l(dflt_clz.o)
    0x0800c28c   0x0800c28c   0x00000154   Code   RO         2856    x$fpl$dmul          fz_wm.l(dmul.o)
    0x0800c3e0   0x0800c3e0   0x0000009c   Code   RO         3121    x$fpl$dnaninf       fz_wm.l(dnaninf.o)
    0x0800c47c   0x0800c47c   0x0000000c   Code   RO         3123    x$fpl$dretinf       fz_wm.l(dretinf.o)
    0x0800c488   0x0800c488   0x000001dc   Code   RO         2836    x$fpl$dsub          fz_wm.l(daddsub_clz.o)
    0x0800c664   0x0800c664   0x00000056   Code   RO         2858    x$fpl$f2d           fz_wm.l(f2d.o)
    0x0800c6ba   0x0800c6ba   0x0000008c   Code   RO         3129    x$fpl$fnaninf       fz_wm.l(fnaninf.o)
    0x0800c746   0x0800c746   0x0000001a   Code   RO         3426    x$fpl$fpinit        fz_wm.l(fpinit.o)
    0x0800c760   0x0800c760   0x0000000a   Code   RO         3131    x$fpl$fretinf       fz_wm.l(fretinf.o)
    0x0800c76a   0x0800c76a   0x00000000   Code   RO         3141    x$fpl$usenofp       fz_wm.l(usenofp.o)
    0x0800c76a   0x0800c76a   0x00000100   Data   RO         1516    .rodata.CRC8_table  crc8.o
    0x0800c86a   0x0800c86a   0x00000002   PAD
    0x0800c86c   0x0800c86c   0x00000090   Data   RO         1612    .rodata.IMU_QuaternionEKF_F  quaternionekf.o
    0x0800c8fc   0x0800c8fc   0x0000000c   Data   RO         1654    .rodata._ZTV4cIMU   imu.o
    0x0800c908   0x0800c908   0x0000000c   Data   RO         1698    .rodata._ZTV4cMSG   msgthread.o
    0x0800c914   0x0800c914   0x00000100   Data   RO         2147    .rodata.__lowest_bit_bitmap  kservice.o
    0x0800ca14   0x0800ca14   0x00000008   Data   RO          862    .rodata.cst8        gd32f30x_rcu.o
    0x0800ca1c   0x0800ca1c   0x00000804   Data   RO         2553    .rodata.sinTable_f32  commontables.o
    0x0800d220   0x0800d220   0x0000000d   Data   RO         1559    .rodata.str1.1      main.o
    0x0800d22d   0x0800d22d   0x00000093   Data   RO         1921    .rodata.str1.1      cpuport.o
    0x0800d2c0   0x0800d2c0   0x00000005   Data   RO         1976    .rodata.str1.1      components.o
    0x0800d2c5   0x0800d2c5   0x00000003   PAD
    0x0800d2c8   0x0800d2c8   0x00000004   Data   RO         1972    .rti_fn.0           components.o
    0x0800d2cc   0x0800d2cc   0x00000004   Data   RO         1973    .rti_fn.0.end       components.o
    0x0800d2d0   0x0800d2d0   0x00000004   Data   RO         1974    .rti_fn.1.end       components.o
    0x0800d2d4   0x0800d2d4   0x00000004   Data   RO         1975    .rti_fn.6.end       components.o
    0x0800d2d8   0x0800d2d8   0x00000020   Data   RO         3504    Region$$Table       anon$$obj.o


    Execution Region RW_IRAM1 (Exec base: 0x20000000, Load base: 0x0800d2f8, Size: 0x0000f308, Max: 0x00010000, ABSOLUTE, COMPRESSED[0x00000170])

    Exec Addr    Load Addr    Size         Type   Attr      Idx    E Section Name        Object

    0x20000000   COMPRESSED   0x00000063   Data   RW         1879    .data..L_MergedGlobals  cdc_acm_core.o
    0x20000063   COMPRESSED   0x00000001   PAD
    0x20000064   COMPRESSED   0x00000004   Data   RW         1638    .data.IMU           imu.o
    0x20000068   COMPRESSED   0x00000090   Data   RW         1614    .data.IMU_QuaternionEKF_P  quaternionekf.o
    0x200000f8   COMPRESSED   0x00000004   Data   RW         1388    .data.SystemCoreClock  system_gd32f30x.o
    0x200000fc   COMPRESSED   0x00000018   Data   RW         1536    .data.Transform     data_exchange.o
    0x20000114   COMPRESSED   0x00000004   Data   RW         1830    .data.btable_ep     usbd_lld_core.o
    0x20000118   COMPRESSED   0x00000010   Data   RW         1875    .data.cdc_desc      cdc_acm_core.o
    0x20000128   COMPRESSED   0x00000012   Data   RW         1871    .data.cdc_dev_desc  cdc_acm_core.o
    0x2000013a   COMPRESSED   0x00000082   Data   RW         1876    .data.manufacturer_string  cdc_acm_core.o
    0x200001bc   COMPRESSED   0x00000082   Data   RW         1877    .data.product_string  cdc_acm_core.o
    0x2000023e   COMPRESSED   0x00000002   PAD
    0x20000240   COMPRESSED   0x00000060   Data   RW         2201    .data.rt_object_container  object.o
    0x200002a0   COMPRESSED   0x00000082   Data   RW         1873    .data.serial_string  cdc_acm_core.o
    0x20000322   COMPRESSED   0x00000002   PAD
    0x20000324   COMPRESSED   0x000000ac   Data   RW         1637    .data.tIMU          imu.o
    0x200003d0   COMPRESSED   0x00000010   Data   RW         1874    .data.usbd_cdc_strings  cdc_acm_core.o
    0x200003e0   COMPRESSED   0x00000040   Data   RW         1831    .data.usbd_drv_handler  usbd_lld_core.o
    0x20000420   COMPRESSED   0x00000004   Data   RW         1872    .data.usbd_language_id_desc  cdc_acm_core.o
    0x20000424   COMPRESSED   0x00000004   PAD
    0x20000428        -       0x00000060   Zero   RW         3345    .bss                c_w.l(libspace.o)
    0x20000488        -       0x0000000c   Zero   RW         1561    .bss..L_MergedGlobals  main.o
    0x20000494        -       0x00000004   Zero   RW         1588    .bss..L_MergedGlobals  kalman_filter.o
    0x20000498        -       0x00000020   Zero   RW         1688    .bss..L_MergedGlobals  msgthread.o
    0x200004b8        -       0x00000010   Zero   RW         1707    .bss..L_MergedGlobals  controller.o
    0x200004c8        -       0x00000038   Zero   RW         2168    .bss..L_MergedGlobals  mem.o
    0x20000500        -       0x00000014   Zero   RW         2227    .bss..L_MergedGlobals  scheduler.o
    0x20000514        -       0x0000000c   Zero   RW         2301    .bss..L_MergedGlobals  timer.o
    0x20000520        -       0x00000004   Zero   RW         1687    .bss.CAN_thread     msgthread.o
    0x20000524        -       0x00000001   Zero   RW         1557    .bss.ColotOff       main.o
    0x20000525   COMPRESSED   0x00000003   PAD
    0x20000528        -       0x00000004   Zero   RW         1706    .bss.Config_thread  controller.o
    0x2000052c        -       0x00000004   Zero   RW         1641    .bss.IMUAHRS_thread  imu.o
    0x20000530        -       0x00000004   Zero   RW         1642    .bss.IMUHeat_thread  imu.o
    0x20000534        -       0x00000004   Zero   RW         1640    .bss.IMUSlaver_thread  imu.o
    0x20000538        -       0x00000004   Zero   RW         1643    .bss.IMU_INT1Sem    imu.o
    0x2000053c        -       0x00000004   Zero   RW         1644    .bss.IMU_INT2Sem    imu.o
    0x20000540        -       0x00000048   Zero   RW         1616    .bss.IMU_QuaternionEKF_H  quaternionekf.o
    0x20000588        -       0x00000048   Zero   RW         1615    .bss.IMU_QuaternionEKF_K  quaternionekf.o
    0x200005d0        -       0x00000004   Zero   RW         1639    .bss.IMU_thread     imu.o
    0x200005d4   COMPRESSED   0x00000004   PAD
    0x200005d8        -       0x000001b0   Zero   RW         1611    .bss.QEKF_INS       quaternionekf.o
    0x20000788        -       0x00000004   Zero   RW         1684    .bss.UART_thread    msgthread.o
    0x2000078c        -       0x00000004   Zero   RW         1685    .bss.USBD_thread    msgthread.o
    0x20000790        -       0x00000004   Zero   RW         3338    .bss.__cxa_new_handler  libcppabi_w.l(cxa_default_handlers.cpp.o)
    0x20000794        -       0x00000002   Zero   RW         1763    .bss._usb_std_getstatus.status  usbd_enum.o
    0x20000796        -       0x00000001   Zero   RW         1764    .bss._usb_std_setconfiguration.config  usbd_enum.o
    0x20000797   COMPRESSED   0x00000001   PAD
    0x20000798        -       0x00000050   Zero   RW         1878    .bss.cdc_acm_init.cdc_handler  cdc_acm_core.o
    0x200007e8        -       0x00000078   Zero   RW         1994    .bss.idle           idle.o
    0x20000860        -       0x00000004   Zero   RW         1920    .bss.rt_exception_hook  cpuport.o
    0x20000864        -       0x0000e000   Zero   RW         1900    .bss.rt_heap        board.o
    0x2000e864        -       0x00000004   Zero   RW         1922    .bss.rt_interrupt_from_thread  cpuport.o
    0x2000e868        -       0x00000001   Zero   RW         2082    .bss.rt_interrupt_nest  irq.o
    0x2000e869   COMPRESSED   0x00000003   PAD
    0x2000e86c        -       0x00000004   Zero   RW         1923    .bss.rt_interrupt_to_thread  cpuport.o
    0x2000e870        -       0x00000080   Zero   RW         2146    .bss.rt_kprintf.rt_log_buf  kservice.o
    0x2000e8f0        -       0x00000100   Zero   RW         2226    .bss.rt_thread_priority_table  scheduler.o
    0x2000e9f0        -       0x00000100   Zero   RW         1995    .bss.rt_thread_stack  idle.o
    0x2000eaf0        -       0x00000004   Zero   RW         1924    .bss.rt_thread_switch_interrupt_flag  cpuport.o
    0x2000eaf4        -       0x00000004   Zero   RW         1943    .bss.rt_tick        clock.o
    0x2000eaf8        -       0x00000008   Zero   RW         1832    .bss.usbd_core      usbd_lld_core.o
    0x2000eb00        -       0x00000004   Zero   RW         1722    .bss.usbd_int_fops  usbd_core.o
    0x2000eb04   COMPRESSED   0x00000004   PAD
    0x2000eb08        -       0x00000400   Zero   RW         1375    HEAP                startup_gd32f30x_hd.o
    0x2000ef08        -       0x00000400   Zero   RW         1374    STACK               startup_gd32f30x_hd.o


==============================================================================

Image component sizes


      Code (inc. data)   RO Data    RW Data    ZI Data      Debug   Object Name

      1616         44          0          0      57344      10668   board.o
       370          0          0        543         80      10499   cdc_acm_core.o
        64          0          0          0          4       2629   clock.o
         0          0       2052          0          0      10495   commontables.o
       194          0         21          0          0       3617   components.o
       308         28          0          0          0        824   context_rvds.o
      1606         52          0          0         20      20169   controller.o
       486        160        147          0         16       3212   cpuport.o
       130          0        256          0          0       1195   crc8.o
       968          0          0         24          0       4685   data_exchange.o
       272         24          0          0          0      34564   fastmathfunctions.o
       334          0          0          0          0       2913   flash_gd.o
       918          6          0          0          0      13661   gd32f30x_can.o
       136          0          0          0          0       2005   gd32f30x_crc.o
       538          0          0          0          0       7927   gd32f30x_dma.o
       234          0          0          0          0       3263   gd32f30x_exti.o
      3298          0          0          0          0      52499   gd32f30x_fmc.o
      1324          0          0          0          0       7966   gd32f30x_gpio.o
        12          0          0          0          0        770   gd32f30x_it.o
       198          0          0          0          0       3534   gd32f30x_misc.o
       344         20          8          0          0      15508   gd32f30x_rcu.o
       190          0          0          0          0       8535   gd32f30x_spi.o
      1072         18          0          0          0      20345   gd32f30x_timer.o
       450          0          0          0          0      11544   gd32f30x_usart.o
       406         12          0          0          0       7168   icm42688.o
       142          8          0          0        376       3284   idle.o
      1378         20         12        176         24      20404   imu.o
      1808          0          0          0          0      25047   ipc.o
        56          0          0          0          1       1104   irq.o
      2658          0          0          0          4      10830   kalman_filter.o
      3994        432        256          0        128      26380   kservice.o
      2458        252         13          0         13      18622   main.o
      4670          8          0          0          0     188304   matrixfunctions.o
       874        144          0          0         56       5597   mem.o
      1332          8         12          0         44      20811   msgthread.o
       386          0          0         96          0       8268   object.o
       216          4          0          0          0      12995   pid.o
      2666         36        144        144        576       8769   quaternionekf.o
       806          0          0          0        276       6056   scheduler.o
       160          0          0          0          0       3293   spi_gd.o
        64         26        304          0       2048        996   startup_gd32f30x_hd.o
       738         16          0          4          0       2847   system_gd32f30x.o
      1540          0          0          0          0      10329   thread.o
       878          8          0          0         12       9043   timer.o
       182          0          0          0          0       7063   uart_gd.o
       216          0          0          0          4       5331   usbd_core.o
      1392         70          0          0          3      11578   usbd_enum.o
      1482         16          0         68          8       9561   usbd_lld_core.o
       532          0          0          0          0       5734   usbd_lld_int.o
       356          0          0          0          0       5707   usbd_transc.o
       460          0          0          0          0       5107   ws281x.o

    ----------------------------------------------------------------------
     47170       1412       3262       1060      61056     693255   Object Totals
         0          0         32          0          0          0   (incl. Generated)
       258          0          5          5         19          0   (incl. Padding)

    ----------------------------------------------------------------------

      Code (inc. data)   RO Data    RW Data    ZI Data      Debug   Library Member Name

        90          0          0          0          0          0   __dczerorl2.o
         8          0          0          0          0         68   __main.o
         0          0          0          0          0          0   __rtentry.o
        12          0          0          0          0          0   __rtentry2.o
         6          0          0          0          0          0   __rtentry4.o
        52          8          0          0          0          0   __scatter.o
        28          0          0          0          0          0   __scatter_zi.o
        22          0          0          0          0        100   _rserrno.o
        16          0          0          0          0         68   aeabi_memset.o
        10          0          0          0          0         68   defsig_exit.o
        50          0          0          0          0         88   defsig_general.o
        80         58          0          0          0         76   defsig_rtmem_inner.o
        14          0          0          0          0         80   defsig_rtmem_outer.o
        18          0          0          0          0         80   exit.o
        94          0          0          0          0         80   h1_alloc.o
        52          0          0          0          0         68   h1_extend.o
        78          0          0          0          0         80   h1_free.o
        14          0          0          0          0         84   h1_init.o
         6          0          0          0          0        152   heapauxi.o
         4          0          0          0          0        136   hguard.o
         0          0          0          0          0          0   indicate_semi.o
       138          0          0          0          0        168   init_alloc.o
         2          0          0          0          0          0   libinit.o
        14          0          0          0          0          0   libinit2.o
         2          0          0          0          0          0   libshutdown.o
         2          0          0          0          0          0   libshutdown2.o
         8          4          0          0         96         68   libspace.o
         0          0          0          0          0          0   maybetermalloc1.o
         8          4          0          0          0         68   rt_errno_addr_intlibspace.o
         8          4          0          0          0         68   rt_heap_descriptor_intlibspace.o
        68          0          0          0          0         68   rt_memclr.o
        78          0          0          0          0         80   rt_memclr_w.o
       138          0          0          0          0         68   rt_memcpy_v6.o
       100          0          0          0          0         80   rt_memcpy_w.o
         2          0          0          0          0          0   rtexit.o
        10          0          0          0          0          0   rtexit2.o
        12          4          0          0          0         68   sys_exit.o
        74          0          0          0          0         80   sys_stackheap_outer.o
        14          0          0          0          0         76   sys_wrch.o
         2          0          0          0          0         68   use_no_semi.o
        98          4          0          0          0        140   d2f.o
       812         16          0          0          0        392   daddsub_clz.o
        94          4          0          0          0        140   dfix.o
        38          0          0          0          0        116   dflt_clz.o
       340         12          0          0          0        152   dmul.o
       156          4          0          0          0        140   dnaninf.o
        12          0          0          0          0        116   dretinf.o
        86          4          0          0          0        132   f2d.o
       140          4          0          0          0        132   fnaninf.o
        26          0          0          0          0        116   fpinit.o
        10          0          0          0          0        116   fretinf.o
         0          0          0          0          0          0   usenofp.o
        38          0          0          0          0        380   new.cpp.o
         0          0          0          0          4          0   cxa_default_handlers.cpp.o
        12          0          0          0          0        132   cxa_handlers.cpp.o
       280         46          0          0          0        176   acosf.o
        22          6          0          0          0        232   funder.o
        62          0          0          0          0        136   sqrtf.o

    ----------------------------------------------------------------------
      3576        182          0          0        100       4936   Library Totals
        16          0          0          0          0          0   (incl. Padding)

    ----------------------------------------------------------------------

      Code (inc. data)   RO Data    RW Data    ZI Data      Debug   Library Name

      1334         82          0          0         96       2188   c_w.l
      1812         48          0          0          0       1692   fz_wm.l
        38          0          0          0          0        380   libcpp_w.l
        12          0          0          0          4        132   libcppabi_w.l
       364         52          0          0          0        544   m_wm.l

    ----------------------------------------------------------------------
      3576        182          0          0        100       4936   Library Totals

    ----------------------------------------------------------------------

==============================================================================


      Code (inc. data)   RO Data    RW Data    ZI Data      Debug   

     50746       1594       3262       1060      61156     694515   Grand Totals
     50746       1594       3262        368      61156     694515   ELF Image Totals (compressed)
     50746       1594       3262        368          0          0   ROM Totals

==============================================================================

    Total RO  Size (Code + RO Data)                54008 (  52.74kB)
    Total RW  Size (RW Data + ZI Data)             62216 (  60.76kB)
    Total ROM Size (Code + RO Data + RW Data)      54376 (  53.10kB)

==============================================================================

