Component: Arm Compiler for Embedded 6.19 Tool: armlink [5e73cb00]

==============================================================================

Section Cross References

    gd32f30x_adc.o(.text.adc_deinit) refers to gd32f30x_rcu.o(.text.rcu_periph_reset_enable) for rcu_periph_reset_enable
    gd32f30x_adc.o(.text.adc_deinit) refers to gd32f30x_rcu.o(.text.rcu_periph_reset_disable) for rcu_periph_reset_disable
    gd32f30x_adc.o(.ARM.exidx.text.adc_deinit) refers to gd32f30x_adc.o(.text.adc_deinit) for [Anonymous Symbol]
    gd32f30x_adc.o(.ARM.exidx.text.adc_enable) refers to gd32f30x_adc.o(.text.adc_enable) for [Anonymous Symbol]
    gd32f30x_adc.o(.ARM.exidx.text.adc_disable) refers to gd32f30x_adc.o(.text.adc_disable) for [Anonymous Symbol]
    gd32f30x_adc.o(.ARM.exidx.text.adc_calibration_enable) refers to gd32f30x_adc.o(.text.adc_calibration_enable) for [Anonymous Symbol]
    gd32f30x_adc.o(.ARM.exidx.text.adc_dma_mode_enable) refers to gd32f30x_adc.o(.text.adc_dma_mode_enable) for [Anonymous Symbol]
    gd32f30x_adc.o(.ARM.exidx.text.adc_dma_mode_disable) refers to gd32f30x_adc.o(.text.adc_dma_mode_disable) for [Anonymous Symbol]
    gd32f30x_adc.o(.ARM.exidx.text.adc_tempsensor_vrefint_enable) refers to gd32f30x_adc.o(.text.adc_tempsensor_vrefint_enable) for [Anonymous Symbol]
    gd32f30x_adc.o(.ARM.exidx.text.adc_tempsensor_vrefint_disable) refers to gd32f30x_adc.o(.text.adc_tempsensor_vrefint_disable) for [Anonymous Symbol]
    gd32f30x_adc.o(.ARM.exidx.text.adc_resolution_config) refers to gd32f30x_adc.o(.text.adc_resolution_config) for [Anonymous Symbol]
    gd32f30x_adc.o(.ARM.exidx.text.adc_discontinuous_mode_config) refers to gd32f30x_adc.o(.text.adc_discontinuous_mode_config) for [Anonymous Symbol]
    gd32f30x_adc.o(.ARM.exidx.text.adc_mode_config) refers to gd32f30x_adc.o(.text.adc_mode_config) for [Anonymous Symbol]
    gd32f30x_adc.o(.ARM.exidx.text.adc_special_function_config) refers to gd32f30x_adc.o(.text.adc_special_function_config) for [Anonymous Symbol]
    gd32f30x_adc.o(.ARM.exidx.text.adc_data_alignment_config) refers to gd32f30x_adc.o(.text.adc_data_alignment_config) for [Anonymous Symbol]
    gd32f30x_adc.o(.ARM.exidx.text.adc_channel_length_config) refers to gd32f30x_adc.o(.text.adc_channel_length_config) for [Anonymous Symbol]
    gd32f30x_adc.o(.ARM.exidx.text.adc_regular_channel_config) refers to gd32f30x_adc.o(.text.adc_regular_channel_config) for [Anonymous Symbol]
    gd32f30x_adc.o(.ARM.exidx.text.adc_inserted_channel_config) refers to gd32f30x_adc.o(.text.adc_inserted_channel_config) for [Anonymous Symbol]
    gd32f30x_adc.o(.ARM.exidx.text.adc_inserted_channel_offset_config) refers to gd32f30x_adc.o(.text.adc_inserted_channel_offset_config) for [Anonymous Symbol]
    gd32f30x_adc.o(.ARM.exidx.text.adc_external_trigger_config) refers to gd32f30x_adc.o(.text.adc_external_trigger_config) for [Anonymous Symbol]
    gd32f30x_adc.o(.ARM.exidx.text.adc_external_trigger_source_config) refers to gd32f30x_adc.o(.text.adc_external_trigger_source_config) for [Anonymous Symbol]
    gd32f30x_adc.o(.ARM.exidx.text.adc_software_trigger_enable) refers to gd32f30x_adc.o(.text.adc_software_trigger_enable) for [Anonymous Symbol]
    gd32f30x_adc.o(.ARM.exidx.text.adc_regular_data_read) refers to gd32f30x_adc.o(.text.adc_regular_data_read) for [Anonymous Symbol]
    gd32f30x_adc.o(.ARM.exidx.text.adc_inserted_data_read) refers to gd32f30x_adc.o(.text.adc_inserted_data_read) for [Anonymous Symbol]
    gd32f30x_adc.o(.ARM.exidx.text.adc_sync_mode_convert_value_read) refers to gd32f30x_adc.o(.text.adc_sync_mode_convert_value_read) for [Anonymous Symbol]
    gd32f30x_adc.o(.ARM.exidx.text.adc_flag_get) refers to gd32f30x_adc.o(.text.adc_flag_get) for [Anonymous Symbol]
    gd32f30x_adc.o(.ARM.exidx.text.adc_flag_clear) refers to gd32f30x_adc.o(.text.adc_flag_clear) for [Anonymous Symbol]
    gd32f30x_adc.o(.ARM.exidx.text.adc_interrupt_flag_get) refers to gd32f30x_adc.o(.text.adc_interrupt_flag_get) for [Anonymous Symbol]
    gd32f30x_adc.o(.ARM.exidx.text.adc_interrupt_flag_clear) refers to gd32f30x_adc.o(.text.adc_interrupt_flag_clear) for [Anonymous Symbol]
    gd32f30x_adc.o(.ARM.exidx.text.adc_interrupt_enable) refers to gd32f30x_adc.o(.text.adc_interrupt_enable) for [Anonymous Symbol]
    gd32f30x_adc.o(.ARM.exidx.text.adc_interrupt_disable) refers to gd32f30x_adc.o(.text.adc_interrupt_disable) for [Anonymous Symbol]
    gd32f30x_adc.o(.ARM.exidx.text.adc_watchdog_single_channel_enable) refers to gd32f30x_adc.o(.text.adc_watchdog_single_channel_enable) for [Anonymous Symbol]
    gd32f30x_adc.o(.ARM.exidx.text.adc_watchdog_group_channel_enable) refers to gd32f30x_adc.o(.text.adc_watchdog_group_channel_enable) for [Anonymous Symbol]
    gd32f30x_adc.o(.ARM.exidx.text.adc_watchdog_disable) refers to gd32f30x_adc.o(.text.adc_watchdog_disable) for [Anonymous Symbol]
[...]
    [Anonymous Symbol]                       0x08000db4   Section        0  ws281x.o(.text._ZN7cWS281x13LED_UpdateDMAEP10LEDColor_tt)
    [Anonymous Symbol]                       0x08000de0   Section        0  ws281x.o(.text._ZN7cWS281x15Color_TransformEP10LEDColor_tPht)
    [Anonymous Symbol]                       0x08000f80   Section        0  ws281x.o(.text._ZN7cWS281x4InitEPh)
    [Anonymous Symbol]                       0x08000f84   Section        0  cxa_handlers.cpp.o(.text._ZSt15get_new_handlerv)
    [Anonymous Symbol]                       0x08000f90   Section        0  new.cpp.o(.text._Znwj)
    [Anonymous Symbol]                       0x08000fb8   Section        0  kservice.o(.text.__rt_ffs)
    [Anonymous Symbol]                       0x08000ff0   Section        0  fastmathfunctions.o(.text.arm_cos_f32)
    [Anonymous Symbol]                       0x0800107c   Section        0  fastmathfunctions.o(.text.arm_sin_f32)
    [Anonymous Symbol]                       0x08001100   Section        0  gd32f30x_dma.o(.text.dma_channel_disable)
    [Anonymous Symbol]                       0x08001128   Section        0  gd32f30x_dma.o(.text.dma_channel_enable)
    [Anonymous Symbol]                       0x08001150   Section        0  gd32f30x_dma.o(.text.dma_circulation_disable)
    [Anonymous Symbol]                       0x08001178   Section        0  gd32f30x_dma.o(.text.dma_deinit)
    [Anonymous Symbol]                       0x080011b8   Section        0  gd32f30x_dma.o(.text.dma_init)
    [Anonymous Symbol]                       0x08001230   Section        0  gd32f30x_dma.o(.text.dma_interrupt_enable)
    [Anonymous Symbol]                       0x08001254   Section        0  gd32f30x_dma.o(.text.dma_interrupt_flag_clear)
    [Anonymous Symbol]                       0x08001264   Section        0  gd32f30x_dma.o(.text.dma_interrupt_flag_get)
    [Anonymous Symbol]                       0x080012a0   Section        0  gd32f30x_dma.o(.text.dma_memory_address_config)
    [Anonymous Symbol]                       0x080012c0   Section        0  gd32f30x_dma.o(.text.dma_memory_to_memory_disable)
    [Anonymous Symbol]                       0x080012e8   Section        0  gd32f30x_dma.o(.text.dma_transfer_number_config)
    [Anonymous Symbol]                       0x0800130c   Section        0  gd32f30x_gpio.o(.text.gpio_init)
    [Anonymous Symbol]                       0x080016fc   Section        0  main.o(.text.main)
    [Anonymous Symbol]                       0x08001a74   Section        0  components.o(.text.main_thread_entry)
    [Anonymous Symbol]                       0x08001aa8   Section        0  gd32f30x_misc.o(.text.nvic_irq_enable)
    [Anonymous Symbol]                       0x08001b5c   Section        0  gd32f30x_misc.o(.text.nvic_priority_group_set)
    print_number                             0x08001b71   Thumb Code  1248  kservice.o(.text.print_number)
    [Anonymous Symbol]                       0x08001b70   Section        0  kservice.o(.text.print_number)
    print_number.small_digits                0x08002050   Number         0  kservice.o(.text.print_number)
    print_number.large_digits                0x08002064   Number         0  kservice.o(.text.print_number)
    [Anonymous Symbol]                       0x08002078   Section        0  gd32f30x_rcu.o(.text.rcu_clock_freq_get)
    [Anonymous Symbol]                       0x0800214c   Section        0  gd32f30x_rcu.o(.text.rcu_periph_clock_enable)
    [Anonymous Symbol]                       0x0800216c   Section        0  gd32f30x_rcu.o(.text.rcu_periph_reset_disable)
    [Anonymous Symbol]                       0x0800218c   Section        0  gd32f30x_rcu.o(.text.rcu_periph_reset_enable)
    [Anonymous Symbol]                       0x080021ac   Section        0  components.o(.text.rt_components_board_init)
    [Anonymous Symbol]                       0x080021d8   Section        0  scheduler.o(.text.rt_enter_critical)
    [Anonymous Symbol]                       0x080021f4   Section        0  scheduler.o(.text.rt_exit_critical)
    [Anonymous Symbol]                       0x0800228c   Section        0  mem.o(.text.rt_free)
    [Anonymous Symbol]                       0x080023b0   Section        0  board.o(.text.rt_heap_begin_get)
    [Anonymous Symbol]                       0x080023bc   Section        0  board.o(.text.rt_heap_end_get)
    [Anonymous Symbol]                       0x080023cc   Section        0  board.o(.text.rt_hw_board_init)
    [Anonymous Symbol]                       0x08002430   Section        0  kservice.o(.text.rt_hw_console_output)
    [Anonymous Symbol]                       0x08002434   Section        0  cpuport.o(.text.rt_hw_hard_fault_exception)
    [Anonymous Symbol]                       0x080025d8   Section        0  cpuport.o(.text.rt_hw_stack_init)
    [Anonymous Symbol]                       0x0800261c   Section        0  irq.o(.text.rt_interrupt_enter)
    [Anonymous Symbol]                       0x08002638   Section        0  irq.o(.text.rt_interrupt_leave)
    [Anonymous Symbol]                       0x08002654   Section        0  kservice.o(.text.rt_kprintf)
    [Anonymous Symbol]                       0x08002688   Section        0  mem.o(.text.rt_malloc)
    [Anonymous Symbol]                       0x08002814   Section        0  kservice.o(.text.rt_memcpy)
    [Anonymous Symbol]                       0x08002a04   Section        0  kservice.o(.text.rt_memset)
    [Anonymous Symbol]                       0x08002afc   Section        0  ipc.o(.text.rt_mq_delete)
    [Anonymous Symbol]                       0x08002b6c   Section        0  ipc.o(.text.rt_mq_init)
    [Anonymous Symbol]                       0x08002c80   Section        0  ipc.o(.text.rt_mq_recv)
    [Anonymous Symbol]                       0x08002e3c   Section        0  ipc.o(.text.rt_mq_send)
    [Anonymous Symbol]                       0x08002e44   Section        0  ipc.o(.text.rt_mq_send_wait)
    [Anonymous Symbol]                       0x08003020   Section        0  object.o(.text.rt_object_allocate)
    [Anonymous Symbol]                       0x0800309c   Section        0  object.o(.text.rt_object_delete)
    [Anonymous Symbol]                       0x080030c8   Section        0  object.o(.text.rt_object_detach)
    [Anonymous Symbol]                       0x080030ec   Section        0  object.o(.text.rt_object_init)
    [Anonymous Symbol]                       0x08003178   Section        0  object.o(.text.rt_object_is_systemobject)
    [Anonymous Symbol]                       0x08003180   Section        0  scheduler.o(.text.rt_schedule)
    [Anonymous Symbol]                       0x080031f4   Section        0  scheduler.o(.text.rt_schedule_insert_thread)
    [Anonymous Symbol]                       0x08003248   Section        0  scheduler.o(.text.rt_schedule_remove_thread)
    [Anonymous Symbol]                       0x080032a0   Section        0  ipc.o(.text.rt_sem_create)
    [Anonymous Symbol]                       0x080032c4   Section        0  ipc.o(.text.rt_sem_init)
    [Anonymous Symbol]                       0x080032e4   Section        0  ipc.o(.text.rt_sem_release)
    [Anonymous Symbol]                       0x08003338   Section        0  ipc.o(.text.rt_sem_take)
    [Anonymous Symbol]                       0x08003428   Section        0  kservice.o(.text.rt_show_version)
    [Anonymous Symbol]                       0x080034e0   Section        0  kservice.o(.text.rt_strncpy)
    [Anonymous Symbol]                       0x08003568   Section        0  mem.o(.text.rt_system_heap_init)
    [Anonymous Symbol]                       0x08003624   Section        0  scheduler.o(.text.rt_system_scheduler_init)
    [Anonymous Symbol]                       0x08003750   Section        0  scheduler.o(.text.rt_system_scheduler_start)
    [Anonymous Symbol]                       0x08003780   Section        0  timer.o(.text.rt_system_timer_init)
    [Anonymous Symbol]                       0x08003790   Section        0  timer.o(.text.rt_system_timer_thread_init)
    [Anonymous Symbol]                       0x08003794   Section        0  thread.o(.text.rt_thread_create)
    [Anonymous Symbol]                       0x08003844   Section        0  thread.o(.text.rt_thread_delay)
    [Anonymous Symbol]                       0x08003850   Section        0  thread.o(.text.rt_thread_delay_until)
    [Anonymous Symbol]                       0x080038f4   Section        0  thread.o(.text.rt_thread_exit)
    rt_thread_idle_entry                     0x08003971   Thumb Code    62  idle.o(.text.rt_thread_idle_entry)
    [Anonymous Symbol]                       0x08003970   Section        0  idle.o(.text.rt_thread_idle_entry)
    [Anonymous Symbol]                       0x080039b0   Section        0  idle.o(.text.rt_thread_idle_init)
    [Anonymous Symbol]                       0x08003a00   Section        0  thread.o(.text.rt_thread_init)
    [Anonymous Symbol]                       0x08003a90   Section        0  thread.o(.text.rt_thread_resume)
    [Anonymous Symbol]                       0x08003ad8   Section        0  thread.o(.text.rt_thread_self)
    [Anonymous Symbol]                       0x08003ae4   Section        0  thread.o(.text.rt_thread_sleep)
    [Anonymous Symbol]                       0x08003b5c   Section        0  thread.o(.text.rt_thread_startup)
    [Anonymous Symbol]                       0x08003bb8   Section        0  thread.o(.text.rt_thread_suspend)
    [Anonymous Symbol]                       0x08003bfc   Section        0  thread.o(.text.rt_thread_timeout)
    [Anonymous Symbol]                       0x08003c24   Section        0  thread.o(.text.rt_thread_yield)
    [Anonymous Symbol]                       0x08003c88   Section        0  clock.o(.text.rt_tick_get)
    [Anonymous Symbol]                       0x08003c94   Section        0  clock.o(.text.rt_tick_increase)
    [Anonymous Symbol]                       0x08003cc8   Section        0  timer.o(.text.rt_timer_check)
    [Anonymous Symbol]                       0x08003e50   Section        0  timer.o(.text.rt_timer_control)
    [Anonymous Symbol]                       0x08003eb8   Section        0  timer.o(.text.rt_timer_detach)
    [Anonymous Symbol]                       0x08003ee8   Section        0  timer.o(.text.rt_timer_init)
    [Anonymous Symbol]                       0x08003f1c   Section        0  timer.o(.text.rt_timer_start)
    [Anonymous Symbol]                       0x08003ff0   Section        0  timer.o(.text.rt_timer_stop)
    [Anonymous Symbol]                       0x08004028   Section        0  kservice.o(.text.rt_vsnprintf)
    rti_board_end                            0x0800481d   Thumb Code     4  components.o(.text.rti_board_end)
    [Anonymous Symbol]                       0x0800481c   Section        0  components.o(.text.rti_board_end)
    rti_board_start                          0x08004821   Thumb Code     4  components.o(.text.rti_board_start)
    [Anonymous Symbol]                       0x08004820   Section        0  components.o(.text.rti_board_start)
    rti_end                                  0x08004825   Thumb Code     4  components.o(.text.rti_end)
    [Anonymous Symbol]                       0x08004824   Section        0  components.o(.text.rti_end)
    rti_start                                0x08004829   Thumb Code     4  components.o(.text.rti_start)
    [Anonymous Symbol]                       0x08004828   Section        0  components.o(.text.rti_start)
    [Anonymous Symbol]                       0x0800482c   Section        0  gd32f30x_spi.o(.text.spi_dma_enable)
    [Anonymous Symbol]                       0x08004840   Section        0  gd32f30x_spi.o(.text.spi_enable)
    [Anonymous Symbol]                       0x0800484c   Section        0  gd32f30x_spi.o(.text.spi_i2s_deinit)
    [Anonymous Symbol]                       0x08004898   Section        0  gd32f30x_spi.o(.text.spi_i2s_flag_get)
    [Anonymous Symbol]                       0x080048a4   Section        0  gd32f30x_spi.o(.text.spi_init)
    [Anonymous Symbol]                       0x080048d8   Section        0  gd32f30x_spi.o(.text.spi_quad_disable)
    [Anonymous Symbol]                       0x080048e8   Section        0  gd32f30x_usart.o(.text.usart_baudrate_set)
    [Anonymous Symbol]                       0x08004954   Section        0  gd32f30x_usart.o(.text.usart_deinit)
    [Anonymous Symbol]                       0x080049d8   Section        0  gd32f30x_usart.o(.text.usart_dma_receive_config)
    [Anonymous Symbol]                       0x080049ec   Section        0  gd32f30x_usart.o(.text.usart_dma_transmit_config)
    [Anonymous Symbol]                       0x08004a00   Section        0  gd32f30x_usart.o(.text.usart_enable)
    [Anonymous Symbol]                       0x08004a0c   Section        0  gd32f30x_usart.o(.text.usart_flag_get)
    [Anonymous Symbol]                       0x08004a1c   Section        0  gd32f30x_usart.o(.text.usart_interrupt_enable)
    [Anonymous Symbol]                       0x08004a34   Section        0  gd32f30x_usart.o(.text.usart_receive_config)
    [Anonymous Symbol]                       0x08004a48   Section        0  gd32f30x_usart.o(.text.usart_transmit_config)
    $v0                                      0x08004a5c   Number         0  fpinit.o(x$fpl$fpinit)
    x$fpl$fpinit                             0x08004a5c   Section       26  fpinit.o(x$fpl$fpinit)
    .L__const.rcu_clock_freq_get.apb2_exp    0x08004b84   Data           8  gd32f30x_rcu.o(.rodata.cst8)
    .L.str.17                                0x08005390   Data          26  cpuport.o(.rodata.str1.1)
    [Anonymous Symbol]                       0x08005390   Section        0  cpuport.o(.rodata.str1.1)
    .L.str.16                                0x080053aa   Data          29  cpuport.o(.rodata.str1.1)
    .L.str.18                                0x080053c7   Data          14  cpuport.o(.rodata.str1.1)
    .L.str.1                                 0x080053d5   Data          13  cpuport.o(.rodata.str1.1)
    .L.str.2                                 0x080053e2   Data          13  cpuport.o(.rodata.str1.1)
    .L.str.3                                 0x080053ef   Data          13  cpuport.o(.rodata.str1.1)
    .L.str.4                                 0x080053fc   Data          13  cpuport.o(.rodata.str1.1)
    .L.str.5                                 0x08005409   Data          13  cpuport.o(.rodata.str1.1)
    .L.str                                   0x08005416   Data          13  cpuport.o(.rodata.str1.1)
    .L.str                                   0x08005423   Data           5  components.o(.rodata.str1.1)
    [Anonymous Symbol]                       0x08005423   Section        0  components.o(.rodata.str1.1)
    __tagsym$$used.0                         0x08005428   Number         0  components.o(.rti_fn.0)
    __tagsym$$used.1                         0x0800542c   Number         0  components.o(.rti_fn.0.end)
    __tagsym$$used.2                         0x08005430   Number         0  components.o(.rti_fn.1.end)
    __tagsym$$used.3                         0x08005434   Number         0  components.o(.rti_fn.6.end)
    rt_object_container                      0x20000008   Data          64  object.o(.data.rt_object_container)
    [Anonymous Symbol]                       0x20000008   Section        0  object.o(.data.rt_object_container)
    .bss                                     0x20000048   Section       96  libspace.o(.bss)
    .L_MergedGlobals                         0x200000a8   Data          68  msgthread.o(.bss..L_MergedGlobals)
    [Anonymous Symbol]                       0x200000a8   Section        0  msgthread.o(.bss..L_MergedGlobals)
    .L_MergedGlobals                         0x200000ec   Data          56  mem.o(.bss..L_MergedGlobals)
    mem_size_aligned                         0x200000ec   Data           4  mem.o(.bss..L_MergedGlobals)
    [Anonymous Symbol]                       0x200000ec   Section        0  mem.o(.bss..L_MergedGlobals)
    heap_ptr                                 0x200000f0   Data           4  mem.o(.bss..L_MergedGlobals)
    heap_end                                 0x200000f4   Data           4  mem.o(.bss..L_MergedGlobals)
    lfree                                    0x200000f8   Data           4  mem.o(.bss..L_MergedGlobals)
    used_mem                                 0x200000fc   Data           4  mem.o(.bss..L_MergedGlobals)
    max_mem                                  0x20000100   Data           4  mem.o(.bss..L_MergedGlobals)
    heap_sem                                 0x20000104   Data          32  mem.o(.bss..L_MergedGlobals)
    .L_MergedGlobals                         0x20000124   Data          20  scheduler.o(.bss..L_MergedGlobals)
    [Anonymous Symbol]                       0x20000124   Section        0  scheduler.o(.bss..L_MergedGlobals)
    rt_scheduler_lock_nest                   0x20000126   Data           2  scheduler.o(.bss..L_MergedGlobals)
    .L_MergedGlobals                         0x20000138   Data          12  timer.o(.bss..L_MergedGlobals)
    rt_timer_start.random_nr                 0x20000138   Data           4  timer.o(.bss..L_MergedGlobals)
    [Anonymous Symbol]                       0x20000138   Section        0  timer.o(.bss..L_MergedGlobals)
    rt_timer_list                            0x2000013c   Data           8  timer.o(.bss..L_MergedGlobals)
    UART0_TxMSG_POOL                         0x20000164   Data        2048  main.o(.bss._ZL16UART0_TxMSG_POOL)
    [Anonymous Symbol]                       0x20000164   Section        0  main.o(.bss._ZL16UART0_TxMSG_POOL)
    idle                                     0x20000968   Data         120  idle.o(.bss.idle)
    [Anonymous Symbol]                       0x20000968   Section        0  idle.o(.bss.idle)
    rt_exception_hook                        0x200009e0   Data           4  cpuport.o(.bss.rt_exception_hook)
    [Anonymous Symbol]                       0x200009e0   Section        0  cpuport.o(.bss.rt_exception_hook)
    rt_heap                                  0x200009e4   Data       16384  board.o(.bss.rt_heap)
    [Anonymous Symbol]                       0x200009e4   Section        0  board.o(.bss.rt_heap)
    rt_kprintf.rt_log_buf                    0x200049f0   Data         128  kservice.o(.bss.rt_kprintf.rt_log_buf)
    [Anonymous Symbol]                       0x200049f0   Section        0  kservice.o(.bss.rt_kprintf.rt_log_buf)
    rt_thread_stack                          0x20004b70   Data         256  idle.o(.bss.rt_thread_stack)
    [Anonymous Symbol]                       0x20004b70   Section        0  idle.o(.bss.rt_thread_stack)
    rt_tick                                  0x20004c74   Data           4  clock.o(.bss.rt_tick)
    [Anonymous Symbol]                       0x20004c74   Section        0  clock.o(.bss.rt_tick)
    Heap_Mem                                 0x20004c78   Data        1024  startup_gd32f30x_hd.o(HEAP)
    HEAP                                     0x20004c78   Section     1024  startup_gd32f30x_hd.o(HEAP)
    Stack_Mem                                0x20005078   Data        1024  startup_gd32f30x_hd.o(STACK)
    STACK                                    0x20005078   Section     1024  startup_gd32f30x_hd.o(STACK)
    __initial_sp                             0x20005478   Data           0  startup_gd32f30x_hd.o(STACK)

    Global Symbols

    Symbol Name                              Value     Ov Type        Size  Object(Section)

    BuildAttributes$$THM_ISAv4$E$P$D$K$B$S$7EM$VFPi3$EXTD16$VFPS$VFMA$PE$A:L22UL41UL21$X:L11$S22US41US21$IEEE1$IW$~IW$USESV6$~STKCKD$USESV7$~SHL$OTIME$ROPI$IEEEX$EBA8$UX$STANDARDLIB$REQ8$PRES8$EABIv2 0x00000000   Number         0  anon$$obj.o ABSOLUTE
    __ARM_exceptions_init                     - Undefined Weak Reference
    __alloca_initialize                       - Undefined Weak Reference
    __arm_preinit_                            - Undefined Weak Reference
    __arm_relocate_pie_                       - Undefined Weak Reference
    __cpp_initialize__aeabi_                  - Undefined Weak Reference
    __cxa_finalize                            - Undefined Weak Reference
    __rt_locale                               - Undefined Weak Reference
    __sigvec_lookup                           - Undefined Weak Reference
    __user_heap_extent                        - Undefined Weak Reference
    _atexit_init                              - Undefined Weak Reference
    _call_atexit_fns                          - Undefined Weak Reference
    _clock_init                               - Undefined Weak Reference
    _fp_trap_init                             - Undefined Weak Reference
    _fp_trap_shutdown                         - Undefined Weak Reference
    _get_lc_collate                           - Undefined Weak Reference
    _get_lc_ctype                             - Undefined Weak Reference
    _get_lc_monetary                          - Undefined Weak Reference
    _get_lc_numeric                           - Undefined Weak Reference
    _get_lc_time                              - Undefined Weak Reference
    _getenv_init                              - Undefined Weak Reference
    _handle_redirection                       - Undefined Weak Reference
    _initio                                   - Undefined Weak Reference
    _mutex_acquire                            - Undefined Weak Reference
    _mutex_free                               - Undefined Weak Reference
    _mutex_release                            - Undefined Weak Reference
    _rand_init                                - Undefined Weak Reference
    _signal_finish                            - Undefined Weak Reference
    _signal_init                              - Undefined Weak Reference
    _terminateio                              - Undefined Weak Reference
    __Vectors_Size                           0x00000130   Number         0  startup_gd32f30x_hd.o ABSOLUTE
    __Vectors                                0x08000000   Data           4  startup_gd32f30x_hd.o(RESET)
    __Vectors_End                            0x08000130   Data           0  startup_gd32f30x_hd.o(RESET)
    __main                                   0x08000131   Thumb Code     8  __main.o(!!!main)
    __scatterload                            0x08000139   Thumb Code     0  __scatter.o(!!!scatter)
    __scatterload_rt2                        0x08000139   Thumb Code    44  __scatter.o(!!!scatter)
    __scatterload_rt2_thumb_only             0x08000139   Thumb Code     0  __scatter.o(!!!scatter)
    __scatterload_null                       0x08000147   Thumb Code     0  __scatter.o(!!!scatter)
    __scatterload_copy                       0x0800016d   Thumb Code    26  __scatter_copy.o(!!handler_copy)
    __scatterload_zeroinit                   0x08000189   Thumb Code    28  __scatter_zi.o(!!handler_zi)
    __rt_lib_init                            0x080001a5   Thumb Code     0  libinit.o(.ARM.Collect$$libinit$$00000000)
    __rt_lib_init_fp_1                       0x080001a7   Thumb Code     0  libinit2.o(.ARM.Collect$$libinit$$00000001)
    __rt_lib_init_heap_2                     0x080001ab   Thumb Code     0  libinit2.o(.ARM.Collect$$libinit$$00000007)
    __rt_lib_init_preinit_1                  0x080001ab   Thumb Code     0  libinit2.o(.ARM.Collect$$libinit$$00000006)
    __rt_lib_init_relocate_pie_1             0x080001ab   Thumb Code     0  libinit2.o(.ARM.Collect$$libinit$$00000004)
    __rt_lib_init_alloca_1                   0x080001b3   Thumb Code     0  libinit2.o(.ARM.Collect$$libinit$$00000030)
    __rt_lib_init_argv_1                     0x080001b3   Thumb Code     0  libinit2.o(.ARM.Collect$$libinit$$0000002E)
    __rt_lib_init_atexit_1                   0x080001b3   Thumb Code     0  libinit2.o(.ARM.Collect$$libinit$$0000001D)
    __rt_lib_init_clock_1                    0x080001b3   Thumb Code     0  libinit2.o(.ARM.Collect$$libinit$$00000023)
    __rt_lib_init_cpp_1                      0x080001b3   Thumb Code     0  libinit2.o(.ARM.Collect$$libinit$$00000034)
    __rt_lib_init_exceptions_1               0x080001b3   Thumb Code     0  libinit2.o(.ARM.Collect$$libinit$$00000032)
    __rt_lib_init_fp_trap_1                  0x080001b3   Thumb Code     0  libinit2.o(.ARM.Collect$$libinit$$00000021)
    __rt_lib_init_getenv_1                   0x080001b3   Thumb Code     0  libinit2.o(.ARM.Collect$$libinit$$00000025)
    __rt_lib_init_heap_1                     0x080001b3   Thumb Code     0  libinit2.o(.ARM.Collect$$libinit$$0000000C)
    __rt_lib_init_lc_collate_1               0x080001b3   Thumb Code     0  libinit2.o(.ARM.Collect$$libinit$$00000013)
    __rt_lib_init_lc_ctype_1                 0x080001b3   Thumb Code     0  libinit2.o(.ARM.Collect$$libinit$$00000015)
    __rt_lib_init_lc_monetary_1              0x080001b3   Thumb Code     0  libinit2.o(.ARM.Collect$$libinit$$00000017)
    __rt_lib_init_lc_numeric_1               0x080001b3   Thumb Code     0  libinit2.o(.ARM.Collect$$libinit$$00000019)
    __rt_lib_init_lc_time_1                  0x080001b3   Thumb Code     0  libinit2.o(.ARM.Collect$$libinit$$0000001B)
    __rt_lib_init_rand_1                     0x080001b3   Thumb Code     0  libinit2.o(.ARM.Collect$$libinit$$00000010)
    __rt_lib_init_return                     0x080001b3   Thumb Code     0  libinit2.o(.ARM.Collect$$libinit$$00000035)
    __rt_lib_init_signal_1                   0x080001b3   Thumb Code     0  libinit2.o(.ARM.Collect$$libinit$$0000001F)
    __rt_lib_init_stdio_1                    0x080001b3   Thumb Code     0  libinit2.o(.ARM.Collect$$libinit$$00000027)
    __rt_lib_init_user_alloc_1               0x080001b3   Thumb Code     0  libinit2.o(.ARM.Collect$$libinit$$0000000E)
    __rt_lib_shutdown                        0x080001b5   Thumb Code     0  libshutdown.o(.ARM.Collect$$libshutdown$$00000000)
    __rt_lib_shutdown_cpp_1                  0x080001b7   Thumb Code     0  libshutdown2.o(.ARM.Collect$$libshutdown$$00000002)
    __rt_lib_shutdown_fp_trap_1              0x080001b7   Thumb Code     0  libshutdown2.o(.ARM.Collect$$libshutdown$$00000007)
    __rt_lib_shutdown_heap_1                 0x080001b7   Thumb Code     0  libshutdown2.o(.ARM.Collect$$libshutdown$$0000000F)
    __rt_lib_shutdown_return                 0x080001b7   Thumb Code     0  libshutdown2.o(.ARM.Collect$$libshutdown$$00000010)
    __rt_lib_shutdown_signal_1               0x080001b7   Thumb Code     0  libshutdown2.o(.ARM.Collect$$libshutdown$$0000000A)
    __rt_lib_shutdown_stdio_1                0x080001b7   Thumb Code     0  libshutdown2.o(.ARM.Collect$$libshutdown$$00000004)
    __rt_lib_shutdown_user_alloc_1           0x080001b7   Thumb Code     0  libshutdown2.o(.ARM.Collect$$libshutdown$$0000000C)
    __rt_entry                               0x080001b9   Thumb Code     0  __rtentry.o(.ARM.Collect$$rtentry$$00000000)
    __rt_entry_presh_1                       0x080001b9   Thumb Code     0  __rtentry2.o(.ARM.Collect$$rtentry$$00000002)
    __rt_entry_sh                            0x080001b9   Thumb Code     0  __rtentry4.o(.ARM.Collect$$rtentry$$00000004)
    __rt_entry_li                            0x080001bf   Thumb Code     0  __rtentry2.o(.ARM.Collect$$rtentry$$0000000A)
    __rt_entry_postsh_1                      0x080001bf   Thumb Code     0  __rtentry2.o(.ARM.Collect$$rtentry$$00000009)
    __rt_entry_main                          0x080001c3   Thumb Code     0  __rtentry2.o(.ARM.Collect$$rtentry$$0000000D)
    __rt_entry_postli_1                      0x080001c3   Thumb Code     0  __rtentry2.o(.ARM.Collect$$rtentry$$0000000C)
    __rt_exit                                0x080001cb   Thumb Code     0  rtexit.o(.ARM.Collect$$rtexit$$00000000)
    __rt_exit_ls                             0x080001cd   Thumb Code     0  rtexit2.o(.ARM.Collect$$rtexit$$00000003)
    __rt_exit_prels_1                        0x080001cd   Thumb Code     0  rtexit2.o(.ARM.Collect$$rtexit$$00000002)
    __rt_exit_exit                           0x080001d1   Thumb Code     0  rtexit2.o(.ARM.Collect$$rtexit$$00000004)
    Reset_Handler                            0x080001d9   Thumb Code     8  startup_gd32f30x_hd.o(.text)
    ADC0_1_IRQHandler                        0x080001f3   Thumb Code     0  startup_gd32f30x_hd.o(.text)
    ADC2_IRQHandler                          0x080001f3   Thumb Code     0  startup_gd32f30x_hd.o(.text)
    CAN0_EWMC_IRQHandler                     0x080001f3   Thumb Code     0  startup_gd32f30x_hd.o(.text)
    CAN0_RX1_IRQHandler                      0x080001f3   Thumb Code     0  startup_gd32f30x_hd.o(.text)
    DMA0_Channel0_IRQHandler                 0x080001f3   Thumb Code     0  startup_gd32f30x_hd.o(.text)
    DMA0_Channel1_IRQHandler                 0x080001f3   Thumb Code     0  startup_gd32f30x_hd.o(.text)
    DMA0_Channel2_IRQHandler                 0x080001f3   Thumb Code     0  startup_gd32f30x_hd.o(.text)
    DMA0_Channel4_IRQHandler                 0x080001f3   Thumb Code     0  startup_gd32f30x_hd.o(.text)
    DMA0_Channel5_IRQHandler                 0x080001f3   Thumb Code     0  startup_gd32f30x_hd.o(.text)
    DMA0_Channel6_IRQHandler                 0x080001f3   Thumb Code     0  startup_gd32f30x_hd.o(.text)
    DMA1_Channel0_IRQHandler                 0x080001f3   Thumb Code     0  startup_gd32f30x_hd.o(.text)
    DMA1_Channel2_IRQHandler                 0x080001f3   Thumb Code     0  startup_gd32f30x_hd.o(.text)
    DMA1_Channel3_4_IRQHandler               0x080001f3   Thumb Code     0  startup_gd32f30x_hd.o(.text)
    EXMC_IRQHandler                          0x080001f3   Thumb Code     0  startup_gd32f30x_hd.o(.text)
    EXTI0_IRQHandler                         0x080001f3   Thumb Code     0  startup_gd32f30x_hd.o(.text)
    EXTI10_15_IRQHandler                     0x080001f3   Thumb Code     0  startup_gd32f30x_hd.o(.text)
    EXTI1_IRQHandler                         0x080001f3   Thumb Code     0  startup_gd32f30x_hd.o(.text)
    EXTI2_IRQHandler                         0x080001f3   Thumb Code     0  startup_gd32f30x_hd.o(.text)
    EXTI3_IRQHandler                         0x080001f3   Thumb Code     0  startup_gd32f30x_hd.o(.text)
    EXTI4_IRQHandler                         0x080001f3   Thumb Code     0  startup_gd32f30x_hd.o(.text)
    EXTI5_9_IRQHandler                       0x080001f3   Thumb Code     0  startup_gd32f30x_hd.o(.text)
    FMC_IRQHandler                           0x080001f3   Thumb Code     0  startup_gd32f30x_hd.o(.text)
    I2C0_ER_IRQHandler                       0x080001f3   Thumb Code     0  startup_gd32f30x_hd.o(.text)
    I2C0_EV_IRQHandler                       0x080001f3   Thumb Code     0  startup_gd32f30x_hd.o(.text)
    I2C1_ER_IRQHandler                       0x080001f3   Thumb Code     0  startup_gd32f30x_hd.o(.text)
    I2C1_EV_IRQHandler                       0x080001f3   Thumb Code     0  startup_gd32f30x_hd.o(.text)
    LVD_IRQHandler                           0x080001f3   Thumb Code     0  startup_gd32f30x_hd.o(.text)
    RCU_CTC_IRQHandler                       0x080001f3   Thumb Code     0  startup_gd32f30x_hd.o(.text)
    RTC_Alarm_IRQHandler                     0x080001f3   Thumb Code     0  startup_gd32f30x_hd.o(.text)
    RTC_IRQHandler                           0x080001f3   Thumb Code     0  startup_gd32f30x_hd.o(.text)
    SDIO_IRQHandler                          0x080001f3   Thumb Code     0  startup_gd32f30x_hd.o(.text)
    SPI0_IRQHandler                          0x080001f3   Thumb Code     0  startup_gd32f30x_hd.o(.text)
    SPI1_IRQHandler                          0x080001f3   Thumb Code     0  startup_gd32f30x_hd.o(.text)
    SPI2_IRQHandler                          0x080001f3   Thumb Code     0  startup_gd32f30x_hd.o(.text)
    TAMPER_IRQHandler                        0x080001f3   Thumb Code     0  startup_gd32f30x_hd.o(.text)
    TIMER0_BRK_IRQHandler                    0x080001f3   Thumb Code     0  startup_gd32f30x_hd.o(.text)
    TIMER0_Channel_IRQHandler                0x080001f3   Thumb Code     0  startup_gd32f30x_hd.o(.text)
    TIMER0_TRG_CMT_IRQHandler                0x080001f3   Thumb Code     0  startup_gd32f30x_hd.o(.text)
    TIMER0_UP_IRQHandler                     0x080001f3   Thumb Code     0  startup_gd32f30x_hd.o(.text)
    TIMER1_IRQHandler                        0x080001f3   Thumb Code     0  startup_gd32f30x_hd.o(.text)
    TIMER2_IRQHandler                        0x080001f3   Thumb Code     0  startup_gd32f30x_hd.o(.text)
    TIMER3_IRQHandler                        0x080001f3   Thumb Code     0  startup_gd32f30x_hd.o(.text)
    TIMER4_IRQHandler                        0x080001f3   Thumb Code     0  startup_gd32f30x_hd.o(.text)
    TIMER5_IRQHandler                        0x080001f3   Thumb Code     0  startup_gd32f30x_hd.o(.text)
    TIMER6_IRQHandler                        0x080001f3   Thumb Code     0  startup_gd32f30x_hd.o(.text)
    TIMER7_BRK_IRQHandler                    0x080001f3   Thumb Code     0  startup_gd32f30x_hd.o(.text)
    TIMER7_Channel_IRQHandler                0x080001f3   Thumb Code     0  startup_gd32f30x_hd.o(.text)
    TIMER7_TRG_CMT_IRQHandler                0x080001f3   Thumb Code     0  startup_gd32f30x_hd.o(.text)
    TIMER7_UP_IRQHandler                     0x080001f3   Thumb Code     0  startup_gd32f30x_hd.o(.text)
    UART3_IRQHandler                         0x080001f3   Thumb Code     0  startup_gd32f30x_hd.o(.text)
    UART4_IRQHandler                         0x080001f3   Thumb Code     0  startup_gd32f30x_hd.o(.text)
    USART0_IRQHandler                        0x080001f3   Thumb Code     0  startup_gd32f30x_hd.o(.text)
    USART1_IRQHandler                        0x080001f3   Thumb Code     0  startup_gd32f30x_hd.o(.text)
    USART2_IRQHandler                        0x080001f3   Thumb Code     0  startup_gd32f30x_hd.o(.text)
    USBD_HP_CAN0_TX_IRQHandler               0x080001f3   Thumb Code     0  startup_gd32f30x_hd.o(.text)
    USBD_LP_CAN0_RX0_IRQHandler              0x080001f3   Thumb Code     0  startup_gd32f30x_hd.o(.text)
    USBD_WKUP_IRQHandler                     0x080001f3   Thumb Code     0  startup_gd32f30x_hd.o(.text)
    WWDGT_IRQHandler                         0x080001f3   Thumb Code     0  startup_gd32f30x_hd.o(.text)
    __user_initial_stackheap                 0x080001f5   Thumb Code    10  startup_gd32f30x_hd.o(.text)
    rt_hw_interrupt_disable                  0x08000219   Thumb Code     8  context_rvds.o(.text)
    rt_hw_interrupt_enable                   0x08000221   Thumb Code     6  context_rvds.o(.text)
    rt_hw_context_switch                     0x08000227   Thumb Code    32  context_rvds.o(.text)
    rt_hw_context_switch_interrupt           0x08000227   Thumb Code     0  context_rvds.o(.text)
    PendSV_Handler                           0x08000247   Thumb Code   108  context_rvds.o(.text)
    rt_hw_context_switch_to                  0x080002b3   Thumb Code    68  context_rvds.o(.text)
    rt_hw_interrupt_thread_switch            0x080002f7   Thumb Code     2  context_rvds.o(.text)
    HardFault_Handler                        0x080002f9   Thumb Code    56  context_rvds.o(.text)
    __aeabi_memset                           0x0800034d   Thumb Code    16  aeabi_memset.o(.text)
    __aeabi_memclr                           0x0800035d   Thumb Code     0  rt_memclr.o(.text)
    __rt_memclr                              0x0800035d   Thumb Code     0  rt_memclr.o(.text)
    _memset                                  0x08000361   Thumb Code    64  rt_memclr.o(.text)
    __aeabi_memclr4                          0x080003a1   Thumb Code     0  rt_memclr_w.o(.text)
    __aeabi_memclr8                          0x080003a1   Thumb Code     0  rt_memclr_w.o(.text)
    __rt_memclr_w                            0x080003a1   Thumb Code     0  rt_memclr_w.o(.text)
    _memset_w                                0x080003a5   Thumb Code    74  rt_memclr_w.o(.text)
    __use_two_region_memory                  0x080003ef   Thumb Code     2  heapauxi.o(.text)
    __rt_heap_escrow                         0x080003f1   Thumb Code     2  heapauxi.o(.text)
    __rt_heap_expand                         0x080003f3   Thumb Code     2  heapauxi.o(.text)
    malloc                                   0x080003f5   Thumb Code    94  h1_alloc.o(.text)
    free                                     0x08000453   Thumb Code    78  h1_free.o(.text)
    _sys_exit                                0x080004a1   Thumb Code     8  sys_exit.o(.text)
    __rt_heap_descriptor                     0x080004ad   Thumb Code     8  rt_heap_descriptor_intlibspace.o(.text)
    __use_no_heap                            0x080004b5   Thumb Code     2  hguard.o(.text)
    __heap$guard                             0x080004b7   Thumb Code     2  hguard.o(.text)
    _terminate_user_alloc                    0x080004b9   Thumb Code     2  init_alloc.o(.text)
    _init_user_alloc                         0x080004bb   Thumb Code     2  init_alloc.o(.text)
    __Heap_Full                              0x080004bd   Thumb Code    34  init_alloc.o(.text)
    __Heap_Broken                            0x080004df   Thumb Code     6  init_alloc.o(.text)
    _init_alloc                              0x080004e5   Thumb Code    94  init_alloc.o(.text)
    __Heap_Initialize                        0x08000543   Thumb Code    10  h1_init.o(.text)
    __Heap_DescSize                          0x0800054d   Thumb Code     4  h1_init.o(.text)
    __user_libspace                          0x08000551   Thumb Code     8  libspace.o(.text)
    __user_perproc_libspace                  0x08000551   Thumb Code     0  libspace.o(.text)
    __user_perthread_libspace                0x08000551   Thumb Code     0  libspace.o(.text)
    __I$use$semihosting                      0x08000559   Thumb Code     0  use_no_semi.o(.text)
    __use_no_semihosting_swi                 0x08000559   Thumb Code     2  use_no_semi.o(.text)
    __semihosting_library_function           0x0800055b   Thumb Code     0  indicate_semi.o(.text)
    __user_setup_stackheap                   0x0800055b   Thumb Code    74  sys_stackheap_outer.o(.text)
    __Heap_ProvideMemory                     0x080005a5   Thumb Code    52  h1_extend.o(.text)
    _maybe_terminate_alloc                   0x080005a5   Thumb Code     0  maybetermalloc1.o(.text)
    exit                                     0x080005d9   Thumb Code    18  exit.o(.text)
    __sig_exit                               0x080005eb   Thumb Code    10  defsig_exit.o(.text)
    __rt_SIGRTMEM                            0x080005f5   Thumb Code    14  defsig_rtmem_outer.o(.text)
    __default_signal_display                 0x08000603   Thumb Code    50  defsig_general.o(.text)
    __rt_SIGRTMEM_inner                      0x08000635   Thumb Code    22  defsig_rtmem_inner.o(.text)
    _ttywrch                                 0x08000685   Thumb Code    14  sys_wrch.o(.text)
    main                                     0x08000695   Thumb Code    84  components.o(.text.$Sub$$main)
    BusFault_Handler                         0x080006e9   Thumb Code     2  gd32f30x_it.o(.text.BusFault_Handler)
    DMA0_Channel3_IRQHandler                 0x080006ed   Thumb Code    56  msgthread.o(.text.DMA0_Channel3_IRQHandler)
    DMA1_Channel1_IRQHandler                 0x08000725   Thumb Code    12  main.o(.text.DMA1_Channel1_IRQHandler)
    DebugMon_Handler                         0x08000731   Thumb Code     2  gd32f30x_it.o(.text.DebugMon_Handler)
    MemManage_Handler                        0x08000735   Thumb Code     2  gd32f30x_it.o(.text.MemManage_Handler)
    NMI_Handler                              0x08000739   Thumb Code     2  gd32f30x_it.o(.text.NMI_Handler)
    SVC_Handler                              0x0800073d   Thumb Code     2  gd32f30x_it.o(.text.SVC_Handler)
    SysTick_Handler                          0x08000741   Thumb Code    18  board.o(.text.SysTick_Handler)
    SystemCoreClockUpdate                    0x08000755   Thumb Code   144  system_gd32f30x.o(.text.SystemCoreClockUpdate)
    SystemInit                               0x080007f5   Thumb Code   578  system_gd32f30x.o(.text.SystemInit)
    UsageFault_Handler                       0x08000a39   Thumb Code     2  gd32f30x_it.o(.text.UsageFault_Handler)
    UARTThread(void*)                        0x08000a3d   Thumb Code   198  msgthread.o(.text._Z10UARTThreadPv)
    cMSG::MSGTx(unsigned char*, unsigned short) 0x08000ca9   Thumb Code    78  msgthread.o(.text._ZN4cMSG5MSGTxEPht)
    cSPI::Transmit_DMA(unsigned char*, unsigned short) 0x08000cf9   Thumb Code    66  spi_gd.o(.text._ZN4cSPI12Transmit_DMAEPht)
    cSPI::IRQ_Tx()                           0x08000d3d   Thumb Code    44  spi_gd.o(.text._ZN4cSPI6IRQ_TxEv)
    cUART::Transmit_DMA(unsigned char*, unsigned short) 0x08000d69   Thumb Code    66  uart_gd.o(.text._ZN5cUART12Transmit_DMAEPht)
    cUART::Delay()                           0x08000dad   Thumb Code     8  msgthread.o(.text._ZN5cUART5DelayEv)
    cWS281x::LED_UpdateDMA(LEDColor_t*, unsigned short) 0x08000db5   Thumb Code    42  ws281x.o(.text._ZN7cWS281x13LED_UpdateDMAEP10LEDColor_tt)
    cWS281x::Color_Transform(LEDColor_t*, unsigned char*, unsigned short) 0x08000de1   Thumb Code   414  ws281x.o(.text._ZN7cWS281x15Color_TransformEP10LEDColor_tPht)
    cWS281x::Init(unsigned char*)            0x08000f81   Thumb Code     4  ws281x.o(.text._ZN7cWS281x4InitEPh)
    std::get_new_handler()                   0x08000f85   Thumb Code    12  cxa_handlers.cpp.o(.text._ZSt15get_new_handlerv)
    operator new(unsigned int)               0x08000f91   Thumb Code    38  new.cpp.o(.text._Znwj)
    __rt_ffs                                 0x08000fb9   Thumb Code    56  kservice.o(.text.__rt_ffs)
    arm_cos_f32                              0x08000ff1   Thumb Code   140  fastmathfunctions.o(.text.arm_cos_f32)
    arm_sin_f32                              0x0800107d   Thumb Code   132  fastmathfunctions.o(.text.arm_sin_f32)
    dma_channel_disable                      0x08001101   Thumb Code    38  gd32f30x_dma.o(.text.dma_channel_disable)
    dma_channel_enable                       0x08001129   Thumb Code    38  gd32f30x_dma.o(.text.dma_channel_enable)
    dma_circulation_disable                  0x08001151   Thumb Code    38  gd32f30x_dma.o(.text.dma_circulation_disable)
    dma_deinit                               0x08001179   Thumb Code    62  gd32f30x_dma.o(.text.dma_deinit)
    dma_init                                 0x080011b9   Thumb Code   118  gd32f30x_dma.o(.text.dma_init)
    dma_interrupt_enable                     0x08001231   Thumb Code    36  gd32f30x_dma.o(.text.dma_interrupt_enable)
    dma_interrupt_flag_clear                 0x08001255   Thumb Code    14  gd32f30x_dma.o(.text.dma_interrupt_flag_clear)
    dma_interrupt_flag_get                   0x08001265   Thumb Code    58  gd32f30x_dma.o(.text.dma_interrupt_flag_get)
    dma_memory_address_config                0x080012a1   Thumb Code    32  gd32f30x_dma.o(.text.dma_memory_address_config)
    dma_memory_to_memory_disable             0x080012c1   Thumb Code    38  gd32f30x_dma.o(.text.dma_memory_to_memory_disable)
    dma_transfer_number_config               0x080012e9   Thumb Code    34  gd32f30x_dma.o(.text.dma_transfer_number_config)
    gpio_init                                0x0800130d   Thumb Code  1008  gd32f30x_gpio.o(.text.gpio_init)
    $Super$$main                             0x080016fd   Thumb Code   844  main.o(.text.main)
    main_thread_entry                        0x08001a75   Thumb Code    50  components.o(.text.main_thread_entry)
    nvic_irq_enable                          0x08001aa9   Thumb Code   178  gd32f30x_misc.o(.text.nvic_irq_enable)
    nvic_priority_group_set                  0x08001b5d   Thumb Code    20  gd32f30x_misc.o(.text.nvic_priority_group_set)
    rcu_clock_freq_get                       0x08002079   Thumb Code   196  gd32f30x_rcu.o(.text.rcu_clock_freq_get)
    rcu_periph_clock_enable                  0x0800214d   Thumb Code    30  gd32f30x_rcu.o(.text.rcu_periph_clock_enable)
    rcu_periph_reset_disable                 0x0800216d   Thumb Code    32  gd32f30x_rcu.o(.text.rcu_periph_reset_disable)
    rcu_periph_reset_enable                  0x0800218d   Thumb Code    30  gd32f30x_rcu.o(.text.rcu_periph_reset_enable)
    rt_components_board_init                 0x080021ad   Thumb Code    44  components.o(.text.rt_components_board_init)
    rt_enter_critical                        0x080021d9   Thumb Code    28  scheduler.o(.text.rt_enter_critical)
    rt_exit_critical                         0x080021f5   Thumb Code   150  scheduler.o(.text.rt_exit_critical)
    rt_free                                  0x0800228d   Thumb Code   216  mem.o(.text.rt_free)
    rt_heap_begin_get                        0x080023b1   Thumb Code    10  board.o(.text.rt_heap_begin_get)
    rt_heap_end_get                          0x080023bd   Thumb Code    14  board.o(.text.rt_heap_end_get)
    rt_hw_board_init                         0x080023cd   Thumb Code    98  board.o(.text.rt_hw_board_init)
    rt_hw_console_output                     0x08002431   Thumb Code     2  kservice.o(.text.rt_hw_console_output)
    rt_hw_hard_fault_exception               0x08002435   Thumb Code   260  cpuport.o(.text.rt_hw_hard_fault_exception)
    rt_hw_stack_init                         0x080025d9   Thumb Code    66  cpuport.o(.text.rt_hw_stack_init)
    rt_interrupt_enter                       0x0800261d   Thumb Code    28  irq.o(.text.rt_interrupt_enter)
    rt_interrupt_leave                       0x08002639   Thumb Code    28  irq.o(.text.rt_interrupt_leave)
    rt_kprintf                               0x08002655   Thumb Code    50  kservice.o(.text.rt_kprintf)
    rt_malloc                                0x08002689   Thumb Code   394  mem.o(.text.rt_malloc)
    rt_memcpy                                0x08002815   Thumb Code   496  kservice.o(.text.rt_memcpy)
    rt_memset                                0x08002a05   Thumb Code   246  kservice.o(.text.rt_memset)
    rt_mq_delete                             0x08002afd   Thumb Code   112  ipc.o(.text.rt_mq_delete)
    rt_mq_init                               0x08002b6d   Thumb Code   274  ipc.o(.text.rt_mq_init)
    rt_mq_recv                               0x08002c81   Thumb Code   442  ipc.o(.text.rt_mq_recv)
    rt_mq_send                               0x08002e3d   Thumb Code     6  ipc.o(.text.rt_mq_send)
    rt_mq_send_wait                          0x08002e45   Thumb Code   474  ipc.o(.text.rt_mq_send_wait)
    rt_object_allocate                       0x08003021   Thumb Code   122  object.o(.text.rt_object_allocate)
    rt_object_delete                         0x0800309d   Thumb Code    44  object.o(.text.rt_object_delete)
    rt_object_detach                         0x080030c9   Thumb Code    36  object.o(.text.rt_object_detach)
    rt_object_init                           0x080030ed   Thumb Code   138  object.o(.text.rt_object_init)
    rt_object_is_systemobject                0x08003179   Thumb Code     6  object.o(.text.rt_object_is_systemobject)
    rt_schedule                              0x08003181   Thumb Code   114  scheduler.o(.text.rt_schedule)
    rt_schedule_insert_thread                0x080031f5   Thumb Code    82  scheduler.o(.text.rt_schedule_insert_thread)
    rt_schedule_remove_thread                0x08003249   Thumb Code    86  scheduler.o(.text.rt_schedule_remove_thread)
    rt_sem_create                            0x080032a1   Thumb Code    34  ipc.o(.text.rt_sem_create)
    rt_sem_init                              0x080032c5   Thumb Code    32  ipc.o(.text.rt_sem_init)
    rt_sem_release                           0x080032e5   Thumb Code    82  ipc.o(.text.rt_sem_release)
    rt_sem_take                              0x08003339   Thumb Code   240  ipc.o(.text.rt_sem_take)
    rt_show_version                          0x08003429   Thumb Code    48  kservice.o(.text.rt_show_version)
    rt_strncpy                               0x080034e1   Thumb Code   134  kservice.o(.text.rt_strncpy)
    rt_system_heap_init                      0x08003569   Thumb Code   120  mem.o(.text.rt_system_heap_init)
    rt_system_scheduler_init                 0x08003625   Thumb Code   298  scheduler.o(.text.rt_system_scheduler_init)
    rt_system_scheduler_start                0x08003751   Thumb Code    48  scheduler.o(.text.rt_system_scheduler_start)
    rt_system_timer_init                     0x08003781   Thumb Code    16  timer.o(.text.rt_system_timer_init)
    rt_system_timer_thread_init              0x08003791   Thumb Code     2  timer.o(.text.rt_system_timer_thread_init)
    rt_thread_create                         0x08003795   Thumb Code   176  thread.o(.text.rt_thread_create)
    rt_thread_delay                          0x08003845   Thumb Code    10  thread.o(.text.rt_thread_delay)
    rt_thread_delay_until                    0x08003851   Thumb Code   164  thread.o(.text.rt_thread_delay_until)
    rt_thread_exit                           0x080038f5   Thumb Code   122  thread.o(.text.rt_thread_exit)
    rt_thread_idle_init                      0x080039b1   Thumb Code    72  idle.o(.text.rt_thread_idle_init)
    rt_thread_init                           0x08003a01   Thumb Code   142  thread.o(.text.rt_thread_init)
    rt_thread_resume                         0x08003a91   Thumb Code    70  thread.o(.text.rt_thread_resume)
    rt_thread_self                           0x08003ad9   Thumb Code    12  thread.o(.text.rt_thread_self)
    rt_thread_sleep                          0x08003ae5   Thumb Code   120  thread.o(.text.rt_thread_sleep)
    rt_thread_startup                        0x08003b5d   Thumb Code    92  thread.o(.text.rt_thread_startup)
    rt_thread_suspend                        0x08003bb9   Thumb Code    66  thread.o(.text.rt_thread_suspend)
    rt_thread_timeout                        0x08003bfd   Thumb Code    40  thread.o(.text.rt_thread_timeout)
    rt_thread_yield                          0x08003c25   Thumb Code   100  thread.o(.text.rt_thread_yield)
    rt_tick_get                              0x08003c89   Thumb Code    12  clock.o(.text.rt_tick_get)
    rt_tick_increase                         0x08003c95   Thumb Code    52  clock.o(.text.rt_tick_increase)
    rt_timer_check                           0x08003cc9   Thumb Code   392  timer.o(.text.rt_timer_check)
    rt_timer_control                         0x08003e51   Thumb Code   104  timer.o(.text.rt_timer_control)
    rt_timer_detach                          0x08003eb9   Thumb Code    48  timer.o(.text.rt_timer_detach)
    rt_timer_init                            0x08003ee9   Thumb Code    50  timer.o(.text.rt_timer_init)
    rt_timer_start                           0x08003f1d   Thumb Code   210  timer.o(.text.rt_timer_start)
    rt_timer_stop                            0x08003ff1   Thumb Code    56  timer.o(.text.rt_timer_stop)
    rt_vsnprintf                             0x08004029   Thumb Code  2028  kservice.o(.text.rt_vsnprintf)
    spi_dma_enable                           0x0800482d   Thumb Code    18  gd32f30x_spi.o(.text.spi_dma_enable)
    spi_enable                               0x08004841   Thumb Code    10  gd32f30x_spi.o(.text.spi_enable)
    spi_i2s_deinit                           0x0800484d   Thumb Code    76  gd32f30x_spi.o(.text.spi_i2s_deinit)
    spi_i2s_flag_get                         0x08004899   Thumb Code    10  gd32f30x_spi.o(.text.spi_i2s_flag_get)
    spi_init                                 0x080048a5   Thumb Code    52  gd32f30x_spi.o(.text.spi_init)
    spi_quad_disable                         0x080048d9   Thumb Code    14  gd32f30x_spi.o(.text.spi_quad_disable)
    usart_baudrate_set                       0x080048e9   Thumb Code   108  gd32f30x_usart.o(.text.usart_baudrate_set)
    usart_deinit                             0x08004955   Thumb Code   130  gd32f30x_usart.o(.text.usart_deinit)
    usart_dma_receive_config                 0x080049d9   Thumb Code    20  gd32f30x_usart.o(.text.usart_dma_receive_config)
    usart_dma_transmit_config                0x080049ed   Thumb Code    20  gd32f30x_usart.o(.text.usart_dma_transmit_config)
    usart_enable                             0x08004a01   Thumb Code    10  gd32f30x_usart.o(.text.usart_enable)
    usart_flag_get                           0x08004a0d   Thumb Code    16  gd32f30x_usart.o(.text.usart_flag_get)
    usart_interrupt_enable                   0x08004a1d   Thumb Code    22  gd32f30x_usart.o(.text.usart_interrupt_enable)
    usart_receive_config                     0x08004a35   Thumb Code    20  gd32f30x_usart.o(.text.usart_receive_config)
    usart_transmit_config                    0x08004a49   Thumb Code    20  gd32f30x_usart.o(.text.usart_transmit_config)
    _fp_init                                 0x08004a5d   Thumb Code    26  fpinit.o(x$fpl$fpinit)
    __fplib_config_fpu_vfp                   0x08004a75   Thumb Code     0  fpinit.o(x$fpl$fpinit)
    __fplib_config_pureend_doubles           0x08004a75   Thumb Code     0  fpinit.o(x$fpl$fpinit)
    vtable for cUART                         0x08004a78   Data          12  msgthread.o(.rodata._ZTV5cUART)
    __lowest_bit_bitmap                      0x08004a84   Data         256  kservice.o(.rodata.__lowest_bit_bitmap)
    sinTable_f32                             0x08004b8c   Data        2052  commontables.o(.rodata.sinTable_f32)
    __rt_init_rti_start                      0x08005428   Data           4  components.o(.rti_fn.0)
    __rt_init_rti_board_start                0x0800542c   Data           4  components.o(.rti_fn.0.end)
    __rt_init_rti_board_end                  0x08005430   Data           4  components.o(.rti_fn.1.end)
    __rt_init_rti_end                        0x08005434   Data           4  components.o(.rti_fn.6.end)
    Region$$Table$$Base                      0x08005438   Number         0  anon$$obj.o(Region$$Table)
    Region$$Table$$Limit                     0x08005458   Number         0  anon$$obj.o(Region$$Table)
    SystemCoreClock                          0x20000000   Data           4  system_gd32f30x.o(.data.SystemCoreClock)
    dataXXX                                  0x20000004   Data           4  main.o(.data.dataXXX)
    __libspace_start                         0x20000048   Data          96  libspace.o(.bss)
    __temporary_stack_top$libspace           0x200000a8   Data           0  libspace.o(.bss)
    myUART0                                  0x200000a8   Data           4  msgthread.o(.bss..L_MergedGlobals)
    UART0_TxSem                              0x200000ac   Data           4  msgthread.o(.bss..L_MergedGlobals)
    UART0_TxMSG                              0x200000b0   Data          60  msgthread.o(.bss..L_MergedGlobals)
    rt_current_priority                      0x20000124   Data           1  scheduler.o(.bss..L_MergedGlobals)
    rt_current_thread                        0x20000128   Data           4  scheduler.o(.bss..L_MergedGlobals)
    rt_thread_ready_priority_group           0x2000012c   Data           4  scheduler.o(.bss..L_MergedGlobals)
    rt_thread_defunct                        0x20000130   Data           8  scheduler.o(.bss..L_MergedGlobals)
    LED                                      0x20000144   Data          24  main.o(.bss.LED)
    MSG_UART0                                0x2000015c   Data           1  msgthread.o(.bss.MSG_UART0)
    UART_thread                              0x20000160   Data           4  msgthread.o(.bss.UART_thread)
    __cxa_new_handler                        0x20000964   Data           4  cxa_default_handlers.cpp.o(.bss.__cxa_new_handler)
    rt_interrupt_from_thread                 0x200049e4   Data           4  cpuport.o(.bss.rt_interrupt_from_thread)
    rt_interrupt_nest                        0x200049e8   Data           1  irq.o(.bss.rt_interrupt_nest)
    rt_interrupt_to_thread                   0x200049ec   Data           4  cpuport.o(.bss.rt_interrupt_to_thread)
    rt_thread_priority_table                 0x20004a70   Data         256  scheduler.o(.bss.rt_thread_priority_table)
    rt_thread_switch_interrupt_flag          0x20004c70   Data           4  cpuport.o(.bss.rt_thread_switch_interrupt_flag)



==============================================================================

Memory Map of the image

  Image Entry point : 0x08000131

  Load Region LR_IROM1 (Base: 0x08000000, Size: 0x000054a0, Max: 0x00080000, ABSOLUTE)

    Execution Region ER_IROM1 (Exec base: 0x08000000, Load base: 0x08000000, Size: 0x00005458, Max: 0x00080000, ABSOLUTE)

    Exec Addr    Load Addr    Size         Type   Attr      Idx    E Section Name        Object

    0x08000000   0x08000000   0x00000130   Data   RO         1376    RESET               startup_gd32f30x_hd.o
    0x08000130   0x08000130   0x00000008   Code   RO         2933  * !!!main             c_w.l(__main.o)
    0x08000138   0x08000138   0x00000034   Code   RO         3429    !!!scatter          c_w.l(__scatter.o)
    0x0800016c   0x0800016c   0x0000001a   Code   RO         3431    !!handler_copy      c_w.l(__scatter_copy.o)
    0x08000186   0x08000186   0x00000002   PAD
    0x08000188   0x08000188   0x0000001c   Code   RO         3433    !!handler_zi        c_w.l(__scatter_zi.o)
    0x080001a4   0x080001a4   0x00000002   Code   RO         3360    .ARM.Collect$$libinit$$00000000  c_w.l(libinit.o)
    0x080001a6   0x080001a6   0x00000004   Code   RO         3250    .ARM.Collect$$libinit$$00000001  c_w.l(libinit2.o)
    0x080001aa   0x080001aa   0x00000000   Code   RO         3253    .ARM.Collect$$libinit$$00000004  c_w.l(libinit2.o)
    0x080001aa   0x080001aa   0x00000000   Code   RO         3255    .ARM.Collect$$libinit$$00000006  c_w.l(libinit2.o)
    0x080001aa   0x080001aa   0x00000008   Code   RO         3256    .ARM.Collect$$libinit$$00000007  c_w.l(libinit2.o)
    0x080001b2   0x080001b2   0x00000000   Code   RO         3258    .ARM.Collect$$libinit$$0000000C  c_w.l(libinit2.o)
    0x080001b2   0x080001b2   0x00000000   Code   RO         3260    .ARM.Collect$$libinit$$0000000E  c_w.l(libinit2.o)
    0x080001b2   0x080001b2   0x00000000   Code   RO         3262    .ARM.Collect$$libinit$$00000010  c_w.l(libinit2.o)
    0x080001b2   0x080001b2   0x00000000   Code   RO         3265    .ARM.Collect$$libinit$$00000013  c_w.l(libinit2.o)
    0x080001b2   0x080001b2   0x00000000   Code   RO         3267    .ARM.Collect$$libinit$$00000015  c_w.l(libinit2.o)
    0x080001b2   0x080001b2   0x00000000   Code   RO         3269    .ARM.Collect$$libinit$$00000017  c_w.l(libinit2.o)
    0x080001b2   0x080001b2   0x00000000   Code   RO         3271    .ARM.Collect$$libinit$$00000019  c_w.l(libinit2.o)
    0x080001b2   0x080001b2   0x00000000   Code   RO         3273    .ARM.Collect$$libinit$$0000001B  c_w.l(libinit2.o)
    0x080001b2   0x080001b2   0x00000000   Code   RO         3275    .ARM.Collect$$libinit$$0000001D  c_w.l(libinit2.o)
    0x080001b2   0x080001b2   0x00000000   Code   RO         3277    .ARM.Collect$$libinit$$0000001F  c_w.l(libinit2.o)
    0x080001b2   0x080001b2   0x00000000   Code   RO         3279    .ARM.Collect$$libinit$$00000021  c_w.l(libinit2.o)
    0x080001b2   0x080001b2   0x00000000   Code   RO         3281    .ARM.Collect$$libinit$$00000023  c_w.l(libinit2.o)
    0x080001b2   0x080001b2   0x00000000   Code   RO         3283    .ARM.Collect$$libinit$$00000025  c_w.l(libinit2.o)
    0x080001b2   0x080001b2   0x00000000   Code   RO         3285    .ARM.Collect$$libinit$$00000027  c_w.l(libinit2.o)
    0x080001b2   0x080001b2   0x00000000   Code   RO         3289    .ARM.Collect$$libinit$$0000002E  c_w.l(libinit2.o)
    0x080001b2   0x080001b2   0x00000000   Code   RO         3291    .ARM.Collect$$libinit$$00000030  c_w.l(libinit2.o)
    0x080001b2   0x080001b2   0x00000000   Code   RO         3293    .ARM.Collect$$libinit$$00000032  c_w.l(libinit2.o)
    0x080001b2   0x080001b2   0x00000000   Code   RO         3295    .ARM.Collect$$libinit$$00000034  c_w.l(libinit2.o)
    0x080001b2   0x080001b2   0x00000002   Code   RO         3296    .ARM.Collect$$libinit$$00000035  c_w.l(libinit2.o)
    0x080001b4   0x080001b4   0x00000002   Code   RO         3426    .ARM.Collect$$libshutdown$$00000000  c_w.l(libshutdown.o)
    0x080001b6   0x080001b6   0x00000000   Code   RO         3397    .ARM.Collect$$libshutdown$$00000002  c_w.l(libshutdown2.o)
    0x080001b6   0x080001b6   0x00000000   Code   RO         3399    .ARM.Collect$$libshutdown$$00000004  c_w.l(libshutdown2.o)
    0x080001b6   0x080001b6   0x00000000   Code   RO         3402    .ARM.Collect$$libshutdown$$00000007  c_w.l(libshutdown2.o)
    0x080001b6   0x080001b6   0x00000000   Code   RO         3405    .ARM.Collect$$libshutdown$$0000000A  c_w.l(libshutdown2.o)
    0x080001b6   0x080001b6   0x00000000   Code   RO         3407    .ARM.Collect$$libshutdown$$0000000C  c_w.l(libshutdown2.o)
    0x080001b6   0x080001b6   0x00000000   Code   RO         3410    .ARM.Collect$$libshutdown$$0000000F  c_w.l(libshutdown2.o)
    0x080001b6   0x080001b6   0x00000002   Code   RO         3411    .ARM.Collect$$libshutdown$$00000010  c_w.l(libshutdown2.o)
    0x080001b8   0x080001b8   0x00000000   Code   RO         3046    .ARM.Collect$$rtentry$$00000000  c_w.l(__rtentry.o)
    0x080001b8   0x080001b8   0x00000000   Code   RO         3200    .ARM.Collect$$rtentry$$00000002  c_w.l(__rtentry2.o)
    0x080001b8   0x080001b8   0x00000006   Code   RO         3212    .ARM.Collect$$rtentry$$00000004  c_w.l(__rtentry4.o)
    0x080001be   0x080001be   0x00000000   Code   RO         3202    .ARM.Collect$$rtentry$$00000009  c_w.l(__rtentry2.o)
    0x080001be   0x080001be   0x00000004   Code   RO         3203    .ARM.Collect$$rtentry$$0000000A  c_w.l(__rtentry2.o)
    0x080001c2   0x080001c2   0x00000000   Code   RO         3205    .ARM.Collect$$rtentry$$0000000C  c_w.l(__rtentry2.o)
    0x080001c2   0x080001c2   0x00000008   Code   RO         3206    .ARM.Collect$$rtentry$$0000000D  c_w.l(__rtentry2.o)
    0x080001ca   0x080001ca   0x00000002   Code   RO         3363    .ARM.Collect$$rtexit$$00000000  c_w.l(rtexit.o)
    0x080001cc   0x080001cc   0x00000000   Code   RO         3384    .ARM.Collect$$rtexit$$00000002  c_w.l(rtexit2.o)
    0x080001cc   0x080001cc   0x00000004   Code   RO         3385    .ARM.Collect$$rtexit$$00000003  c_w.l(rtexit2.o)
    0x080001d0   0x080001d0   0x00000006   Code   RO         3386    .ARM.Collect$$rtexit$$00000004  c_w.l(rtexit2.o)
    0x080001d6   0x080001d6   0x00000002   PAD
    0x080001d8   0x080001d8   0x00000040   Code   RO         1377    .text               startup_gd32f30x_hd.o
    0x08000218   0x08000218   0x00000134   Code   RO         2913    .text               context_rvds.o
    0x0800034c   0x0800034c   0x00000010   Code   RO         2925    .text               c_w.l(aeabi_memset.o)
    0x0800035c   0x0800035c   0x00000044   Code   RO         2927    .text               c_w.l(rt_memclr.o)
    0x080003a0   0x080003a0   0x0000004e   Code   RO         2929    .text               c_w.l(rt_memclr_w.o)
    0x080003ee   0x080003ee   0x00000006   Code   RO         2931    .text               c_w.l(heapauxi.o)
    0x080003f4   0x080003f4   0x0000005e   Code   RO         3055    .text               c_w.l(h1_alloc.o)
    0x08000452   0x08000452   0x0000004e   Code   RO         3057    .text               c_w.l(h1_free.o)
    0x080004a0   0x080004a0   0x0000000c   Code   RO         3193    .text               c_w.l(sys_exit.o)
    0x080004ac   0x080004ac   0x00000008   Code   RO         3219    .text               c_w.l(rt_heap_descriptor_intlibspace.o)
    0x080004b4   0x080004b4   0x00000004   Code   RO         3226    .text               c_w.l(hguard.o)
    0x080004b8   0x080004b8   0x0000008a   Code   RO         3228    .text               c_w.l(init_alloc.o)
    0x08000542   0x08000542   0x0000000e   Code   RO         3232    .text               c_w.l(h1_init.o)
    0x08000550   0x08000550   0x00000008   Code   RO         3318    .text               c_w.l(libspace.o)
    0x08000558   0x08000558   0x00000002   Code   RO         3321    .text               c_w.l(use_no_semi.o)
    0x0800055a   0x0800055a   0x00000000   Code   RO         3323    .text               c_w.l(indicate_semi.o)
    0x0800055a   0x0800055a   0x0000004a   Code   RO         3324    .text               c_w.l(sys_stackheap_outer.o)
    0x080005a4   0x080005a4   0x00000000   Code   RO         3330    .text               c_w.l(maybetermalloc1.o)
    0x080005a4   0x080005a4   0x00000034   Code   RO         3332    .text               c_w.l(h1_extend.o)
    0x080005d8   0x080005d8   0x00000012   Code   RO         3336    .text               c_w.l(exit.o)
    0x080005ea   0x080005ea   0x0000000a   Code   RO         3338    .text               c_w.l(defsig_exit.o)
    0x080005f4   0x080005f4   0x0000000e   Code   RO         3346    .text               c_w.l(defsig_rtmem_outer.o)
    0x08000602   0x08000602   0x00000032   Code   RO         3369    .text               c_w.l(defsig_general.o)
    0x08000634   0x08000634   0x00000050   Code   RO         3373    .text               c_w.l(defsig_rtmem_inner.o)
    0x08000684   0x08000684   0x0000000e   Code   RO         3379    .text               c_w.l(sys_wrch.o)
    0x08000692   0x08000692   0x00000002   PAD
    0x08000694   0x08000694   0x00000054   Code   RO         2598    .text.$Sub$$main    components.o
    0x080006e8   0x080006e8   0x00000002   Code   RO         1401    .text.BusFault_Handler  gd32f30x_it.o
    0x080006ea   0x080006ea   0x00000002   PAD
    0x080006ec   0x080006ec   0x00000038   Code   RO         1485    .text.DMA0_Channel3_IRQHandler  msgthread.o
    0x08000724   0x08000724   0x0000000c   Code   RO         1468    .text.DMA1_Channel1_IRQHandler  main.o
    0x08000730   0x08000730   0x00000002   Code   RO         1407    .text.DebugMon_Handler  gd32f30x_it.o
    0x08000732   0x08000732   0x00000002   PAD
    0x08000734   0x08000734   0x00000002   Code   RO         1399    .text.MemManage_Handler  gd32f30x_it.o
    0x08000736   0x08000736   0x00000002   PAD
    0x08000738   0x08000738   0x00000002   Code   RO         1397    .text.NMI_Handler   gd32f30x_it.o
    0x0800073a   0x0800073a   0x00000002   PAD
    0x0800073c   0x0800073c   0x00000002   Code   RO         1405    .text.SVC_Handler   gd32f30x_it.o
    0x0800073e   0x0800073e   0x00000002   PAD
    0x08000740   0x08000740   0x00000012   Code   RO         2533    .text.SysTick_Handler  board.o
    0x08000752   0x08000752   0x00000002   PAD
    0x08000754   0x08000754   0x000000a0   Code   RO         1386    .text.SystemCoreClockUpdate  system_gd32f30x.o
    0x080007f4   0x080007f4   0x00000242   Code   RO         1384    .text.SystemInit    system_gd32f30x.o
    0x08000a36   0x08000a36   0x00000002   PAD
    0x08000a38   0x08000a38   0x00000002   Code   RO         1403    .text.UsageFault_Handler  gd32f30x_it.o
    0x08000a3a   0x08000a3a   0x00000002   PAD
    0x08000a3c   0x08000a3c   0x000000c6   Code   RO         1483    .text._Z10UARTThreadPv  msgthread.o
    0x08000b02   0x08000b02   0x00000002   PAD
    0x08000b04   0x08000b04   0x0000002a   Code   RO         1466    .text._ZL11Test1ThreadPv  main.o
    0x08000b2e   0x08000b2e   0x00000002   PAD
    0x08000b30   0x08000b30   0x00000178   Code   RO         1464    .text._ZL9LEDThreadPv  main.o
    0x08000ca8   0x08000ca8   0x0000004e   Code   RO         1487    .text._ZN4cMSG5MSGTxEPht  msgthread.o
    0x08000cf6   0x08000cf6   0x00000002   PAD
    0x08000cf8   0x08000cf8   0x00000042   Code   RO         1418    .text._ZN4cSPI12Transmit_DMAEPht  spi_gd.o
    0x08000d3a   0x08000d3a   0x00000002   PAD
    0x08000d3c   0x08000d3c   0x0000002c   Code   RO         1420    .text._ZN4cSPI6IRQ_TxEv  spi_gd.o
    0x08000d68   0x08000d68   0x00000042   Code   RO         1450    .text._ZN5cUART12Transmit_DMAEPht  uart_gd.o
    0x08000daa   0x08000daa   0x00000002   PAD
    0x08000dac   0x08000dac   0x00000008   Code   RO         1505    .text._ZN5cUART5DelayEv  msgthread.o
    0x08000db4   0x08000db4   0x0000002a   Code   RO         1436    .text._ZN7cWS281x13LED_UpdateDMAEP10LEDColor_tt  ws281x.o
    0x08000dde   0x08000dde   0x00000002   PAD
    0x08000de0   0x08000de0   0x0000019e   Code   RO         1432    .text._ZN7cWS281x15Color_TransformEP10LEDColor_tPht  ws281x.o
    0x08000f7e   0x08000f7e   0x00000002   PAD
    0x08000f80   0x08000f80   0x00000004   Code   RO         1430    .text._ZN7cWS281x4InitEPh  ws281x.o
    0x08000f84   0x08000f84   0x0000000c   Code   RO         3155    .text._ZSt15get_new_handlerv  libcppabi_w.l(cxa_handlers.cpp.o)
    0x08000f90   0x08000f90   0x00000026   Code   RO         2970    .text._Znwj         libcpp_w.l(new.cpp.o)
    0x08000fb6   0x08000fb6   0x00000002   PAD
    0x08000fb8   0x08000fb8   0x00000038   Code   RO         2747    .text.__rt_ffs      kservice.o
    0x08000ff0   0x08000ff0   0x0000008c   Code   RO         1851    .text.arm_cos_f32   fastmathfunctions.o
    0x0800107c   0x0800107c   0x00000084   Code   RO         1857    .text.arm_sin_f32   fastmathfunctions.o
    0x08001100   0x08001100   0x00000026   Code   RO          360    .text.dma_channel_disable  gd32f30x_dma.o
    0x08001126   0x08001126   0x00000002   PAD
    0x08001128   0x08001128   0x00000026   Code   RO          358    .text.dma_channel_enable  gd32f30x_dma.o
    0x0800114e   0x0800114e   0x00000002   PAD
    0x08001150   0x08001150   0x00000026   Code   RO          352    .text.dma_circulation_disable  gd32f30x_dma.o
    0x08001176   0x08001176   0x00000002   PAD
    0x08001178   0x08001178   0x0000003e   Code   RO          344    .text.dma_deinit    gd32f30x_dma.o
    0x080011b6   0x080011b6   0x00000002   PAD
    0x080011b8   0x080011b8   0x00000076   Code   RO          348    .text.dma_init      gd32f30x_dma.o
    0x0800122e   0x0800122e   0x00000002   PAD
    0x08001230   0x08001230   0x00000024   Code   RO          394    .text.dma_interrupt_enable  gd32f30x_dma.o
    0x08001254   0x08001254   0x0000000e   Code   RO          392    .text.dma_interrupt_flag_clear  gd32f30x_dma.o
    0x08001262   0x08001262   0x00000002   PAD
    0x08001264   0x08001264   0x0000003a   Code   RO          390    .text.dma_interrupt_flag_get  gd32f30x_dma.o
    0x0800129e   0x0800129e   0x00000002   PAD
    0x080012a0   0x080012a0   0x00000020   Code   RO          364    .text.dma_memory_address_config  gd32f30x_dma.o
    0x080012c0   0x080012c0   0x00000026   Code   RO          356    .text.dma_memory_to_memory_disable  gd32f30x_dma.o
    0x080012e6   0x080012e6   0x00000002   PAD
    0x080012e8   0x080012e8   0x00000022   Code   RO          366    .text.dma_transfer_number_config  gd32f30x_dma.o
    0x0800130a   0x0800130a   0x00000002   PAD
    0x0800130c   0x0800130c   0x000003f0   Code   RO          601    .text.gpio_init     gd32f30x_gpio.o
    0x080016fc   0x080016fc   0x00000378   Code   RO         1462    .text.main          main.o
    0x08001a74   0x08001a74   0x00000032   Code   RO         2602    .text.main_thread_entry  components.o
    0x08001aa6   0x08001aa6   0x00000002   PAD
    0x08001aa8   0x08001aa8   0x000000b2   Code   RO          715    .text.nvic_irq_enable  gd32f30x_misc.o
    0x08001b5a   0x08001b5a   0x00000002   PAD
    0x08001b5c   0x08001b5c   0x00000014   Code   RO          713    .text.nvic_priority_group_set  gd32f30x_misc.o
    0x08001b70   0x08001b70   0x00000508   Code   RO         2731    .text.print_number  kservice.o
    0x08002078   0x08002078   0x000000d4   Code   RO          850    .text.rcu_clock_freq_get  gd32f30x_rcu.o
    0x0800214c   0x0800214c   0x0000001e   Code   RO          788    .text.rcu_periph_clock_enable  gd32f30x_rcu.o
    0x0800216a   0x0800216a   0x00000002   PAD
    0x0800216c   0x0800216c   0x00000020   Code   RO          798    .text.rcu_periph_reset_disable  gd32f30x_rcu.o
    0x0800218c   0x0800218c   0x0000001e   Code   RO          796    .text.rcu_periph_reset_enable  gd32f30x_rcu.o
    0x080021aa   0x080021aa   0x00000002   PAD
    0x080021ac   0x080021ac   0x0000002c   Code   RO         2594    .text.rt_components_board_init  components.o
    0x080021d8   0x080021d8   0x0000001c   Code   RO         2824    .text.rt_enter_critical  scheduler.o
    0x080021f4   0x080021f4   0x00000096   Code   RO         2826    .text.rt_exit_critical  scheduler.o
    0x0800228a   0x0800228a   0x00000002   PAD
    0x0800228c   0x0800228c   0x00000124   Code   RO         2766    .text.rt_free       mem.o
    0x080023b0   0x080023b0   0x0000000a   Code   RO         2527    .text.rt_heap_begin_get  board.o
    0x080023ba   0x080023ba   0x00000002   PAD
    0x080023bc   0x080023bc   0x0000000e   Code   RO         2529    .text.rt_heap_end_get  board.o
    0x080023ca   0x080023ca   0x00000002   PAD
    0x080023cc   0x080023cc   0x00000062   Code   RO         2531    .text.rt_hw_board_init  board.o
    0x0800242e   0x0800242e   0x00000002   PAD
    0x08002430   0x08002430   0x00000002   Code   RO         2739    .text.rt_hw_console_output  kservice.o
    0x08002432   0x08002432   0x00000002   PAD
    0x08002434   0x08002434   0x000001a4   Code   RO         2548    .text.rt_hw_hard_fault_exception  cpuport.o
    0x080025d8   0x080025d8   0x00000042   Code   RO         2544    .text.rt_hw_stack_init  cpuport.o
    0x0800261a   0x0800261a   0x00000002   PAD
    0x0800261c   0x0800261c   0x0000001c   Code   RO         2680    .text.rt_interrupt_enter  irq.o
    0x08002638   0x08002638   0x0000001c   Code   RO         2682    .text.rt_interrupt_leave  irq.o
    0x08002654   0x08002654   0x00000032   Code   RO         2727    .text.rt_kprintf    kservice.o
    0x08002686   0x08002686   0x00000002   PAD
    0x08002688   0x08002688   0x0000018a   Code   RO         2762    .text.rt_malloc     mem.o
    0x08002812   0x08002812   0x00000002   PAD
    0x08002814   0x08002814   0x000001f0   Code   RO         2703    .text.rt_memcpy     kservice.o
    0x08002a04   0x08002a04   0x000000f6   Code   RO         2701    .text.rt_memset     kservice.o
    0x08002afa   0x08002afa   0x00000002   PAD
    0x08002afc   0x08002afc   0x00000070   Code   RO         2660    .text.rt_mq_delete  ipc.o
    0x08002b6c   0x08002b6c   0x00000112   Code   RO         2654    .text.rt_mq_init    ipc.o
    0x08002c7e   0x08002c7e   0x00000002   PAD
    0x08002c80   0x08002c80   0x000001ba   Code   RO         2668    .text.rt_mq_recv    ipc.o
    0x08002e3a   0x08002e3a   0x00000002   PAD
    0x08002e3c   0x08002e3c   0x00000006   Code   RO         2664    .text.rt_mq_send    ipc.o
    0x08002e42   0x08002e42   0x00000002   PAD
    0x08002e44   0x08002e44   0x000001da   Code   RO         2662    .text.rt_mq_send_wait  ipc.o
    0x0800301e   0x0800301e   0x00000002   PAD
    0x08003020   0x08003020   0x0000007a   Code   RO         2795    .text.rt_object_allocate  object.o
    0x0800309a   0x0800309a   0x00000002   PAD
    0x0800309c   0x0800309c   0x0000002c   Code   RO         2797    .text.rt_object_delete  object.o
    0x080030c8   0x080030c8   0x00000024   Code   RO         2793    .text.rt_object_detach  object.o
    0x080030ec   0x080030ec   0x0000008a   Code   RO         2791    .text.rt_object_init  object.o
    0x08003176   0x08003176   0x00000002   PAD
    0x08003178   0x08003178   0x00000006   Code   RO         2799    .text.rt_object_is_systemobject  object.o
    0x0800317e   0x0800317e   0x00000002   PAD
    0x08003180   0x08003180   0x00000072   Code   RO         2818    .text.rt_schedule   scheduler.o
    0x080031f2   0x080031f2   0x00000002   PAD
    0x080031f4   0x080031f4   0x00000052   Code   RO         2820    .text.rt_schedule_insert_thread  scheduler.o
    0x08003246   0x08003246   0x00000002   PAD
    0x08003248   0x08003248   0x00000056   Code   RO         2822    .text.rt_schedule_remove_thread  scheduler.o
    0x0800329e   0x0800329e   0x00000002   PAD
    0x080032a0   0x080032a0   0x00000022   Code   RO         2642    .text.rt_sem_create  ipc.o
    0x080032c2   0x080032c2   0x00000002   PAD
    0x080032c4   0x080032c4   0x00000020   Code   RO         2638    .text.rt_sem_init   ipc.o
    0x080032e4   0x080032e4   0x00000052   Code   RO         2650    .text.rt_sem_release  ipc.o
    0x08003336   0x08003336   0x00000002   PAD
    0x08003338   0x08003338   0x000000f0   Code   RO         2646    .text.rt_sem_take   ipc.o
    0x08003428   0x08003428   0x000000b8   Code   RO         2725    .text.rt_show_version  kservice.o
    0x080034e0   0x080034e0   0x00000086   Code   RO         2715    .text.rt_strncpy    kservice.o
    0x08003566   0x08003566   0x00000002   PAD
    0x08003568   0x08003568   0x000000bc   Code   RO         2760    .text.rt_system_heap_init  mem.o
    0x08003624   0x08003624   0x0000012a   Code   RO         2814    .text.rt_system_scheduler_init  scheduler.o
    0x0800374e   0x0800374e   0x00000002   PAD
    0x08003750   0x08003750   0x00000030   Code   RO         2816    .text.rt_system_scheduler_start  scheduler.o
    0x08003780   0x08003780   0x00000010   Code   RO         2901    .text.rt_system_timer_init  timer.o
    0x08003790   0x08003790   0x00000002   Code   RO         2903    .text.rt_system_timer_thread_init  timer.o
    0x08003792   0x08003792   0x00000002   PAD
    0x08003794   0x08003794   0x000000b0   Code   RO         2853    .text.rt_thread_create  thread.o
    0x08003844   0x08003844   0x0000000a   Code   RO         2863    .text.rt_thread_delay  thread.o
    0x0800384e   0x0800384e   0x00000002   PAD
    0x08003850   0x08003850   0x000000a4   Code   RO         2865    .text.rt_thread_delay_until  thread.o
    0x080038f4   0x080038f4   0x0000007a   Code   RO         2841    .text.rt_thread_exit  thread.o
    0x0800396e   0x0800396e   0x00000002   PAD
    0x08003970   0x08003970   0x0000003e   Code   RO         2624    .text.rt_thread_idle_entry  idle.o
    0x080039ae   0x080039ae   0x00000002   PAD
    0x080039b0   0x080039b0   0x00000050   Code   RO         2622    .text.rt_thread_idle_init  idle.o
    0x08003a00   0x08003a00   0x0000008e   Code   RO         2843    .text.rt_thread_init  thread.o
    0x08003a8e   0x08003a8e   0x00000002   PAD
    0x08003a90   0x08003a90   0x00000046   Code   RO         2849    .text.rt_thread_resume  thread.o
    0x08003ad6   0x08003ad6   0x00000002   PAD
    0x08003ad8   0x08003ad8   0x0000000c   Code   RO         2845    .text.rt_thread_self  thread.o
    0x08003ae4   0x08003ae4   0x00000078   Code   RO         2859    .text.rt_thread_sleep  thread.o
    0x08003b5c   0x08003b5c   0x0000005c   Code   RO         2847    .text.rt_thread_startup  thread.o
    0x08003bb8   0x08003bb8   0x00000042   Code   RO         2861    .text.rt_thread_suspend  thread.o
    0x08003bfa   0x08003bfa   0x00000002   PAD
    0x08003bfc   0x08003bfc   0x00000028   Code   RO         2871    .text.rt_thread_timeout  thread.o
    0x08003c24   0x08003c24   0x00000064   Code   RO         2857    .text.rt_thread_yield  thread.o
    0x08003c88   0x08003c88   0x0000000c   Code   RO         2569    .text.rt_tick_get   clock.o
    0x08003c94   0x08003c94   0x00000034   Code   RO         2573    .text.rt_tick_increase  clock.o
    0x08003cc8   0x08003cc8   0x00000188   Code   RO         2897    .text.rt_timer_check  timer.o
    0x08003e50   0x08003e50   0x00000068   Code   RO         2895    .text.rt_timer_control  timer.o
    0x08003eb8   0x08003eb8   0x00000030   Code   RO         2885    .text.rt_timer_detach  timer.o
    0x08003ee8   0x08003ee8   0x00000032   Code   RO         2883    .text.rt_timer_init  timer.o
    0x08003f1a   0x08003f1a   0x00000002   PAD
    0x08003f1c   0x08003f1c   0x000000d2   Code   RO         2891    .text.rt_timer_start  timer.o
    0x08003fee   0x08003fee   0x00000002   PAD
    0x08003ff0   0x08003ff0   0x00000038   Code   RO         2893    .text.rt_timer_stop  timer.o
    0x08004028   0x08004028   0x000007f4   Code   RO         2729    .text.rt_vsnprintf  kservice.o
    0x0800481c   0x0800481c   0x00000004   Code   RO         2590    .text.rti_board_end  components.o
    0x08004820   0x08004820   0x00000004   Code   RO         2588    .text.rti_board_start  components.o
    0x08004824   0x08004824   0x00000004   Code   RO         2592    .text.rti_end       components.o
    0x08004828   0x08004828   0x00000004   Code   RO         2586    .text.rti_start     components.o
    0x0800482c   0x0800482c   0x00000012   Code   RO         1031    .text.spi_dma_enable  gd32f30x_spi.o
    0x0800483e   0x0800483e   0x00000002   PAD
    0x08004840   0x08004840   0x0000000a   Code   RO         1011    .text.spi_enable    gd32f30x_spi.o
    0x0800484a   0x0800484a   0x00000002   PAD
    0x0800484c   0x0800484c   0x0000004c   Code   RO         1005    .text.spi_i2s_deinit  gd32f30x_spi.o
    0x08004898   0x08004898   0x0000000a   Code   RO         1085    .text.spi_i2s_flag_get  gd32f30x_spi.o
    0x080048a2   0x080048a2   0x00000002   PAD
    0x080048a4   0x080048a4   0x00000034   Code   RO         1009    .text.spi_init      gd32f30x_spi.o
    0x080048d8   0x080048d8   0x0000000e   Code   RO         1069    .text.spi_quad_disable  gd32f30x_spi.o
    0x080048e6   0x080048e6   0x00000002   PAD
    0x080048e8   0x080048e8   0x0000006c   Code   RO         1247    .text.usart_baudrate_set  gd32f30x_usart.o
    0x08004954   0x08004954   0x00000082   Code   RO         1245    .text.usart_deinit  gd32f30x_usart.o
    0x080049d6   0x080049d6   0x00000002   PAD
    0x080049d8   0x080049d8   0x00000014   Code   RO         1329    .text.usart_dma_receive_config  gd32f30x_usart.o
    0x080049ec   0x080049ec   0x00000014   Code   RO         1331    .text.usart_dma_transmit_config  gd32f30x_usart.o
    0x08004a00   0x08004a00   0x0000000a   Code   RO         1255    .text.usart_enable  gd32f30x_usart.o
    0x08004a0a   0x08004a0a   0x00000002   PAD
    0x08004a0c   0x08004a0c   0x00000010   Code   RO         1333    .text.usart_flag_get  gd32f30x_usart.o
    0x08004a1c   0x08004a1c   0x00000016   Code   RO         1337    .text.usart_interrupt_enable  gd32f30x_usart.o
    0x08004a32   0x08004a32   0x00000002   PAD
    0x08004a34   0x08004a34   0x00000014   Code   RO         1261    .text.usart_receive_config  gd32f30x_usart.o
    0x08004a48   0x08004a48   0x00000014   Code   RO         1259    .text.usart_transmit_config  gd32f30x_usart.o
    0x08004a5c   0x08004a5c   0x0000001a   Code   RO         3361    x$fpl$fpinit        fz_wm.l(fpinit.o)
    0x08004a76   0x08004a76   0x00000002   PAD
    0x08004a78   0x08004a78   0x0000000c   Data   RO         1507    .rodata._ZTV5cUART  msgthread.o
    0x08004a84   0x08004a84   0x00000100   Data   RO         2751    .rodata.__lowest_bit_bitmap  kservice.o
    0x08004b84   0x08004b84   0x00000008   Data   RO          862    .rodata.cst8        gd32f30x_rcu.o
    0x08004b8c   0x08004b8c   0x00000804   Data   RO         1747    .rodata.sinTable_f32  commontables.o
    0x08005390   0x08005390   0x00000093   Data   RO         2555    .rodata.str1.1      cpuport.o
    0x08005423   0x08005423   0x00000005   Data   RO         2610    .rodata.str1.1      components.o
    0x08005428   0x08005428   0x00000004   Data   RO         2606    .rti_fn.0           components.o
    0x0800542c   0x0800542c   0x00000004   Data   RO         2607    .rti_fn.0.end       components.o
    0x08005430   0x08005430   0x00000004   Data   RO         2608    .rti_fn.1.end       components.o
    0x08005434   0x08005434   0x00000004   Data   RO         2609    .rti_fn.6.end       components.o
    0x08005438   0x08005438   0x00000020   Data   RO         3428    Region$$Table       anon$$obj.o


    Execution Region RW_IRAM1 (Exec base: 0x20000000, Load base: 0x08005458, Size: 0x00005478, Max: 0x00010000, ABSOLUTE)

    Exec Addr    Load Addr    Size         Type   Attr      Idx    E Section Name        Object

    0x20000000   0x08005458   0x00000004   Data   RW         1388    .data.SystemCoreClock  system_gd32f30x.o
    0x20000004   0x0800545c   0x00000004   Data   RW         1471    .data.dataXXX       main.o
    0x20000008   0x08005460   0x00000040   Data   RW         2805    .data.rt_object_container  object.o
    0x20000048        -       0x00000060   Zero   RW         3319    .bss                c_w.l(libspace.o)
    0x200000a8        -       0x00000044   Zero   RW         1497    .bss..L_MergedGlobals  msgthread.o
    0x200000ec        -       0x00000038   Zero   RW         2772    .bss..L_MergedGlobals  mem.o
    0x20000124        -       0x00000014   Zero   RW         2831    .bss..L_MergedGlobals  scheduler.o
    0x20000138        -       0x0000000c   Zero   RW         2905    .bss..L_MergedGlobals  timer.o
    0x20000144        -       0x00000018   Zero   RW         1470    .bss.LED            main.o
    0x2000015c        -       0x00000001   Zero   RW         1495    .bss.MSG_UART0      msgthread.o
    0x2000015d   0x080054a0   0x00000003   PAD
    0x20000160        -       0x00000004   Zero   RW         1496    .bss.UART_thread    msgthread.o
    0x20000164        -       0x00000800   Zero   RW         1473    .bss._ZL16UART0_TxMSG_POOL  main.o
    0x20000964        -       0x00000004   Zero   RW         3312    .bss.__cxa_new_handler  libcppabi_w.l(cxa_default_handlers.cpp.o)
    0x20000968        -       0x00000078   Zero   RW         2628    .bss.idle           idle.o
    0x200009e0        -       0x00000004   Zero   RW         2554    .bss.rt_exception_hook  cpuport.o
    0x200009e4        -       0x00004000   Zero   RW         2535    .bss.rt_heap        board.o
    0x200049e4        -       0x00000004   Zero   RW         2556    .bss.rt_interrupt_from_thread  cpuport.o
    0x200049e8        -       0x00000001   Zero   RW         2686    .bss.rt_interrupt_nest  irq.o
    0x200049e9   0x080054a0   0x00000003   PAD
    0x200049ec        -       0x00000004   Zero   RW         2557    .bss.rt_interrupt_to_thread  cpuport.o
    0x200049f0        -       0x00000080   Zero   RW         2750    .bss.rt_kprintf.rt_log_buf  kservice.o
    0x20004a70        -       0x00000100   Zero   RW         2830    .bss.rt_thread_priority_table  scheduler.o
    0x20004b70        -       0x00000100   Zero   RW         2629    .bss.rt_thread_stack  idle.o
    0x20004c70        -       0x00000004   Zero   RW         2558    .bss.rt_thread_switch_interrupt_flag  cpuport.o
    0x20004c74        -       0x00000004   Zero   RW         2577    .bss.rt_tick        clock.o
    0x20004c78        -       0x00000400   Zero   RW         1375    HEAP                startup_gd32f30x_hd.o
    0x20005078        -       0x00000400   Zero   RW         1374    STACK               startup_gd32f30x_hd.o


==============================================================================

Image component sizes


      Code (inc. data)   RO Data    RW Data    ZI Data      Debug   Object Name

       140          0          0          0      16384       1370   board.o
        64          0          0          0          4       2624   clock.o
         0          0       2052          0          0      10490   commontables.o
       194          0         21          0          0       3612   components.o
       308         28          0          0          0        820   context_rvds.o
       486        160        147          0         16       3207   cpuport.o
       272         24          0          0          0      34559   fastmathfunctions.o
       506          0          0          0          0       7922   gd32f30x_dma.o
      1008          0          0          0          0       7961   gd32f30x_gpio.o
        12          0          0          0          0        765   gd32f30x_it.o
       198          0          0          0          0       3529   gd32f30x_misc.o
       304         20          8          0          0      15503   gd32f30x_rcu.o
       180          0          0          0          0       8530   gd32f30x_spi.o
       366          0          0          0          0      11539   gd32f30x_usart.o
       142          8          0          0        376       3279   idle.o
      1696          0          0          0          0      15546   ipc.o
        56          0          0          0          1       1099   irq.o
      4492        432        256          0        128      26375   kservice.o
      1318         84          0          4       2072      20926   main.o
       874        144          0          0         56       5592   mem.o
       340          0         12          0         73       9102   msgthread.o
       346          0          0         64          0       7799   object.o
       806          0          0          0        276       6051   scheduler.o
       110          0          0          0          0       3413   spi_gd.o
        64         26        304          0       2048        992   startup_gd32f30x_hd.o
       738         16          0          4          0       2842   system_gd32f30x.o
      1114          0          0          0          0      10324   thread.o
       878          8          0          0         12       9038   timer.o
        66          0          0          0          0       7064   uart_gd.o
       460          0          0          0          0       5102   ws281x.o

    ----------------------------------------------------------------------
     17672        950       2832         72      21452     246975   Object Totals
         0          0         32          0          0          0   (incl. Generated)
       134          0          0          0          6          0   (incl. Padding)

    ----------------------------------------------------------------------

      Code (inc. data)   RO Data    RW Data    ZI Data      Debug   Library Member Name

         8          0          0          0          0         68   __main.o
         0          0          0          0          0          0   __rtentry.o
        12          0          0          0          0          0   __rtentry2.o
         6          0          0          0          0          0   __rtentry4.o
        52          8          0          0          0          0   __scatter.o
        26          0          0          0          0          0   __scatter_copy.o
        28          0          0          0          0          0   __scatter_zi.o
        16          0          0          0          0         68   aeabi_memset.o
        10          0          0          0          0         68   defsig_exit.o
        50          0          0          0          0         88   defsig_general.o
        80         58          0          0          0         76   defsig_rtmem_inner.o
        14          0          0          0          0         80   defsig_rtmem_outer.o
        18          0          0          0          0         80   exit.o
        94          0          0          0          0         80   h1_alloc.o
        52          0          0          0          0         68   h1_extend.o
        78          0          0          0          0         80   h1_free.o
        14          0          0          0          0         84   h1_init.o
         6          0          0          0          0        152   heapauxi.o
         4          0          0          0          0        136   hguard.o
         0          0          0          0          0          0   indicate_semi.o
       138          0          0          0          0        168   init_alloc.o
         2          0          0          0          0          0   libinit.o
        14          0          0          0          0          0   libinit2.o
         2          0          0          0          0          0   libshutdown.o
         2          0          0          0          0          0   libshutdown2.o
         8          4          0          0         96         68   libspace.o
         0          0          0          0          0          0   maybetermalloc1.o
         8          4          0          0          0         68   rt_heap_descriptor_intlibspace.o
        68          0          0          0          0         68   rt_memclr.o
        78          0          0          0          0         80   rt_memclr_w.o
         2          0          0          0          0          0   rtexit.o
        10          0          0          0          0          0   rtexit2.o
        12          4          0          0          0         68   sys_exit.o
        74          0          0          0          0         80   sys_stackheap_outer.o
        14          0          0          0          0         76   sys_wrch.o
         2          0          0          0          0         68   use_no_semi.o
        26          0          0          0          0        116   fpinit.o
        38          0          0          0          0        380   new.cpp.o
         0          0          0          0          4          0   cxa_default_handlers.cpp.o
        12          0          0          0          0        132   cxa_handlers.cpp.o

    ----------------------------------------------------------------------
      1088         78          0          0        100       2500   Library Totals
        10          0          0          0          0          0   (incl. Padding)

    ----------------------------------------------------------------------

      Code (inc. data)   RO Data    RW Data    ZI Data      Debug   Library Name

      1002         78          0          0         96       1872   c_w.l
        26          0          0          0          0        116   fz_wm.l
        38          0          0          0          0        380   libcpp_w.l
        12          0          0          0          4        132   libcppabi_w.l

    ----------------------------------------------------------------------
      1088         78          0          0        100       2500   Library Totals

    ----------------------------------------------------------------------

==============================================================================


      Code (inc. data)   RO Data    RW Data    ZI Data      Debug   

     18760       1028       2832         72      21552     247827   Grand Totals
     18760       1028       2832         72      21552     247827   ELF Image Totals
     18760       1028       2832         72          0          0   ROM Totals

==============================================================================

    Total RO  Size (Code + RO Data)                21592 (  21.09kB)
    Total RW  Size (RW Data + ZI Data)             21624 (  21.12kB)
    Total ROM Size (Code + RO Data + RW Data)      21664 (  21.16kB)

==============================================================================

