Component: Arm Compiler for Embedded 6.19 Tool: armlink [5e73cb00]

==============================================================================

Section Cross References

    gd32f30x_adc.o(.text.adc_deinit) refers to gd32f30x_rcu.o(.text.rcu_periph_reset_enable) for rcu_periph_reset_enable
    gd32f30x_adc.o(.text.adc_deinit) refers to gd32f30x_rcu.o(.text.rcu_periph_reset_disable) for rcu_periph_reset_disable
    gd32f30x_adc.o(.ARM.exidx.text.adc_deinit) refers to gd32f30x_adc.o(.text.adc_deinit) for [Anonymous Symbol]
    gd32f30x_adc.o(.ARM.exidx.text.adc_enable) refers to gd32f30x_adc.o(.text.adc_enable) for [Anonymous Symbol]
    gd32f30x_adc.o(.ARM.exidx.text.adc_disable) refers to gd32f30x_adc.o(.text.adc_disable) for [Anonymous Symbol]
    gd32f30x_adc.o(.ARM.exidx.text.adc_calibration_enable) refers to gd32f30x_adc.o(.text.adc_calibration_enable) for [Anonymous Symbol]
    gd32f30x_adc.o(.ARM.exidx.text.adc_dma_mode_enable) refers to gd32f30x_adc.o(.text.adc_dma_mode_enable) for [Anonymous Symbol]
    gd32f30x_adc.o(.ARM.exidx.text.adc_dma_mode_disable) refers to gd32f30x_adc.o(.text.adc_dma_mode_disable) for [Anonymous Symbol]
    gd32f30x_adc.o(.ARM.exidx.text.adc_tempsensor_vrefint_enable) refers to gd32f30x_adc.o(.text.adc_tempsensor_vrefint_enable) for [Anonymous Symbol]
    gd32f30x_adc.o(.ARM.exidx.text.adc_tempsensor_vrefint_disable) refers to gd32f30x_adc.o(.text.adc_tempsensor_vrefint_disable) for [Anonymous Symbol]
    gd32f30x_adc.o(.ARM.exidx.text.adc_resolution_config) refers to gd32f30x_adc.o(.text.adc_resolution_config) for [Anonymous Symbol]
    gd32f30x_adc.o(.ARM.exidx.text.adc_discontinuous_mode_config) refers to gd32f30x_adc.o(.text.adc_discontinuous_mode_config) for [Anonymous Symbol]
    gd32f30x_adc.o(.ARM.exidx.text.adc_mode_config) refers to gd32f30x_adc.o(.text.adc_mode_config) for [Anonymous Symbol]
    gd32f30x_adc.o(.ARM.exidx.text.adc_special_function_config) refers to gd32f30x_adc.o(.text.adc_special_function_config) for [Anonymous Symbol]
    gd32f30x_adc.o(.ARM.exidx.text.adc_data_alignment_config) refers to gd32f30x_adc.o(.text.adc_data_alignment_config) for [Anonymous Symbol]
    gd32f30x_adc.o(.ARM.exidx.text.adc_channel_length_config) refers to gd32f30x_adc.o(.text.adc_channel_length_config) for [Anonymous Symbol]
    gd32f30x_adc.o(.ARM.exidx.text.adc_regular_channel_config) refers to gd32f30x_adc.o(.text.adc_regular_channel_config) for [Anonymous Symbol]
    gd32f30x_adc.o(.ARM.exidx.text.adc_inserted_channel_config) refers to gd32f30x_adc.o(.text.adc_inserted_channel_config) for [Anonymous Symbol]
    gd32f30x_adc.o(.ARM.exidx.text.adc_inserted_channel_offset_config) refers to gd32f30x_adc.o(.text.adc_inserted_channel_offset_config) for [Anonymous Symbol]
    gd32f30x_adc.o(.ARM.exidx.text.adc_external_trigger_config) refers to gd32f30x_adc.o(.text.adc_external_trigger_config) for [Anonymous Symbol]
    gd32f30x_adc.o(.ARM.exidx.text.adc_external_trigger_source_config) refers to gd32f30x_adc.o(.text.adc_external_trigger_source_config) for [Anonymous Symbol]
    gd32f30x_adc.o(.ARM.exidx.text.adc_software_trigger_enable) refers to gd32f30x_adc.o(.text.adc_software_trigger_enable) for [Anonymous Symbol]
    gd32f30x_adc.o(.ARM.exidx.text.adc_regular_data_read) refers to gd32f30x_adc.o(.text.adc_regular_data_read) for [Anonymous Symbol]
    gd32f30x_adc.o(.ARM.exidx.text.adc_inserted_data_read) refers to gd32f30x_adc.o(.text.adc_inserted_data_read) for [Anonymous Symbol]
    gd32f30x_adc.o(.ARM.exidx.text.adc_sync_mode_convert_value_read) refers to gd32f30x_adc.o(.text.adc_sync_mode_convert_value_read) for [Anonymous Symbol]
    gd32f30x_adc.o(.ARM.exidx.text.adc_flag_get) refers to gd32f30x_adc.o(.text.adc_flag_get) for [Anonymous Symbol]
    gd32f30x_adc.o(.ARM.exidx.text.adc_flag_clear) refers to gd32f30x_adc.o(.text.adc_flag_clear) for [Anonymous Symbol]
    gd32f30x_adc.o(.ARM.exidx.text.adc_interrupt_flag_get) refers to gd32f30x_adc.o(.text.adc_interrupt_flag_get) for [Anonymous Symbol]
    gd32f30x_adc.o(.ARM.exidx.text.adc_interrupt_flag_clear) refers to gd32f30x_adc.o(.text.adc_interrupt_flag_clear) for [Anonymous Symbol]
    gd32f30x_adc.o(.ARM.exidx.text.adc_interrupt_enable) refers to gd32f30x_adc.o(.text.adc_interrupt_enable) for [Anonymous Symbol]
    gd32f30x_adc.o(.ARM.exidx.text.adc_interrupt_disable) refers to gd32f30x_adc.o(.text.adc_interrupt_disable) for [Anonymous Symbol]
    gd32f30x_adc.o(.ARM.exidx.text.adc_watchdog_single_channel_enable) refers to gd32f30x_adc.o(.text.adc_watchdog_single_channel_enable) for [Anonymous Symbol]
    gd32f30x_adc.o(.ARM.exidx.text.adc_watchdog_group_channel_enable) refers to gd32f30x_adc.o(.text.adc_watchdog_group_channel_enable) for [Anonymous Symbol]
    gd32f30x_adc.o(.ARM.exidx.text.adc_watchdog_disable) refers to gd32f30x_adc.o(.text.adc_watchdog_disable) for [Anonymous Symbol]
[...]
    _usb_setup_transc                        0x080027cd   Thumb Code   178  usbd_transc.o(.text._usb_setup_transc)
    arm_cos_f32                              0x08002c35   Thumb Code   148  fastmathfunctions.o(.text.arm_cos_f32)
    arm_sin_f32                              0x08002cc9   Thumb Code   140  fastmathfunctions.o(.text.arm_sin_f32)
    crc_block_data_calculate                 0x08002ed1   Thumb Code    26  gd32f30x_crc.o(.text.crc_block_data_calculate)
    crc_data_register_reset                  0x08002eed   Thumb Code    18  gd32f30x_crc.o(.text.crc_data_register_reset)
    dma_channel_disable                      0x08002f01   Thumb Code    36  gd32f30x_dma.o(.text.dma_channel_disable)
    dma_channel_enable                       0x08002f25   Thumb Code    36  gd32f30x_dma.o(.text.dma_channel_enable)
    dma_circulation_disable                  0x08002f49   Thumb Code    36  gd32f30x_dma.o(.text.dma_circulation_disable)
    dma_deinit                               0x08002f6d   Thumb Code    60  gd32f30x_dma.o(.text.dma_deinit)
    dma_init                                 0x08002fa9   Thumb Code   116  gd32f30x_dma.o(.text.dma_init)
    dma_interrupt_enable                     0x0800301d   Thumb Code    34  gd32f30x_dma.o(.text.dma_interrupt_enable)
    dma_interrupt_flag_clear                 0x08003041   Thumb Code    14  gd32f30x_dma.o(.text.dma_interrupt_flag_clear)
    dma_interrupt_flag_get                   0x08003051   Thumb Code    58  gd32f30x_dma.o(.text.dma_interrupt_flag_get)
    dma_memory_address_config                0x0800308d   Thumb Code    30  gd32f30x_dma.o(.text.dma_memory_address_config)
    dma_memory_to_memory_disable             0x080030ad   Thumb Code    36  gd32f30x_dma.o(.text.dma_memory_to_memory_disable)
    dma_transfer_number_config               0x080030d1   Thumb Code    32  gd32f30x_dma.o(.text.dma_transfer_number_config)
    exti_flag_clear                          0x080030f1   Thumb Code    12  gd32f30x_exti.o(.text.exti_flag_clear)
    exti_flag_get                            0x080030fd   Thumb Code    18  gd32f30x_exti.o(.text.exti_flag_get)
    exti_init                                0x08003111   Thumb Code   156  gd32f30x_exti.o(.text.exti_init)
    exti_interrupt_disable                   0x080031ad   Thumb Code    18  gd32f30x_exti.o(.text.exti_interrupt_disable)
    exti_interrupt_enable                    0x080031c1   Thumb Code    16  gd32f30x_exti.o(.text.exti_interrupt_enable)
    exti_interrupt_flag_clear                0x080031d1   Thumb Code    12  gd32f30x_exti.o(.text.exti_interrupt_flag_clear)
    fmc_erase_pages                          0x080031dd   Thumb Code   134  flash_gd.o(.text.fmc_erase_pages)
    fmc_flag_clear                           0x08003265   Thumb Code    30  gd32f30x_fmc.o(.text.fmc_flag_clear)
    fmc_lock                                 0x08003285   Thumb Code    44  gd32f30x_fmc.o(.text.fmc_lock)
    fmc_page_erase                           0x080032b1   Thumb Code   472  gd32f30x_fmc.o(.text.fmc_page_erase)
    fmc_program                              0x08003489   Thumb Code    96  flash_gd.o(.text.fmc_program)
    fmc_program_check                        0x080034e9   Thumb Code    32  flash_gd.o(.text.fmc_program_check)
    fmc_unlock                               0x08003509   Thumb Code    80  gd32f30x_fmc.o(.text.fmc_unlock)
    fmc_word_program                         0x08003559   Thumb Code   448  gd32f30x_fmc.o(.text.fmc_word_program)
    gpio_bit_reset                           0x08003719   Thumb Code     4  gd32f30x_gpio.o(.text.gpio_bit_reset)
    gpio_bit_set                             0x0800371d   Thumb Code     4  gd32f30x_gpio.o(.text.gpio_bit_set)
    gpio_exti_source_select                  0x08003721   Thumb Code   130  gd32f30x_gpio.o(.text.gpio_exti_source_select)
    gpio_init                                0x080037a5   Thumb Code   182  gd32f30x_gpio.o(.text.gpio_init)
    gpio_input_bit_get                       0x0800385d   Thumb Code    10  gd32f30x_gpio.o(.text.gpio_input_bit_get)
    list_thread                              0x08003869   Thumb Code   308  cmd.o(.text.list_thread)
    $Super$$main                             0x08003a2d   Thumb Code   644  main.o(.text.main)
    main_thread_entry                        0x08003d5d   Thumb Code    50  components.o(.text.main_thread_entry)
    nvic_irq_enable                          0x08003d91   Thumb Code   168  gd32f30x_misc.o(.text.nvic_irq_enable)
    nvic_priority_group_set                  0x08003e39   Thumb Code    20  gd32f30x_misc.o(.text.nvic_priority_group_set)
    rcu_ck48m_clock_config                   0x08004021   Thumb Code    20  gd32f30x_rcu.o(.text.rcu_ck48m_clock_config)
    rcu_clock_freq_get                       0x08004035   Thumb Code   196  gd32f30x_rcu.o(.text.rcu_clock_freq_get)
    rcu_periph_clock_enable                  0x08004109   Thumb Code    30  gd32f30x_rcu.o(.text.rcu_periph_clock_enable)
    rcu_periph_reset_disable                 0x08004129   Thumb Code    32  gd32f30x_rcu.o(.text.rcu_periph_reset_disable)
    rcu_periph_reset_enable                  0x08004149   Thumb Code    30  gd32f30x_rcu.o(.text.rcu_periph_reset_enable)
    rcu_usb_clock_config                     0x08004169   Thumb Code    20  gd32f30x_rcu.o(.text.rcu_usb_clock_config)
    rt_components_board_init                 0x0800417d   Thumb Code    44  components.o(.text.rt_components_board_init)
    rt_enter_critical                        0x080041a9   Thumb Code    28  scheduler.o(.text.rt_enter_critical)
    rt_exit_critical                         0x080041c5   Thumb Code    66  scheduler.o(.text.rt_exit_critical)
    rt_free                                  0x08004209   Thumb Code   244  mem.o(.text.rt_free)
    rt_heap_begin_get                        0x08004349   Thumb Code    10  board.o(.text.rt_heap_begin_get)
    rt_heap_end_get                          0x08004355   Thumb Code    14  board.o(.text.rt_heap_end_get)
    rt_hw_board_init                         0x08004365   Thumb Code  1120  board.o(.text.rt_hw_board_init)
    rt_hw_console_output                     0x080047c5   Thumb Code   104  msgthread.o(.text.rt_hw_console_output)
    rt_hw_hard_fault_exception               0x0800482d   Thumb Code   252  cpuport.o(.text.rt_hw_hard_fault_exception)
    rt_hw_stack_init                         0x080049c9   Thumb Code    66  cpuport.o(.text.rt_hw_stack_init)
    rt_interrupt_enter                       0x08004a0d   Thumb Code    28  irq.o(.text.rt_interrupt_enter)
    rt_interrupt_leave                       0x08004a29   Thumb Code    28  irq.o(.text.rt_interrupt_leave)
    rt_kprintf                               0x08004a45   Thumb Code    50  kservice.o(.text.rt_kprintf)
    rt_malloc                                0x08004a79   Thumb Code   320  mem.o(.text.rt_malloc)
    rt_memset                                0x08004bb9   Thumb Code    94  kservice.o(.text.rt_memset)
    rt_mutex_create                          0x08004c19   Thumb Code    42  ipc.o(.text.rt_mutex_create)
    rt_mutex_release                         0x08004c45   Thumb Code   166  ipc.o(.text.rt_mutex_release)
    rt_mutex_take                            0x08004ced   Thumb Code   254  ipc.o(.text.rt_mutex_take)
    rt_object_allocate                       0x08004ded   Thumb Code   106  object.o(.text.rt_object_allocate)
    rt_object_delete                         0x08004e59   Thumb Code    44  object.o(.text.rt_object_delete)
    rt_object_detach                         0x08004e85   Thumb Code    36  object.o(.text.rt_object_detach)
    rt_object_get_information                0x08004ea9   Thumb Code    34  object.o(.text.rt_object_get_information)
    rt_object_init                           0x08004ecd   Thumb Code   100  object.o(.text.rt_object_init)
    rt_object_is_systemobject                0x08004f31   Thumb Code     6  object.o(.text.rt_object_is_systemobject)
    rt_schedule                              0x08004f39   Thumb Code   126  scheduler.o(.text.rt_schedule)
    rt_schedule_insert_thread                0x08004fb9   Thumb Code    82  scheduler.o(.text.rt_schedule_insert_thread)
    rt_schedule_remove_thread                0x0800500d   Thumb Code    84  scheduler.o(.text.rt_schedule_remove_thread)
    rt_sem_create                            0x08005061   Thumb Code    34  ipc.o(.text.rt_sem_create)
    rt_sem_init                              0x08005085   Thumb Code    32  ipc.o(.text.rt_sem_init)
    rt_sem_release                           0x080050a5   Thumb Code    78  ipc.o(.text.rt_sem_release)
    rt_sem_take                              0x080050f5   Thumb Code   186  ipc.o(.text.rt_sem_take)
    rt_show_version                          0x080051b1   Thumb Code    48  kservice.o(.text.rt_show_version)
    rt_strncpy                               0x08005269   Thumb Code    50  kservice.o(.text.rt_strncpy)
    rt_system_heap_init                      0x0800529d   Thumb Code   152  mem.o(.text.rt_system_heap_init)
    rt_system_scheduler_init                 0x08005379   Thumb Code    82  scheduler.o(.text.rt_system_scheduler_init)
    rt_system_scheduler_start                0x080053cd   Thumb Code    56  scheduler.o(.text.rt_system_scheduler_start)
    rt_system_timer_init                     0x08005405   Thumb Code    14  timer.o(.text.rt_system_timer_init)
    rt_system_timer_thread_init              0x08005415   Thumb Code     2  timer.o(.text.rt_system_timer_thread_init)
    rt_thread_control                        0x08005419   Thumb Code   202  thread.o(.text.rt_thread_control)
    rt_thread_create                         0x080054e5   Thumb Code   158  thread.o(.text.rt_thread_create)
    rt_thread_delay                          0x08005585   Thumb Code    10  thread.o(.text.rt_thread_delay)
    rt_thread_delay_until                    0x08005591   Thumb Code   164  thread.o(.text.rt_thread_delay_until)
    rt_thread_delete                         0x08005635   Thumb Code    94  thread.o(.text.rt_thread_delete)
    rt_thread_detach                         0x08005695   Thumb Code   114  thread.o(.text.rt_thread_detach)
    rt_thread_exit                           0x08005709   Thumb Code   110  thread.o(.text.rt_thread_exit)
    rt_thread_idle_init                      0x080057b9   Thumb Code    72  idle.o(.text.rt_thread_idle_init)
    rt_thread_init                           0x08005809   Thumb Code   142  thread.o(.text.rt_thread_init)
    rt_thread_resume                         0x08005899   Thumb Code    70  thread.o(.text.rt_thread_resume)
    rt_thread_self                           0x080058e1   Thumb Code    12  thread.o(.text.rt_thread_self)
    rt_thread_sleep                          0x080058ed   Thumb Code   120  thread.o(.text.rt_thread_sleep)
    rt_thread_startup                        0x08005965   Thumb Code    92  thread.o(.text.rt_thread_startup)
    rt_thread_suspend                        0x080059c1   Thumb Code    66  thread.o(.text.rt_thread_suspend)
    rt_thread_timeout                        0x08005a05   Thumb Code    40  thread.o(.text.rt_thread_timeout)
    rt_thread_yield                          0x08005a2d   Thumb Code   114  thread.o(.text.rt_thread_yield)
    rt_tick_get                              0x08005aa1   Thumb Code    12  clock.o(.text.rt_tick_get)
    rt_tick_increase                         0x08005aad   Thumb Code    52  clock.o(.text.rt_tick_increase)
    rt_timer_check                           0x08005ae1   Thumb Code   176  timer.o(.text.rt_timer_check)
    rt_timer_control                         0x08005b91   Thumb Code    78  timer.o(.text.rt_timer_control)
    rt_timer_detach                          0x08005be1   Thumb Code    48  timer.o(.text.rt_timer_detach)
    rt_timer_init                            0x08005c11   Thumb Code    50  timer.o(.text.rt_timer_init)
    rt_timer_start                           0x08005c45   Thumb Code   134  timer.o(.text.rt_timer_start)
    rt_timer_stop                            0x08005ccd   Thumb Code    56  timer.o(.text.rt_timer_stop)
    rt_vsnprintf                             0x08005d05   Thumb Code   800  kservice.o(.text.rt_vsnprintf)
    serial_string_get                        0x0800603d   Thumb Code   140  usbd_enum.o(.text.serial_string_get)
    spi_dma_enable                           0x080060c9   Thumb Code    18  gd32f30x_spi.o(.text.spi_dma_enable)
    spi_enable                               0x080060dd   Thumb Code    10  gd32f30x_spi.o(.text.spi_enable)
    spi_i2s_data_receive                     0x080060e9   Thumb Code     6  gd32f30x_spi.o(.text.spi_i2s_data_receive)
    spi_i2s_data_transmit                    0x080060f1   Thumb Code     4  gd32f30x_spi.o(.text.spi_i2s_data_transmit)
    spi_i2s_deinit                           0x080060f5   Thumb Code    72  gd32f30x_spi.o(.text.spi_i2s_deinit)
    spi_i2s_flag_get                         0x0800613d   Thumb Code    10  gd32f30x_spi.o(.text.spi_i2s_flag_get)
    spi_init                                 0x08006149   Thumb Code    52  gd32f30x_spi.o(.text.spi_init)
    spi_quad_disable                         0x0800617d   Thumb Code    14  gd32f30x_spi.o(.text.spi_quad_disable)
    timer_auto_reload_shadow_enable          0x0800618d   Thumb Code    10  gd32f30x_timer.o(.text.timer_auto_reload_shadow_enable)
    timer_channel_output_config              0x08006199   Thumb Code   518  gd32f30x_timer.o(.text.timer_channel_output_config)
    timer_channel_output_mode_config         0x080063a1   Thumb Code    58  gd32f30x_timer.o(.text.timer_channel_output_mode_config)
    timer_channel_output_pulse_value_config  0x080063dd   Thumb Code    12  gd32f30x_timer.o(.text.timer_channel_output_pulse_value_config)
    timer_channel_output_shadow_config       0x080063e9   Thumb Code    58  gd32f30x_timer.o(.text.timer_channel_output_shadow_config)
    timer_deinit                             0x08006425   Thumb Code   194  gd32f30x_timer.o(.text.timer_deinit)
    timer_enable                             0x080064e9   Thumb Code    10  gd32f30x_timer.o(.text.timer_enable)
    timer_init                               0x080064f5   Thumb Code   180  gd32f30x_timer.o(.text.timer_init)
    usart_baudrate_set                       0x080065a9   Thumb Code   106  gd32f30x_usart.o(.text.usart_baudrate_set)
    usart_data_transmit                      0x08006615   Thumb Code     8  gd32f30x_usart.o(.text.usart_data_transmit)
    usart_deinit                             0x0800661d   Thumb Code   122  gd32f30x_usart.o(.text.usart_deinit)
    usart_dma_receive_config                 0x08006699   Thumb Code    20  gd32f30x_usart.o(.text.usart_dma_receive_config)
    usart_dma_transmit_config                0x080066ad   Thumb Code    20  gd32f30x_usart.o(.text.usart_dma_transmit_config)
    usart_enable                             0x080066c1   Thumb Code    10  gd32f30x_usart.o(.text.usart_enable)
    usart_flag_get                           0x080066cd   Thumb Code    16  gd32f30x_usart.o(.text.usart_flag_get)
    usart_interrupt_enable                   0x080066dd   Thumb Code    22  gd32f30x_usart.o(.text.usart_interrupt_enable)
    usart_receive_config                     0x080066f5   Thumb Code    20  gd32f30x_usart.o(.text.usart_receive_config)
    usart_transmit_config                    0x08006709   Thumb Code    20  gd32f30x_usart.o(.text.usart_transmit_config)
    usbd_class_request                       0x08006731   Thumb Code    22  usbd_enum.o(.text.usbd_class_request)
    usbd_ep_recev                            0x080068c9   Thumb Code    42  usbd_core.o(.text.usbd_ep_recev)
    usbd_ep_send                             0x0800697d   Thumb Code    60  usbd_core.o(.text.usbd_ep_send)
    usbd_init                                0x08006c89   Thumb Code   114  usbd_core.o(.text.usbd_init)
    usbd_isr                                 0x08006cfd   Thumb Code   492  usbd_lld_int.o(.text.usbd_isr)
    usbd_standard_request                    0x08006f29   Thumb Code    12  usbd_enum.o(.text.usbd_standard_request)
    usbd_vendor_request                      0x08006f7d   Thumb Code     4  usbd_enum.o(.text.usbd_vendor_request)
    _btod_d2e                                0x08006f81   Thumb Code    62  btod.o(CL$$btod_d2e)
    _d2e_denorm_low                          0x08006fbf   Thumb Code    70  btod.o(CL$$btod_d2e_denorm_low)
    _d2e_norm_op1                            0x08007005   Thumb Code    96  btod.o(CL$$btod_d2e_norm_op1)
    __btod_div_common                        0x08007065   Thumb Code   696  btod.o(CL$$btod_div_common)
    _e2e                                     0x0800739d   Thumb Code   220  btod.o(CL$$btod_e2e)
    _btod_ediv                               0x08007479   Thumb Code    42  btod.o(CL$$btod_ediv)
    _btod_emul                               0x080074a3   Thumb Code    42  btod.o(CL$$btod_emul)
    __btod_mult_common                       0x080074cd   Thumb Code   580  btod.o(CL$$btod_mult_common)
    __ARM_fpclassify                         0x08007711   Thumb Code    48  fpclassify.o(i.__ARM_fpclassify)
    _is_digit                                0x08007741   Thumb Code    14  __printf_wp.o(i._is_digit)
    _get_lc_numeric                          0x08007751   Thumb Code    44  lc_numeric_c.o(locale$$code)
    _get_lc_ctype                            0x0800777d   Thumb Code    44  lc_ctype_c.o(locale$$code)
    __fpl_dretinf                            0x080077a9   Thumb Code    12  dretinf.o(x$fpl$dretinf)
    __aeabi_f2d                              0x080077b5   Thumb Code     0  f2d.o(x$fpl$f2d)
    _f2d                                     0x080077b5   Thumb Code    86  f2d.o(x$fpl$f2d)
    __fpl_fnaninf                            0x0800780b   Thumb Code   140  fnaninf.o(x$fpl$fnaninf)
    _fp_init                                 0x08007897   Thumb Code    26  fpinit.o(x$fpl$fpinit)
    __fplib_config_fpu_vfp                   0x080078af   Thumb Code     0  fpinit.o(x$fpl$fpinit)
    __fplib_config_pureend_doubles           0x080078af   Thumb Code     0  fpinit.o(x$fpl$fpinit)
    _printf_fp_dec                           0x080078b1   Thumb Code     4  printf1.o(x$fpl$printf1)
    _printf_fp_hex                           0x080078b5   Thumb Code     4  printf2.o(x$fpl$printf2)
    __I$use$fp                               0x080078b8   Number         0  usenofp.o(x$fpl$usenofp)
    vtable for cIMU                          0x080079b4   Data          12  imu.o(.rodata._ZTV4cIMU)
    vtable for cMSG                          0x080079c0   Data          12  msgthread.o(.rodata._ZTV4cMSG)
    __lowest_bit_bitmap                      0x080079cc   Data         256  kservice.o(.rodata.__lowest_bit_bitmap)
    sinTable_f32                             0x08007ad4   Data        2052  commontables.o(.rodata.sinTable_f32)
    __rt_init_rti_start                      0x0800843c   Data           4  components.o(.rti_fn.0)
    __rt_init_rti_board_start                0x08008440   Data           4  components.o(.rti_fn.0.end)
    __rt_init_rti_board_end                  0x08008444   Data           4  components.o(.rti_fn.1.end)
    __rt_init_rti_end                        0x08008448   Data           4  components.o(.rti_fn.6.end)
    Region$$Table$$Base                      0x0800844c   Number         0  anon$$obj.o(Region$$Table)
    Region$$Table$$Limit                     0x0800846c   Number         0  anon$$obj.o(Region$$Table)
    __ctype                                  0x08008495   Data           0  lc_ctype_c.o(locale$$data)
    SystemCoreClock                          0x20000000   Data           4  system_gd32f30x.o(.data.SystemCoreClock)
    btable_ep                                0x20000004   Data           4  usbd_lld_core.o(.data.btable_ep)
    cdc_class                                0x20000008   Data          32  cdc_acm_core.o(.data.cdc_class)
    cdc_config_desc                          0x20000028   Data          67  cdc_acm_core.o(.data.cdc_config_desc)
    cdc_desc                                 0x2000006c   Data          16  cdc_acm_core.o(.data.cdc_desc)
    cdc_dev_desc                             0x2000007c   Data          18  cdc_acm_core.o(.data.cdc_dev_desc)
    dataUUU                                  0x2000008e   Data         128  main.o(.data.dataUUU)
    dataZZZ                                  0x2000010e   Data         128  main.o(.data.dataZZZ)
    usbd_cdc_strings                         0x20000368   Data          16  cdc_acm_core.o(.data.usbd_cdc_strings)
    usbd_drv_handler                         0x20000378   Data          64  usbd_lld_core.o(.data.usbd_drv_handler)
    __libspace_start                         0x200003c0   Data          96  libspace.o(.bss)
    IMU                                      0x20000420   Data           4  imu.o(.bss.IMU)
    __temporary_stack_top$libspace           0x20000420   Data           0  libspace.o(.bss)
    IMUHeat_thread                           0x20000424   Data           4  imu.o(.bss.IMUHeat_thread)
    IMUSlaver_thread                         0x20000428   Data           4  imu.o(.bss.IMUSlaver_thread)
    IMU_INT1Sem                              0x2000042c   Data           4  imu.o(.bss.IMU_INT1Sem)
    IMU_INT2Sem                              0x20000430   Data           4  imu.o(.bss.IMU_INT2Sem)
    IMU_thread                               0x20000434   Data           4  imu.o(.bss.IMU_thread)
    LED                                      0x20000438   Data          24  main.o(.bss.LED)
    Msg                                      0x20000450   Data           4  msgthread.o(.bss.Msg)
    UART0_RxSem                              0x20000454   Data           4  msgthread.o(.bss.UART0_RxSem)
    UART0_TxMut                              0x20000458   Data           4  msgthread.o(.bss.UART0_TxMut)
    UART0_TxSem                              0x2000045c   Data           4  msgthread.o(.bss.UART0_TxSem)
    UART_thread                              0x20000460   Data           4  msgthread.o(.bss.UART_thread)
    USBD_Sem                                 0x20000464   Data           4  msgthread.o(.bss.USBD_Sem)
    USBD_thread                              0x20000468   Data           4  msgthread.o(.bss.USBD_thread)
    __cxa_new_handler                        0x2000046c   Data           4  cxa_default_handlers.cpp.o(.bss.__cxa_new_handler)
    my_usb_dev                               0x20000570   Data           4  msgthread.o(.bss.my_usb_dev)
    rt_current_priority                      0x20000574   Data           1  scheduler.o(.bss.rt_current_priority)
    rt_current_thread                        0x20000578   Data           4  scheduler.o(.bss.rt_current_thread)
    rt_interrupt_from_thread                 0x20008580   Data           4  cpuport.o(.bss.rt_interrupt_from_thread)
    rt_interrupt_nest                        0x20008584   Data           1  irq.o(.bss.rt_interrupt_nest)
    rt_interrupt_to_thread                   0x20008588   Data           4  cpuport.o(.bss.rt_interrupt_to_thread)
    rt_thread_defunct                        0x20008610   Data           8  scheduler.o(.bss.rt_thread_defunct)
    rt_thread_priority_table                 0x20008618   Data         256  scheduler.o(.bss.rt_thread_priority_table)
    rt_thread_ready_priority_group           0x20008718   Data           4  scheduler.o(.bss.rt_thread_ready_priority_group)
    rt_thread_switch_interrupt_flag          0x2000881c   Data           4  cpuport.o(.bss.rt_thread_switch_interrupt_flag)
    usbd_core                                0x20008830   Data           8  usbd_lld_core.o(.bss.usbd_core)
    usbd_int_fops                            0x20008838   Data           4  usbd_core.o(.bss.usbd_int_fops)



==============================================================================

Memory Map of the image

  Image Entry point : 0x08000131

  Load Region LR_IROM1 (Base: 0x08000000, Size: 0x00008958, Max: 0x00080000, ABSOLUTE, COMPRESSED[0x000086d8])

    Execution Region ER_IROM1 (Exec base: 0x08000000, Load base: 0x08000000, Size: 0x00008598, Max: 0x00080000, ABSOLUTE)

    Exec Addr    Load Addr    Size         Type   Attr      Idx    E Section Name        Object

    0x08000000   0x08000000   0x00000130   Data   RO         1379    RESET               startup_gd32f30x_hd.o
    0x08000130   0x08000130   0x00000008   Code   RO         3274  * !!!main             c_w.l(__main.o)
    0x08000138   0x08000138   0x00000034   Code   RO         3947    !!!scatter          c_w.l(__scatter.o)
    0x0800016c   0x0800016c   0x0000003a   Code   RO         3945    !!dczerorl          c_w.l(__dczerorl.o)
    0x080001a6   0x080001a6   0x00000002   PAD
    0x080001a8   0x080001a8   0x0000001c   Code   RO         3949    !!handler_zi        c_w.l(__scatter_zi.o)
    0x080001c4   0x080001c4   0x00000000   Code   RO         3547    .ARM.Collect$$_printf_percent$$00000000  c_w.l(_printf_percent.o)
    0x080001c4   0x080001c4   0x00000006   Code   RO         3536    .ARM.Collect$$_printf_percent$$00000001  c_w.l(_printf_n.o)
    0x080001ca   0x080001ca   0x00000006   Code   RO         3538    .ARM.Collect$$_printf_percent$$00000002  c_w.l(_printf_p.o)
    0x080001d0   0x080001d0   0x00000006   Code   RO         3543    .ARM.Collect$$_printf_percent$$00000003  c_w.l(_printf_f.o)
    0x080001d6   0x080001d6   0x00000006   Code   RO         3544    .ARM.Collect$$_printf_percent$$00000004  c_w.l(_printf_e.o)
    0x080001dc   0x080001dc   0x00000006   Code   RO         3545    .ARM.Collect$$_printf_percent$$00000005  c_w.l(_printf_g.o)
    0x080001e2   0x080001e2   0x00000006   Code   RO         3546    .ARM.Collect$$_printf_percent$$00000006  c_w.l(_printf_a.o)
    0x080001e8   0x080001e8   0x0000000a   Code   RO         3551    .ARM.Collect$$_printf_percent$$00000007  c_w.l(_printf_ll.o)
    0x080001f2   0x080001f2   0x00000006   Code   RO         3540    .ARM.Collect$$_printf_percent$$00000008  c_w.l(_printf_i.o)
    0x080001f8   0x080001f8   0x00000006   Code   RO         3541    .ARM.Collect$$_printf_percent$$00000009  c_w.l(_printf_d.o)
    0x080001fe   0x080001fe   0x00000006   Code   RO         3542    .ARM.Collect$$_printf_percent$$0000000A  c_w.l(_printf_u.o)
    0x08000204   0x08000204   0x00000006   Code   RO         3539    .ARM.Collect$$_printf_percent$$0000000B  c_w.l(_printf_o.o)
    0x0800020a   0x0800020a   0x00000006   Code   RO         3537    .ARM.Collect$$_printf_percent$$0000000C  c_w.l(_printf_x.o)
    0x08000210   0x08000210   0x00000006   Code   RO         3548    .ARM.Collect$$_printf_percent$$0000000D  c_w.l(_printf_lli.o)
    0x08000216   0x08000216   0x00000006   Code   RO         3549    .ARM.Collect$$_printf_percent$$0000000E  c_w.l(_printf_lld.o)
    0x0800021c   0x0800021c   0x00000006   Code   RO         3550    .ARM.Collect$$_printf_percent$$0000000F  c_w.l(_printf_llu.o)
    0x08000222   0x08000222   0x00000006   Code   RO         3555    .ARM.Collect$$_printf_percent$$00000010  c_w.l(_printf_llo.o)
    0x08000228   0x08000228   0x00000006   Code   RO         3556    .ARM.Collect$$_printf_percent$$00000011  c_w.l(_printf_llx.o)
    0x0800022e   0x0800022e   0x0000000a   Code   RO         3552    .ARM.Collect$$_printf_percent$$00000012  c_w.l(_printf_l.o)
    0x08000238   0x08000238   0x00000006   Code   RO         3534    .ARM.Collect$$_printf_percent$$00000013  c_w.l(_printf_c.o)
    0x0800023e   0x0800023e   0x00000006   Code   RO         3535    .ARM.Collect$$_printf_percent$$00000014  c_w.l(_printf_s.o)
    0x08000244   0x08000244   0x00000006   Code   RO         3553    .ARM.Collect$$_printf_percent$$00000015  c_w.l(_printf_lc.o)
    0x0800024a   0x0800024a   0x00000006   Code   RO         3554    .ARM.Collect$$_printf_percent$$00000016  c_w.l(_printf_ls.o)
    0x08000250   0x08000250   0x00000004   Code   RO         3707    .ARM.Collect$$_printf_percent$$00000017  c_w.l(_printf_percent_end.o)
    0x08000254   0x08000254   0x00000002   Code   RO         3865    .ARM.Collect$$libinit$$00000000  c_w.l(libinit.o)
    0x08000256   0x08000256   0x00000004   Code   RO         3716    .ARM.Collect$$libinit$$00000001  c_w.l(libinit2.o)
    0x0800025a   0x0800025a   0x00000000   Code   RO         3719    .ARM.Collect$$libinit$$00000004  c_w.l(libinit2.o)
    0x0800025a   0x0800025a   0x00000000   Code   RO         3721    .ARM.Collect$$libinit$$00000006  c_w.l(libinit2.o)
    0x0800025a   0x0800025a   0x00000008   Code   RO         3722    .ARM.Collect$$libinit$$00000007  c_w.l(libinit2.o)
    0x08000262   0x08000262   0x00000000   Code   RO         3724    .ARM.Collect$$libinit$$0000000C  c_w.l(libinit2.o)
    0x08000262   0x08000262   0x00000000   Code   RO         3726    .ARM.Collect$$libinit$$0000000E  c_w.l(libinit2.o)
    0x08000262   0x08000262   0x00000000   Code   RO         3728    .ARM.Collect$$libinit$$00000010  c_w.l(libinit2.o)
    0x08000262   0x08000262   0x00000006   Code   RO         3729    .ARM.Collect$$libinit$$00000011  c_w.l(libinit2.o)
    0x08000268   0x08000268   0x00000000   Code   RO         3731    .ARM.Collect$$libinit$$00000013  c_w.l(libinit2.o)
    0x08000268   0x08000268   0x0000000c   Code   RO         3732    .ARM.Collect$$libinit$$00000014  c_w.l(libinit2.o)
    0x08000274   0x08000274   0x00000000   Code   RO         3733    .ARM.Collect$$libinit$$00000015  c_w.l(libinit2.o)
    0x08000274   0x08000274   0x00000000   Code   RO         3735    .ARM.Collect$$libinit$$00000017  c_w.l(libinit2.o)
    0x08000274   0x08000274   0x0000000a   Code   RO         3736    .ARM.Collect$$libinit$$00000018  c_w.l(libinit2.o)
    0x0800027e   0x0800027e   0x00000000   Code   RO         3737    .ARM.Collect$$libinit$$00000019  c_w.l(libinit2.o)
    0x0800027e   0x0800027e   0x00000000   Code   RO         3739    .ARM.Collect$$libinit$$0000001B  c_w.l(libinit2.o)
    0x0800027e   0x0800027e   0x00000000   Code   RO         3741    .ARM.Collect$$libinit$$0000001D  c_w.l(libinit2.o)
    0x0800027e   0x0800027e   0x00000000   Code   RO         3743    .ARM.Collect$$libinit$$0000001F  c_w.l(libinit2.o)
    0x0800027e   0x0800027e   0x00000000   Code   RO         3745    .ARM.Collect$$libinit$$00000021  c_w.l(libinit2.o)
    0x0800027e   0x0800027e   0x00000000   Code   RO         3747    .ARM.Collect$$libinit$$00000023  c_w.l(libinit2.o)
    0x0800027e   0x0800027e   0x00000000   Code   RO         3749    .ARM.Collect$$libinit$$00000025  c_w.l(libinit2.o)
    0x0800027e   0x0800027e   0x00000000   Code   RO         3751    .ARM.Collect$$libinit$$00000027  c_w.l(libinit2.o)
    0x0800027e   0x0800027e   0x00000000   Code   RO         3755    .ARM.Collect$$libinit$$0000002E  c_w.l(libinit2.o)
    0x0800027e   0x0800027e   0x00000000   Code   RO         3757    .ARM.Collect$$libinit$$00000030  c_w.l(libinit2.o)
    0x0800027e   0x0800027e   0x00000000   Code   RO         3759    .ARM.Collect$$libinit$$00000032  c_w.l(libinit2.o)
    0x0800027e   0x0800027e   0x00000000   Code   RO         3761    .ARM.Collect$$libinit$$00000034  c_w.l(libinit2.o)
    0x0800027e   0x0800027e   0x00000002   Code   RO         3762    .ARM.Collect$$libinit$$00000035  c_w.l(libinit2.o)
    0x08000280   0x08000280   0x00000002   Code   RO         3942    .ARM.Collect$$libshutdown$$00000000  c_w.l(libshutdown.o)
    0x08000282   0x08000282   0x00000000   Code   RO         3913    .ARM.Collect$$libshutdown$$00000002  c_w.l(libshutdown2.o)
    0x08000282   0x08000282   0x00000000   Code   RO         3915    .ARM.Collect$$libshutdown$$00000004  c_w.l(libshutdown2.o)
    0x08000282   0x08000282   0x00000000   Code   RO         3918    .ARM.Collect$$libshutdown$$00000007  c_w.l(libshutdown2.o)
    0x08000282   0x08000282   0x00000000   Code   RO         3921    .ARM.Collect$$libshutdown$$0000000A  c_w.l(libshutdown2.o)
    0x08000282   0x08000282   0x00000000   Code   RO         3923    .ARM.Collect$$libshutdown$$0000000C  c_w.l(libshutdown2.o)
    0x08000282   0x08000282   0x00000000   Code   RO         3926    .ARM.Collect$$libshutdown$$0000000F  c_w.l(libshutdown2.o)
    0x08000282   0x08000282   0x00000002   Code   RO         3927    .ARM.Collect$$libshutdown$$00000010  c_w.l(libshutdown2.o)
    0x08000284   0x08000284   0x00000000   Code   RO         3393    .ARM.Collect$$rtentry$$00000000  c_w.l(__rtentry.o)
    0x08000284   0x08000284   0x00000000   Code   RO         3646    .ARM.Collect$$rtentry$$00000002  c_w.l(__rtentry2.o)
    0x08000284   0x08000284   0x00000006   Code   RO         3658    .ARM.Collect$$rtentry$$00000004  c_w.l(__rtentry4.o)
    0x0800028a   0x0800028a   0x00000000   Code   RO         3648    .ARM.Collect$$rtentry$$00000009  c_w.l(__rtentry2.o)
    0x0800028a   0x0800028a   0x00000004   Code   RO         3649    .ARM.Collect$$rtentry$$0000000A  c_w.l(__rtentry2.o)
    0x0800028e   0x0800028e   0x00000000   Code   RO         3651    .ARM.Collect$$rtentry$$0000000C  c_w.l(__rtentry2.o)
    0x0800028e   0x0800028e   0x00000008   Code   RO         3652    .ARM.Collect$$rtentry$$0000000D  c_w.l(__rtentry2.o)
    0x08000296   0x08000296   0x00000002   Code   RO         3870    .ARM.Collect$$rtexit$$00000000  c_w.l(rtexit.o)
    0x08000298   0x08000298   0x00000000   Code   RO         3898    .ARM.Collect$$rtexit$$00000002  c_w.l(rtexit2.o)
    0x08000298   0x08000298   0x00000004   Code   RO         3899    .ARM.Collect$$rtexit$$00000003  c_w.l(rtexit2.o)
    0x0800029c   0x0800029c   0x00000006   Code   RO         3900    .ARM.Collect$$rtexit$$00000004  c_w.l(rtexit2.o)
    0x080002a2   0x080002a2   0x00000002   PAD
    0x080002a4   0x080002a4   0x00000040   Code   RO         1380    .text               startup_gd32f30x_hd.o
    0x080002e4   0x080002e4   0x00000134   Code   RO         3233    .text               context_rvds.o
    0x08000418   0x08000418   0x0000003c   Code   RO         3262    .text               c_w.l(vsnprintf.o)
    0x08000454   0x08000454   0x00000010   Code   RO         3266    .text               c_w.l(aeabi_memset.o)
    0x08000464   0x08000464   0x00000044   Code   RO         3268    .text               c_w.l(rt_memclr.o)
    0x080004a8   0x080004a8   0x0000004e   Code   RO         3270    .text               c_w.l(rt_memclr_w.o)
    0x080004f6   0x080004f6   0x00000006   Code   RO         3272    .text               c_w.l(heapauxi.o)
    0x080004fc   0x080004fc   0x0000005e   Code   RO         3402    .text               c_w.l(h1_alloc.o)
    0x0800055a   0x0800055a   0x0000004e   Code   RO         3404    .text               c_w.l(h1_free.o)
    0x080005a8   0x080005a8   0x0000004e   Code   RO         3468    .text               c_w.l(_printf_pad.o)
    0x080005f6   0x080005f6   0x00000024   Code   RO         3470    .text               c_w.l(_printf_truncate.o)
    0x0800061a   0x0800061a   0x00000052   Code   RO         3472    .text               c_w.l(_printf_str.o)
    0x0800066c   0x0800066c   0x00000078   Code   RO         3474    .text               c_w.l(_printf_dec.o)
    0x080006e4   0x080006e4   0x00000028   Code   RO         3476    .text               c_w.l(_printf_charcount.o)
    0x0800070c   0x0800070c   0x00000030   Code   RO         3478    .text               c_w.l(_printf_char_common.o)
    0x0800073c   0x0800073c   0x00000010   Code   RO         3480    .text               c_w.l(_snputc.o)
    0x0800074c   0x0800074c   0x000000bc   Code   RO         3482    .text               c_w.l(_printf_wctomb.o)
    0x08000808   0x08000808   0x0000007c   Code   RO         3485    .text               c_w.l(_printf_longlong_dec.o)
    0x08000884   0x08000884   0x00000070   Code   RO         3491    .text               c_w.l(_printf_oct_int_ll.o)
    0x080008f4   0x080008f4   0x00000094   Code   RO         3511    .text               c_w.l(_printf_hex_int_ll_ptr.o)
    0x08000988   0x08000988   0x00000188   Code   RO         3531    .text               c_w.l(__printf_flags_ss_wp.o)
    0x08000b10   0x08000b10   0x0000000c   Code   RO         3639    .text               c_w.l(sys_exit.o)
    0x08000b1c   0x08000b1c   0x00000008   Code   RO         3665    .text               c_w.l(rt_heap_descriptor_intlibspace.o)
    0x08000b24   0x08000b24   0x00000004   Code   RO         3672    .text               c_w.l(hguard.o)
    0x08000b28   0x08000b28   0x0000008a   Code   RO         3674    .text               c_w.l(init_alloc.o)
    0x08000bb2   0x08000bb2   0x0000000e   Code   RO         3678    .text               c_w.l(h1_init.o)
    0x08000bc0   0x08000bc0   0x0000008a   Code   RO         3690    .text               c_w.l(lludiv10.o)
    0x08000c4a   0x08000c4a   0x000000b2   Code   RO         3692    .text               c_w.l(_printf_intcommon.o)
    0x08000cfc   0x08000cfc   0x0000041c   Code   RO         3694    .text               c_w.l(_printf_fp_dec.o)
    0x08001118   0x08001118   0x000002fc   Code   RO         3698    .text               c_w.l(_printf_fp_hex.o)
    0x08001414   0x08001414   0x0000002c   Code   RO         3703    .text               c_w.l(_printf_char.o)
    0x08001440   0x08001440   0x0000002c   Code   RO         3705    .text               c_w.l(_printf_wchar.o)
    0x0800146c   0x0800146c   0x00000048   Code   RO         3708    .text               c_w.l(_c16rtomb.o)
    0x080014b4   0x080014b4   0x00000008   Code   RO         3784    .text               c_w.l(libspace.o)
    0x080014bc   0x080014bc   0x00000002   Code   RO         3787    .text               c_w.l(use_no_semi.o)
    0x080014be   0x080014be   0x00000000   Code   RO         3789    .text               c_w.l(indicate_semi.o)
    0x080014be   0x080014be   0x0000004a   Code   RO         3790    .text               c_w.l(sys_stackheap_outer.o)
    0x08001508   0x08001508   0x00000010   Code   RO         3792    .text               c_w.l(rt_ctype_table.o)
    0x08001518   0x08001518   0x00000008   Code   RO         3799    .text               c_w.l(rt_locale_intlibspace.o)
    0x08001520   0x08001520   0x00000000   Code   RO         3803    .text               c_w.l(maybetermalloc1.o)
    0x08001520   0x08001520   0x00000034   Code   RO         3805    .text               c_w.l(h1_extend.o)
    0x08001554   0x08001554   0x00000080   Code   RO         3809    .text               c_w.l(_printf_fp_infnan.o)
    0x080015d4   0x080015d4   0x000000e4   Code   RO         3811    .text               c_w.l(bigflt0.o)
    0x080016b8   0x080016b8   0x00000012   Code   RO         3841    .text               c_w.l(exit.o)
    0x080016ca   0x080016ca   0x0000000a   Code   RO         3843    .text               c_w.l(defsig_exit.o)
    0x080016d4   0x080016d4   0x0000000e   Code   RO         3851    .text               c_w.l(defsig_rtmem_outer.o)
    0x080016e2   0x080016e2   0x00000032   Code   RO         3881    .text               c_w.l(defsig_general.o)
    0x08001714   0x08001714   0x00000050   Code   RO         3885    .text               c_w.l(defsig_rtmem_inner.o)
    0x08001764   0x08001764   0x00000004   PAD
    0x08001768   0x08001768   0x0000007c   Code   RO         3887    .text               c_w.l(strcmpv7em.o)
    0x080017e4   0x080017e4   0x0000000e   Code   RO         3893    .text               c_w.l(sys_wrch.o)
    0x080017f2   0x080017f2   0x00000002   PAD
    0x080017f4   0x080017f4   0x00000054   Code   RO         2893    .text.$Sub$$main    components.o
    0x08001848   0x08001848   0x00000002   Code   RO         1404    .text.BusFault_Handler  gd32f30x_it.o
    0x0800184a   0x0800184a   0x00000002   PAD
    0x0800184c   0x0800184c   0x00000040   Code   RO         1558    .text.DMA0_Channel3_IRQHandler  msgthread.o
    0x0800188c   0x0800188c   0x0000000c   Code   RO         1529    .text.DMA1_Channel1_IRQHandler  main.o
    0x08001898   0x08001898   0x00000002   Code   RO         1410    .text.DebugMon_Handler  gd32f30x_it.o
    0x0800189a   0x0800189a   0x00000002   PAD
    0x0800189c   0x0800189c   0x00000026   Code   RO         1602    .text.EXTI3_IRQHandler  imu.o
    0x080018c2   0x080018c2   0x00000002   PAD
    0x080018c4   0x080018c4   0x00000026   Code   RO         1604    .text.EXTI4_IRQHandler  imu.o
    0x080018ea   0x080018ea   0x00000002   PAD
    0x080018ec   0x080018ec   0x00000002   Code   RO         1402    .text.MemManage_Handler  gd32f30x_it.o
    0x080018ee   0x080018ee   0x00000002   PAD
    0x080018f0   0x080018f0   0x00000002   Code   RO         1400    .text.NMI_Handler   gd32f30x_it.o
    0x080018f2   0x080018f2   0x00000002   PAD
    0x080018f4   0x080018f4   0x00000002   Code   RO         1408    .text.SVC_Handler   gd32f30x_it.o
    0x080018f6   0x080018f6   0x00000002   PAD
    0x080018f8   0x080018f8   0x00000012   Code   RO         2825    .text.SysTick_Handler  board.o
    0x0800190a   0x0800190a   0x00000002   PAD
    0x0800190c   0x0800190c   0x000000a0   Code   RO         1389    .text.SystemCoreClockUpdate  system_gd32f30x.o
    0x080019ac   0x080019ac   0x000001ac   Code   RO         1387    .text.SystemInit    system_gd32f30x.o
    0x08001b58   0x08001b58   0x00000004   Code   RO         1564    .text.USBD_LP_CAN0_RX0_IRQHandler  msgthread.o
    0x08001b5c   0x08001b5c   0x00000008   Code   RO         1566    .text.USBD_WKUP_IRQHandler  msgthread.o
    0x08001b64   0x08001b64   0x00000002   Code   RO         1406    .text.UsageFault_Handler  gd32f30x_it.o
    0x08001b66   0x08001b66   0x00000002   PAD
    0x08001b68   0x08001b68   0x00000014   Code   RO         1598    .text._Z10IMU2ThreadPv  imu.o
    0x08001b7c   0x08001b7c   0x00000060   Code   RO         1556    .text._Z10UARTThreadPv  msgthread.o
    0x08001bdc   0x08001bdc   0x0000010c   Code   RO         1560    .text._Z10USBDThreadPv  msgthread.o
    0x08001ce8   0x08001ce8   0x00000070   Code   RO         1600    .text._Z13IMUHeatThreadPv  imu.o
    0x08001d58   0x08001d58   0x000001fc   Code   RO         1596    .text._Z9IMUThreadPv  imu.o
    0x08001f54   0x08001f54   0x0000002c   Code   RO         1521    .text._ZL11Test1ThreadPv  main.o
    0x08001f80   0x08001f80   0x000000ac   Code   RO         1523    .text._ZL11Test2ThreadPv  main.o
    0x0800202c   0x0800202c   0x0000002c   Code   RO         1525    .text._ZL11Test3ThreadPv  main.o
    0x08002058   0x08002058   0x0000002a   Code   RO         1527    .text._ZL11Test4ThreadPv  main.o
    0x08002082   0x08002082   0x00000002   PAD
    0x08002084   0x08002084   0x00000150   Code   RO         1519    .text._ZL9LEDThreadPv  main.o
    0x080021d4   0x080021d4   0x0000003e   Code   RO         1619    .text._ZN4cIMU8PID_InitEv  imu.o
    0x08002212   0x08002212   0x00000002   PAD
    0x08002214   0x08002214   0x0000006a   Code   RO         1570    .text._ZN4cMSG6PrintfEPKcz  msgthread.o
    0x0800227e   0x0800227e   0x00000002   PAD
    0x08002280   0x08002280   0x0000004c   Code   RO         1562    .text._ZN4cMSG6UartTxEPht  msgthread.o
    0x080022cc   0x080022cc   0x00000074   Code   RO         1568    .text._ZN4cMSG6UartTxEhPht  msgthread.o
    0x08002340   0x08002340   0x00000042   Code   RO         1433    .text._ZN4cSPI12Transmit_DMAEPht  spi_gd.o
    0x08002382   0x08002382   0x00000002   PAD
    0x08002384   0x08002384   0x00000032   Code   RO         1431    .text._ZN4cSPI19SPI_ExchangeOneByteEh  spi_gd.o
    0x080023b6   0x080023b6   0x00000002   PAD
    0x080023b8   0x080023b8   0x0000002a   Code   RO         1435    .text._ZN4cSPI6IRQ_TxEv  spi_gd.o
    0x080023e2   0x080023e2   0x00000002   PAD
    0x080023e4   0x080023e4   0x00000042   Code   RO         1449    .text._ZN5cUART12Transmit_DMAEPht  uart_gd.o
    0x08002426   0x08002426   0x00000002   PAD
    0x08002428   0x08002428   0x00000008   Code   RO         1591    .text._ZN5cUART5DelayEv  msgthread.o
    0x08002430   0x08002430   0x0000008a   Code   RO         1467    .text._ZN7cWS281x13LED_UpdateDMAEP10LEDColor_tt  ws281x.o
    0x080024ba   0x080024ba   0x00000002   PAD
    0x080024bc   0x080024bc   0x00000004   Code   RO         1461    .text._ZN7cWS281x4InitEPh  ws281x.o
    0x080024c0   0x080024c0   0x000000d8   Code   RO         1419    .text._ZN9PID_Inc_C7PID_CalEf  pid.o
    0x08002598   0x08002598   0x0000006e   Code   RO         1489    .text._ZN9cICM4268813ReadAccelGyroEv  icm42688.o
    0x08002606   0x08002606   0x00000002   PAD
    0x08002608   0x08002608   0x00000024   Code   RO         1477    .text._ZN9cICM426887ReadRegEh  icm42688.o
    0x0800262c   0x0800262c   0x00000060   Code   RO         1491    .text._ZN9cICM426887ReadTemEv  icm42688.o
    0x0800268c   0x0800268c   0x00000022   Code   RO         1481    .text._ZN9cICM426888WriteRegEhh  icm42688.o
    0x080026ae   0x080026ae   0x0000000c   Code   RO         3601    .text._ZSt15get_new_handlerv  libcppabi_w.l(cxa_handlers.cpp.o)
    0x080026ba   0x080026ba   0x00000002   PAD
    0x080026bc   0x080026bc   0x00000026   Code   RO         3311    .text._Znwj         libcpp_w.l(new.cpp.o)
    0x080026e2   0x080026e2   0x00000002   PAD
    0x080026e4   0x080026e4   0x00000038   Code   RO         3056    .text.__rt_ffs      kservice.o
    0x0800271c   0x0800271c   0x00000064   Code   RO         2716    .text._usb_in0_transc  usbd_transc.o
    0x08002780   0x08002780   0x0000004c   Code   RO         2714    .text._usb_out0_transc  usbd_transc.o
    0x080027cc   0x080027cc   0x000000b2   Code   RO         2712    .text._usb_setup_transc  usbd_transc.o
    0x0800287e   0x0800287e   0x00000002   PAD
    0x08002880   0x08002880   0x0000007c   Code   RO         2671    .text._usb_std_clearfeature  usbd_enum.o
    0x080028fc   0x080028fc   0x0000003e   Code   RO         2683    .text._usb_std_getconfiguration  usbd_enum.o
    0x0800293a   0x0800293a   0x00000002   PAD
    0x0800293c   0x0800293c   0x000000d2   Code   RO         2679    .text._usb_std_getdescriptor  usbd_enum.o
    0x08002a0e   0x08002a0e   0x00000002   PAD
    0x08002a10   0x08002a10   0x00000020   Code   RO         2687    .text._usb_std_getinterface  usbd_enum.o
    0x08002a30   0x08002a30   0x000000a8   Code   RO         2669    .text._usb_std_getstatus  usbd_enum.o
    0x08002ad8   0x08002ad8   0x00000004   Code   RO         2673    .text._usb_std_reserved  usbd_enum.o
    0x08002adc   0x08002adc   0x00000028   Code   RO         2677    .text._usb_std_setaddress  usbd_enum.o
    0x08002b04   0x08002b04   0x00000080   Code   RO         2685    .text._usb_std_setconfiguration  usbd_enum.o
    0x08002b84   0x08002b84   0x00000004   Code   RO         2681    .text._usb_std_setdescriptor  usbd_enum.o
    0x08002b88   0x08002b88   0x00000082   Code   RO         2675    .text._usb_std_setfeature  usbd_enum.o
    0x08002c0a   0x08002c0a   0x00000002   PAD
    0x08002c0c   0x08002c0c   0x00000022   Code   RO         2689    .text._usb_std_setinterface  usbd_enum.o
    0x08002c2e   0x08002c2e   0x00000002   PAD
    0x08002c30   0x08002c30   0x00000004   Code   RO         2691    .text._usb_std_synchframe  usbd_enum.o
    0x08002c34   0x08002c34   0x00000094   Code   RO         1965    .text.arm_cos_f32   fastmathfunctions.o
    0x08002cc8   0x08002cc8   0x0000008c   Code   RO         1971    .text.arm_sin_f32   fastmathfunctions.o
    0x08002d54   0x08002d54   0x0000001c   Code   RO         2789    .text.cdc_acm_ctlx_out  cdc_acm_core.o
    0x08002d70   0x08002d70   0x0000002c   Code   RO         2791    .text.cdc_acm_data_in  cdc_acm_core.o
    0x08002d9c   0x08002d9c   0x00000032   Code   RO         2793    .text.cdc_acm_data_out  cdc_acm_core.o
    0x08002dce   0x08002dce   0x00000002   PAD
    0x08002dd0   0x08002dd0   0x0000002c   Code   RO         2785    .text.cdc_acm_deinit  cdc_acm_core.o
    0x08002dfc   0x08002dfc   0x00000096   Code   RO         2783    .text.cdc_acm_init  cdc_acm_core.o
    0x08002e92   0x08002e92   0x00000002   PAD
    0x08002e94   0x08002e94   0x0000003c   Code   RO         2787    .text.cdc_acm_req_handler  cdc_acm_core.o
    0x08002ed0   0x08002ed0   0x0000001a   Code   RO          202    .text.crc_block_data_calculate  gd32f30x_crc.o
    0x08002eea   0x08002eea   0x00000002   PAD
    0x08002eec   0x08002eec   0x00000012   Code   RO          192    .text.crc_data_register_reset  gd32f30x_crc.o
    0x08002efe   0x08002efe   0x00000002   PAD
    0x08002f00   0x08002f00   0x00000024   Code   RO          360    .text.dma_channel_disable  gd32f30x_dma.o
    0x08002f24   0x08002f24   0x00000024   Code   RO          358    .text.dma_channel_enable  gd32f30x_dma.o
    0x08002f48   0x08002f48   0x00000024   Code   RO          352    .text.dma_circulation_disable  gd32f30x_dma.o
    0x08002f6c   0x08002f6c   0x0000003c   Code   RO          344    .text.dma_deinit    gd32f30x_dma.o
    0x08002fa8   0x08002fa8   0x00000074   Code   RO          348    .text.dma_init      gd32f30x_dma.o
    0x0800301c   0x0800301c   0x00000022   Code   RO          394    .text.dma_interrupt_enable  gd32f30x_dma.o
    0x0800303e   0x0800303e   0x00000002   PAD
    0x08003040   0x08003040   0x0000000e   Code   RO          392    .text.dma_interrupt_flag_clear  gd32f30x_dma.o
    0x0800304e   0x0800304e   0x00000002   PAD
    0x08003050   0x08003050   0x0000003a   Code   RO          390    .text.dma_interrupt_flag_get  gd32f30x_dma.o
    0x0800308a   0x0800308a   0x00000002   PAD
    0x0800308c   0x0800308c   0x0000001e   Code   RO          364    .text.dma_memory_address_config  gd32f30x_dma.o
    0x080030aa   0x080030aa   0x00000002   PAD
    0x080030ac   0x080030ac   0x00000024   Code   RO          356    .text.dma_memory_to_memory_disable  gd32f30x_dma.o
    0x080030d0   0x080030d0   0x00000020   Code   RO          366    .text.dma_transfer_number_config  gd32f30x_dma.o
    0x080030f0   0x080030f0   0x0000000c   Code   RO          481    .text.exti_flag_clear  gd32f30x_exti.o
    0x080030fc   0x080030fc   0x00000012   Code   RO          479    .text.exti_flag_get  gd32f30x_exti.o
    0x0800310e   0x0800310e   0x00000002   PAD
    0x08003110   0x08003110   0x0000009c   Code   RO          465    .text.exti_init     gd32f30x_exti.o
    0x080031ac   0x080031ac   0x00000012   Code   RO          469    .text.exti_interrupt_disable  gd32f30x_exti.o
    0x080031be   0x080031be   0x00000002   PAD
    0x080031c0   0x080031c0   0x00000010   Code   RO          467    .text.exti_interrupt_enable  gd32f30x_exti.o
    0x080031d0   0x080031d0   0x0000000c   Code   RO          485    .text.exti_interrupt_flag_clear  gd32f30x_exti.o
    0x080031dc   0x080031dc   0x00000086   Code   RO         1501    .text.fmc_erase_pages  flash_gd.o
    0x08003262   0x08003262   0x00000002   PAD
    0x08003264   0x08003264   0x0000001e   Code   RO          555    .text.fmc_flag_clear  gd32f30x_fmc.o
    0x08003282   0x08003282   0x00000002   PAD
    0x08003284   0x08003284   0x0000002c   Code   RO          503    .text.fmc_lock      gd32f30x_fmc.o
    0x080032b0   0x080032b0   0x000001d8   Code   RO          509    .text.fmc_page_erase  gd32f30x_fmc.o
    0x08003488   0x08003488   0x00000060   Code   RO         1503    .text.fmc_program   flash_gd.o
    0x080034e8   0x080034e8   0x00000020   Code   RO         1507    .text.fmc_program_check  flash_gd.o
    0x08003508   0x08003508   0x00000050   Code   RO          497    .text.fmc_unlock    gd32f30x_fmc.o
    0x08003558   0x08003558   0x000001c0   Code   RO          521    .text.fmc_word_program  gd32f30x_fmc.o
    0x08003718   0x08003718   0x00000004   Code   RO          605    .text.gpio_bit_reset  gd32f30x_gpio.o
    0x0800371c   0x0800371c   0x00000004   Code   RO          603    .text.gpio_bit_set  gd32f30x_gpio.o
    0x08003720   0x08003720   0x00000082   Code   RO          621    .text.gpio_exti_source_select  gd32f30x_gpio.o
    0x080037a2   0x080037a2   0x00000002   PAD
    0x080037a4   0x080037a4   0x000000b6   Code   RO          601    .text.gpio_init     gd32f30x_gpio.o
    0x0800385a   0x0800385a   0x00000002   PAD
    0x0800385c   0x0800385c   0x0000000a   Code   RO          611    .text.gpio_input_bit_get  gd32f30x_gpio.o
    0x08003866   0x08003866   0x00000002   PAD
    0x08003868   0x08003868   0x000001c4   Code   RO         3238    .text.list_thread   cmd.o
    0x08003a2c   0x08003a2c   0x00000330   Code   RO         1517    .text.main          main.o
    0x08003d5c   0x08003d5c   0x00000032   Code   RO         2897    .text.main_thread_entry  components.o
    0x08003d8e   0x08003d8e   0x00000002   PAD
    0x08003d90   0x08003d90   0x000000a8   Code   RO          715    .text.nvic_irq_enable  gd32f30x_misc.o
    0x08003e38   0x08003e38   0x00000014   Code   RO          713    .text.nvic_priority_group_set  gd32f30x_misc.o
    0x08003e4c   0x08003e4c   0x000001d4   Code   RO         3040    .text.print_number  kservice.o
    0x08004020   0x08004020   0x00000014   Code   RO          831    .text.rcu_ck48m_clock_config  gd32f30x_rcu.o
    0x08004034   0x08004034   0x000000d4   Code   RO          853    .text.rcu_clock_freq_get  gd32f30x_rcu.o
    0x08004108   0x08004108   0x0000001e   Code   RO          791    .text.rcu_periph_clock_enable  gd32f30x_rcu.o
    0x08004126   0x08004126   0x00000002   PAD
    0x08004128   0x08004128   0x00000020   Code   RO          801    .text.rcu_periph_reset_disable  gd32f30x_rcu.o
    0x08004148   0x08004148   0x0000001e   Code   RO          799    .text.rcu_periph_reset_enable  gd32f30x_rcu.o
    0x08004166   0x08004166   0x00000002   PAD
    0x08004168   0x08004168   0x00000014   Code   RO          827    .text.rcu_usb_clock_config  gd32f30x_rcu.o
    0x0800417c   0x0800417c   0x0000002c   Code   RO         2889    .text.rt_components_board_init  components.o
    0x080041a8   0x080041a8   0x0000001c   Code   RO         3139    .text.rt_enter_critical  scheduler.o
    0x080041c4   0x080041c4   0x00000042   Code   RO         3141    .text.rt_exit_critical  scheduler.o
    0x08004206   0x08004206   0x00000002   PAD
    0x08004208   0x08004208   0x00000140   Code   RO         3075    .text.rt_free       mem.o
    0x08004348   0x08004348   0x0000000a   Code   RO         2819    .text.rt_heap_begin_get  board.o
    0x08004352   0x08004352   0x00000002   PAD
    0x08004354   0x08004354   0x0000000e   Code   RO         2821    .text.rt_heap_end_get  board.o
    0x08004362   0x08004362   0x00000002   PAD
    0x08004364   0x08004364   0x00000460   Code   RO         2823    .text.rt_hw_board_init  board.o
    0x080047c4   0x080047c4   0x00000068   Code   RO         1572    .text.rt_hw_console_output  msgthread.o
    0x0800482c   0x0800482c   0x0000019c   Code   RO         2843    .text.rt_hw_hard_fault_exception  cpuport.o
    0x080049c8   0x080049c8   0x00000042   Code   RO         2839    .text.rt_hw_stack_init  cpuport.o
    0x08004a0a   0x08004a0a   0x00000002   PAD
    0x08004a0c   0x08004a0c   0x0000001c   Code   RO         2989    .text.rt_interrupt_enter  irq.o
    0x08004a28   0x08004a28   0x0000001c   Code   RO         2991    .text.rt_interrupt_leave  irq.o
    0x08004a44   0x08004a44   0x00000032   Code   RO         3036    .text.rt_kprintf    kservice.o
    0x08004a76   0x08004a76   0x00000002   PAD
    0x08004a78   0x08004a78   0x00000140   Code   RO         3071    .text.rt_malloc     mem.o
    0x08004bb8   0x08004bb8   0x0000005e   Code   RO         3010    .text.rt_memset     kservice.o
    0x08004c16   0x08004c16   0x00000002   PAD
    0x08004c18   0x08004c18   0x0000002a   Code   RO         2953    .text.rt_mutex_create  ipc.o
    0x08004c42   0x08004c42   0x00000002   PAD
    0x08004c44   0x08004c44   0x000000a6   Code   RO         2959    .text.rt_mutex_release  ipc.o
    0x08004cea   0x08004cea   0x00000002   PAD
    0x08004cec   0x08004cec   0x000000fe   Code   RO         2957    .text.rt_mutex_take  ipc.o
    0x08004dea   0x08004dea   0x00000002   PAD
    0x08004dec   0x08004dec   0x0000006a   Code   RO         3110    .text.rt_object_allocate  object.o
    0x08004e56   0x08004e56   0x00000002   PAD
    0x08004e58   0x08004e58   0x0000002c   Code   RO         3112    .text.rt_object_delete  object.o
    0x08004e84   0x08004e84   0x00000024   Code   RO         3108    .text.rt_object_detach  object.o
    0x08004ea8   0x08004ea8   0x00000022   Code   RO         3100    .text.rt_object_get_information  object.o
    0x08004eca   0x08004eca   0x00000002   PAD
    0x08004ecc   0x08004ecc   0x00000064   Code   RO         3106    .text.rt_object_init  object.o
    0x08004f30   0x08004f30   0x00000006   Code   RO         3114    .text.rt_object_is_systemobject  object.o
    0x08004f36   0x08004f36   0x00000002   PAD
    0x08004f38   0x08004f38   0x0000007e   Code   RO         3133    .text.rt_schedule   scheduler.o
    0x08004fb6   0x08004fb6   0x00000002   PAD
    0x08004fb8   0x08004fb8   0x00000052   Code   RO         3135    .text.rt_schedule_insert_thread  scheduler.o
    0x0800500a   0x0800500a   0x00000002   PAD
    0x0800500c   0x0800500c   0x00000054   Code   RO         3137    .text.rt_schedule_remove_thread  scheduler.o
    0x08005060   0x08005060   0x00000022   Code   RO         2937    .text.rt_sem_create  ipc.o
    0x08005082   0x08005082   0x00000002   PAD
    0x08005084   0x08005084   0x00000020   Code   RO         2933    .text.rt_sem_init   ipc.o
    0x080050a4   0x080050a4   0x0000004e   Code   RO         2945    .text.rt_sem_release  ipc.o
    0x080050f2   0x080050f2   0x00000002   PAD
    0x080050f4   0x080050f4   0x000000ba   Code   RO         2941    .text.rt_sem_take   ipc.o
    0x080051ae   0x080051ae   0x00000002   PAD
    0x080051b0   0x080051b0   0x000000b8   Code   RO         3034    .text.rt_show_version  kservice.o
    0x08005268   0x08005268   0x00000032   Code   RO         3024    .text.rt_strncpy    kservice.o
    0x0800529a   0x0800529a   0x00000002   PAD
    0x0800529c   0x0800529c   0x000000dc   Code   RO         3069    .text.rt_system_heap_init  mem.o
    0x08005378   0x08005378   0x00000052   Code   RO         3129    .text.rt_system_scheduler_init  scheduler.o
    0x080053ca   0x080053ca   0x00000002   PAD
    0x080053cc   0x080053cc   0x00000038   Code   RO         3131    .text.rt_system_scheduler_start  scheduler.o
    0x08005404   0x08005404   0x0000000e   Code   RO         3220    .text.rt_system_timer_init  timer.o
    0x08005412   0x08005412   0x00000002   PAD
    0x08005414   0x08005414   0x00000002   Code   RO         3222    .text.rt_system_timer_thread_init  timer.o
    0x08005416   0x08005416   0x00000002   PAD
    0x08005418   0x08005418   0x000000ca   Code   RO         3188    .text.rt_thread_control  thread.o
    0x080054e2   0x080054e2   0x00000002   PAD
    0x080054e4   0x080054e4   0x0000009e   Code   RO         3172    .text.rt_thread_create  thread.o
    0x08005582   0x08005582   0x00000002   PAD
    0x08005584   0x08005584   0x0000000a   Code   RO         3182    .text.rt_thread_delay  thread.o
    0x0800558e   0x0800558e   0x00000002   PAD
    0x08005590   0x08005590   0x000000a4   Code   RO         3184    .text.rt_thread_delay_until  thread.o
    0x08005634   0x08005634   0x0000005e   Code   RO         3174    .text.rt_thread_delete  thread.o
    0x08005692   0x08005692   0x00000002   PAD
    0x08005694   0x08005694   0x00000072   Code   RO         3170    .text.rt_thread_detach  thread.o
    0x08005706   0x08005706   0x00000002   PAD
    0x08005708   0x08005708   0x0000006e   Code   RO         3160    .text.rt_thread_exit  thread.o
    0x08005776   0x08005776   0x00000002   PAD
    0x08005778   0x08005778   0x0000003e   Code   RO         2919    .text.rt_thread_idle_entry  idle.o
    0x080057b6   0x080057b6   0x00000002   PAD
    0x080057b8   0x080057b8   0x00000050   Code   RO         2917    .text.rt_thread_idle_init  idle.o
    0x08005808   0x08005808   0x0000008e   Code   RO         3162    .text.rt_thread_init  thread.o
    0x08005896   0x08005896   0x00000002   PAD
    0x08005898   0x08005898   0x00000046   Code   RO         3168    .text.rt_thread_resume  thread.o
    0x080058de   0x080058de   0x00000002   PAD
    0x080058e0   0x080058e0   0x0000000c   Code   RO         3164    .text.rt_thread_self  thread.o
    0x080058ec   0x080058ec   0x00000078   Code   RO         3178    .text.rt_thread_sleep  thread.o
    0x08005964   0x08005964   0x0000005c   Code   RO         3166    .text.rt_thread_startup  thread.o
    0x080059c0   0x080059c0   0x00000042   Code   RO         3180    .text.rt_thread_suspend  thread.o
    0x08005a02   0x08005a02   0x00000002   PAD
    0x08005a04   0x08005a04   0x00000028   Code   RO         3190    .text.rt_thread_timeout  thread.o
    0x08005a2c   0x08005a2c   0x00000072   Code   RO         3176    .text.rt_thread_yield  thread.o
    0x08005a9e   0x08005a9e   0x00000002   PAD
    0x08005aa0   0x08005aa0   0x0000000c   Code   RO         2864    .text.rt_tick_get   clock.o
    0x08005aac   0x08005aac   0x00000034   Code   RO         2868    .text.rt_tick_increase  clock.o
    0x08005ae0   0x08005ae0   0x000000b0   Code   RO         3216    .text.rt_timer_check  timer.o
    0x08005b90   0x08005b90   0x0000004e   Code   RO         3214    .text.rt_timer_control  timer.o
    0x08005bde   0x08005bde   0x00000002   PAD
    0x08005be0   0x08005be0   0x00000030   Code   RO         3204    .text.rt_timer_detach  timer.o
    0x08005c10   0x08005c10   0x00000032   Code   RO         3202    .text.rt_timer_init  timer.o
    0x08005c42   0x08005c42   0x00000002   PAD
    0x08005c44   0x08005c44   0x00000086   Code   RO         3210    .text.rt_timer_start  timer.o
    0x08005cca   0x08005cca   0x00000002   PAD
    0x08005ccc   0x08005ccc   0x00000038   Code   RO         3212    .text.rt_timer_stop  timer.o
    0x08005d04   0x08005d04   0x00000328   Code   RO         3038    .text.rt_vsnprintf  kservice.o
    0x0800602c   0x0800602c   0x00000004   Code   RO         2885    .text.rti_board_end  components.o
    0x08006030   0x08006030   0x00000004   Code   RO         2883    .text.rti_board_start  components.o
    0x08006034   0x08006034   0x00000004   Code   RO         2887    .text.rti_end       components.o
    0x08006038   0x08006038   0x00000004   Code   RO         2881    .text.rti_start     components.o
    0x0800603c   0x0800603c   0x0000008c   Code   RO         2667    .text.serial_string_get  usbd_enum.o
    0x080060c8   0x080060c8   0x00000012   Code   RO         1034    .text.spi_dma_enable  gd32f30x_spi.o
    0x080060da   0x080060da   0x00000002   PAD
    0x080060dc   0x080060dc   0x0000000a   Code   RO         1014    .text.spi_enable    gd32f30x_spi.o
    0x080060e6   0x080060e6   0x00000002   PAD
    0x080060e8   0x080060e8   0x00000006   Code   RO         1042    .text.spi_i2s_data_receive  gd32f30x_spi.o
    0x080060ee   0x080060ee   0x00000002   PAD
    0x080060f0   0x080060f0   0x00000004   Code   RO         1040    .text.spi_i2s_data_transmit  gd32f30x_spi.o
    0x080060f4   0x080060f4   0x00000048   Code   RO         1008    .text.spi_i2s_deinit  gd32f30x_spi.o
    0x0800613c   0x0800613c   0x0000000a   Code   RO         1088    .text.spi_i2s_flag_get  gd32f30x_spi.o
    0x08006146   0x08006146   0x00000002   PAD
    0x08006148   0x08006148   0x00000034   Code   RO         1012    .text.spi_init      gd32f30x_spi.o
    0x0800617c   0x0800617c   0x0000000e   Code   RO         1072    .text.spi_quad_disable  gd32f30x_spi.o
    0x0800618a   0x0800618a   0x00000002   PAD
    0x0800618c   0x0800618c   0x0000000a   Code   RO         1108    .text.timer_auto_reload_shadow_enable  gd32f30x_timer.o
    0x08006196   0x08006196   0x00000002   PAD
    0x08006198   0x08006198   0x00000206   Code   RO         1180    .text.timer_channel_output_config  gd32f30x_timer.o
    0x0800639e   0x0800639e   0x00000002   PAD
    0x080063a0   0x080063a0   0x0000003a   Code   RO         1182    .text.timer_channel_output_mode_config  gd32f30x_timer.o
    0x080063da   0x080063da   0x00000002   PAD
    0x080063dc   0x080063dc   0x0000000c   Code   RO         1184    .text.timer_channel_output_pulse_value_config  gd32f30x_timer.o
    0x080063e8   0x080063e8   0x0000003a   Code   RO         1186    .text.timer_channel_output_shadow_config  gd32f30x_timer.o
    0x08006422   0x08006422   0x00000002   PAD
    0x08006424   0x08006424   0x000000c2   Code   RO         1098    .text.timer_deinit  gd32f30x_timer.o
    0x080064e6   0x080064e6   0x00000002   PAD
    0x080064e8   0x080064e8   0x0000000a   Code   RO         1104    .text.timer_enable  gd32f30x_timer.o
    0x080064f2   0x080064f2   0x00000002   PAD
    0x080064f4   0x080064f4   0x000000b4   Code   RO         1102    .text.timer_init    gd32f30x_timer.o
    0x080065a8   0x080065a8   0x0000006a   Code   RO         1250    .text.usart_baudrate_set  gd32f30x_usart.o
    0x08006612   0x08006612   0x00000002   PAD
    0x08006614   0x08006614   0x00000008   Code   RO         1276    .text.usart_data_transmit  gd32f30x_usart.o
    0x0800661c   0x0800661c   0x0000007a   Code   RO         1248    .text.usart_deinit  gd32f30x_usart.o
    0x08006696   0x08006696   0x00000002   PAD
    0x08006698   0x08006698   0x00000014   Code   RO         1332    .text.usart_dma_receive_config  gd32f30x_usart.o
    0x080066ac   0x080066ac   0x00000014   Code   RO         1334    .text.usart_dma_transmit_config  gd32f30x_usart.o
    0x080066c0   0x080066c0   0x0000000a   Code   RO         1258    .text.usart_enable  gd32f30x_usart.o
    0x080066ca   0x080066ca   0x00000002   PAD
    0x080066cc   0x080066cc   0x00000010   Code   RO         1336    .text.usart_flag_get  gd32f30x_usart.o
    0x080066dc   0x080066dc   0x00000016   Code   RO         1340    .text.usart_interrupt_enable  gd32f30x_usart.o
    0x080066f2   0x080066f2   0x00000002   PAD
    0x080066f4   0x080066f4   0x00000014   Code   RO         1264    .text.usart_receive_config  gd32f30x_usart.o
    0x08006708   0x08006708   0x00000014   Code   RO         1262    .text.usart_transmit_config  gd32f30x_usart.o
    0x0800671c   0x0800671c   0x00000012   Code   RO         2732    .text.usbd_address_set  usbd_lld_core.o
    0x0800672e   0x0800672e   0x00000002   PAD
    0x08006730   0x08006730   0x00000016   Code   RO         2663    .text.usbd_class_request  usbd_enum.o
    0x08006746   0x08006746   0x00000002   PAD
    0x08006748   0x08006748   0x0000001e   Code   RO         2726    .text.usbd_core_reset  usbd_lld_core.o
    0x08006766   0x08006766   0x00000002   PAD
    0x08006768   0x08006768   0x00000016   Code   RO         2728    .text.usbd_core_stop  usbd_lld_core.o
    0x0800677e   0x0800677e   0x00000002   PAD
    0x08006780   0x08006780   0x00000018   Code   RO         2730    .text.usbd_dp_pullup  usbd_lld_core.o
    0x08006798   0x08006798   0x00000082   Code   RO         2750    .text.usbd_ep_data_read  usbd_lld_core.o
    0x0800681a   0x0800681a   0x00000002   PAD
    0x0800681c   0x0800681c   0x0000005e   Code   RO         2748    .text.usbd_ep_data_write  usbd_lld_core.o
    0x0800687a   0x0800687a   0x00000002   PAD
    0x0800687c   0x0800687c   0x0000004c   Code   RO         2744    .text.usbd_ep_disable  usbd_lld_core.o
    0x080068c8   0x080068c8   0x0000002a   Code   RO         2648    .text.usbd_ep_recev  usbd_core.o
    0x080068f2   0x080068f2   0x00000002   PAD
    0x080068f4   0x080068f4   0x00000068   Code   RO         2740    .text.usbd_ep_reset  usbd_lld_core.o
    0x0800695c   0x0800695c   0x00000020   Code   RO         2746    .text.usbd_ep_rx_enable  usbd_lld_core.o
    0x0800697c   0x0800697c   0x0000003c   Code   RO         2650    .text.usbd_ep_send  usbd_core.o
    0x080069b8   0x080069b8   0x00000198   Code   RO         2742    .text.usbd_ep_setup  usbd_lld_core.o
    0x08006b50   0x08006b50   0x0000009e   Code   RO         2754    .text.usbd_ep_stall_clear  usbd_lld_core.o
    0x08006bee   0x08006bee   0x00000002   PAD
    0x08006bf0   0x08006bf0   0x00000072   Code   RO         2752    .text.usbd_ep_stall_set  usbd_lld_core.o
    0x08006c62   0x08006c62   0x00000002   PAD
    0x08006c64   0x08006c64   0x00000022   Code   RO         2756    .text.usbd_ep_status  usbd_lld_core.o
    0x08006c86   0x08006c86   0x00000002   PAD
    0x08006c88   0x08006c88   0x00000072   Code   RO         2646    .text.usbd_init     usbd_core.o
    0x08006cfa   0x08006cfa   0x00000002   PAD
    0x08006cfc   0x08006cfc   0x000001ec   Code   RO         2773    .text.usbd_isr      usbd_lld_int.o
    0x08006ee8   0x08006ee8   0x0000001a   Code   RO         2736    .text.usbd_leave_suspend  usbd_lld_core.o
    0x08006f02   0x08006f02   0x00000002   PAD
    0x08006f04   0x08006f04   0x00000024   Code   RO         2738    .text.usbd_resume   usbd_lld_core.o
    0x08006f28   0x08006f28   0x00000040   Code   RO         2661    .text.usbd_standard_request  usbd_enum.o
    0x08006f68   0x08006f68   0x00000012   Code   RO         2734    .text.usbd_suspend  usbd_lld_core.o
    0x08006f7a   0x08006f7a   0x00000002   PAD
    0x08006f7c   0x08006f7c   0x00000004   Code   RO         2665    .text.usbd_vendor_request  usbd_enum.o
    0x08006f80   0x08006f80   0x0000003e   Code   RO         3814    CL$$btod_d2e        c_w.l(btod.o)
    0x08006fbe   0x08006fbe   0x00000046   Code   RO         3816    CL$$btod_d2e_denorm_low  c_w.l(btod.o)
    0x08007004   0x08007004   0x00000060   Code   RO         3815    CL$$btod_d2e_norm_op1  c_w.l(btod.o)
    0x08007064   0x08007064   0x00000338   Code   RO         3824    CL$$btod_div_common  c_w.l(btod.o)
    0x0800739c   0x0800739c   0x000000dc   Code   RO         3821    CL$$btod_e2e        c_w.l(btod.o)
    0x08007478   0x08007478   0x0000002a   Code   RO         3818    CL$$btod_ediv       c_w.l(btod.o)
    0x080074a2   0x080074a2   0x0000002a   Code   RO         3817    CL$$btod_emul       c_w.l(btod.o)
    0x080074cc   0x080074cc   0x00000244   Code   RO         3823    CL$$btod_mult_common  c_w.l(btod.o)
    0x08007710   0x08007710   0x00000030   Code   RO         3618    i.__ARM_fpclassify  m_wm.l(fpclassify.o)
    0x08007740   0x08007740   0x0000000e   Code   RO         3524    i._is_digit         c_w.l(__printf_wp.o)
    0x0800774e   0x0800774e   0x00000002   PAD
    0x08007750   0x08007750   0x0000002c   Code   RO         3839    locale$$code        c_w.l(lc_numeric_c.o)
    0x0800777c   0x0800777c   0x0000002c   Code   RO         3877    locale$$code        c_w.l(lc_ctype_c.o)
    0x080077a8   0x080077a8   0x0000000c   Code   RO         3569    x$fpl$dretinf       fz_wm.l(dretinf.o)
    0x080077b4   0x080077b4   0x00000056   Code   RO         3306    x$fpl$f2d           fz_wm.l(f2d.o)
    0x0800780a   0x0800780a   0x0000008c   Code   RO         3575    x$fpl$fnaninf       fz_wm.l(fnaninf.o)
    0x08007896   0x08007896   0x0000001a   Code   RO         3866    x$fpl$fpinit        fz_wm.l(fpinit.o)
    0x080078b0   0x080078b0   0x00000004   Code   RO         3579    x$fpl$printf1       fz_wm.l(printf1.o)
    0x080078b4   0x080078b4   0x00000004   Code   RO         3581    x$fpl$printf2       fz_wm.l(printf2.o)
    0x080078b8   0x080078b8   0x00000000   Code   RO         3587    x$fpl$usenofp       fz_wm.l(usenofp.o)
    0x080078b8   0x080078b8   0x00000008   Data   RO         3483    .constdata          c_w.l(_printf_wctomb.o)
    0x080078c0   0x080078c0   0x00000028   Data   RO         3512    .constdata          c_w.l(_printf_hex_int_ll_ptr.o)
    0x080078e8   0x080078e8   0x00000011   Data   RO         3532    .constdata          c_w.l(__printf_flags_ss_wp.o)
    0x080078f9   0x080078f9   0x00000026   Data   RO         3699    .constdata          c_w.l(_printf_fp_hex.o)
    0x0800791f   0x0800791f   0x00000001   PAD
    0x08007920   0x08007920   0x00000094   Data   RO         3812    .constdata          c_w.l(bigflt0.o)
    0x080079b4   0x080079b4   0x0000000c   Data   RO         1621    .rodata._ZTV4cIMU   imu.o
    0x080079c0   0x080079c0   0x0000000c   Data   RO         1593    .rodata._ZTV4cMSG   msgthread.o
    0x080079cc   0x080079cc   0x00000100   Data   RO         3060    .rodata.__lowest_bit_bitmap  kservice.o
    0x08007acc   0x08007acc   0x00000008   Data   RO          865    .rodata.cst8        gd32f30x_rcu.o
    0x08007ad4   0x08007ad4   0x00000804   Data   RO         1861    .rodata.sinTable_f32  commontables.o
    0x080082d8   0x080082d8   0x00000054   Data   RO         1546    .rodata.str1.1      main.o
    0x0800832c   0x0800832c   0x00000003   Data   RO         1583    .rodata.str1.1      msgthread.o
    0x0800832f   0x0800832f   0x00000093   Data   RO         2850    .rodata.str1.1      cpuport.o
    0x080083c2   0x080083c2   0x00000005   Data   RO         2905    .rodata.str1.1      components.o
    0x080083c7   0x080083c7   0x00000073   Data   RO         3248    .rodata.str1.1      cmd.o
    0x0800843a   0x0800843a   0x00000002   PAD
    0x0800843c   0x0800843c   0x00000004   Data   RO         2901    .rti_fn.0           components.o
    0x08008440   0x08008440   0x00000004   Data   RO         2902    .rti_fn.0.end       components.o
    0x08008444   0x08008444   0x00000004   Data   RO         2903    .rti_fn.1.end       components.o
    0x08008448   0x08008448   0x00000004   Data   RO         2904    .rti_fn.6.end       components.o
    0x0800844c   0x0800844c   0x00000020   Data   RO         3944    Region$$Table       anon$$obj.o
    0x0800846c   0x0800846c   0x0000001c   Data   RO         3838    locale$$data        c_w.l(lc_numeric_c.o)
    0x08008488   0x08008488   0x00000110   Data   RO         3876    locale$$data        c_w.l(lc_ctype_c.o)


    Execution Region RW_IRAM1 (Exec base: 0x20000000, Load base: 0x08008598, Size: 0x00009040, Max: 0x00010000, ABSOLUTE, COMPRESSED[0x00000140])

    Exec Addr    Load Addr    Size         Type   Attr      Idx    E Section Name        Object

    0x20000000   COMPRESSED   0x00000004   Data   RW         1391    .data.SystemCoreClock  system_gd32f30x.o
    0x20000004   COMPRESSED   0x00000004   Data   RW         2760    .data.btable_ep     usbd_lld_core.o
    0x20000008   COMPRESSED   0x00000020   Data   RW         2807    .data.cdc_class     cdc_acm_core.o
    0x20000028   COMPRESSED   0x00000043   Data   RW         2802    .data.cdc_config_desc  cdc_acm_core.o
    0x2000006b   COMPRESSED   0x00000001   PAD
    0x2000006c   COMPRESSED   0x00000010   Data   RW         2806    .data.cdc_desc      cdc_acm_core.o
    0x2000007c   COMPRESSED   0x00000012   Data   RW         2801    .data.cdc_dev_desc  cdc_acm_core.o
    0x2000008e   COMPRESSED   0x00000080   Data   RW         1544    .data.dataUUU       main.o
    0x2000010e   COMPRESSED   0x00000080   Data   RW         1543    .data.dataZZZ       main.o
    0x2000018e   COMPRESSED   0x00000082   Data   RW         2808    .data.manufacturer_string  cdc_acm_core.o
    0x20000210   COMPRESSED   0x00000082   Data   RW         2809    .data.product_string  cdc_acm_core.o
    0x20000292   COMPRESSED   0x00000002   PAD
    0x20000294   COMPRESSED   0x00000050   Data   RW         3120    .data.rt_object_container  object.o
    0x200002e4   COMPRESSED   0x00000082   Data   RW         2804    .data.serial_string  cdc_acm_core.o
    0x20000366   COMPRESSED   0x00000002   PAD
    0x20000368   COMPRESSED   0x00000010   Data   RW         2805    .data.usbd_cdc_strings  cdc_acm_core.o
    0x20000378   COMPRESSED   0x00000040   Data   RW         2761    .data.usbd_drv_handler  usbd_lld_core.o
    0x200003b8   COMPRESSED   0x00000004   Data   RW         2803    .data.usbd_language_id_desc  cdc_acm_core.o
    0x200003bc   COMPRESSED   0x00000004   PAD
    0x200003c0        -       0x00000060   Zero   RW         3785    .bss                c_w.l(libspace.o)
    0x20000420        -       0x00000004   Zero   RW         1606    .bss.IMU            imu.o
    0x20000424        -       0x00000004   Zero   RW         1609    .bss.IMUHeat_thread  imu.o
    0x20000428        -       0x00000004   Zero   RW         1608    .bss.IMUSlaver_thread  imu.o
    0x2000042c        -       0x00000004   Zero   RW         1610    .bss.IMU_INT1Sem    imu.o
    0x20000430        -       0x00000004   Zero   RW         1611    .bss.IMU_INT2Sem    imu.o
    0x20000434        -       0x00000004   Zero   RW         1607    .bss.IMU_thread     imu.o
    0x20000438        -       0x00000018   Zero   RW         1540    .bss.LED            main.o
    0x20000450        -       0x00000004   Zero   RW         1574    .bss.Msg            msgthread.o
    0x20000454        -       0x00000004   Zero   RW         1578    .bss.UART0_RxSem    msgthread.o
    0x20000458        -       0x00000004   Zero   RW         1579    .bss.UART0_TxMut    msgthread.o
    0x2000045c        -       0x00000004   Zero   RW         1577    .bss.UART0_TxSem    msgthread.o
    0x20000460        -       0x00000004   Zero   RW         1576    .bss.UART_thread    msgthread.o
    0x20000464        -       0x00000004   Zero   RW         1581    .bss.USBD_Sem       msgthread.o
    0x20000468        -       0x00000004   Zero   RW         1580    .bss.USBD_thread    msgthread.o
    0x2000046c        -       0x00000004   Zero   RW         3778    .bss.__cxa_new_handler  libcppabi_w.l(cxa_default_handlers.cpp.o)
    0x20000470        -       0x00000002   Zero   RW         2693    .bss._usb_std_getstatus.status  usbd_enum.o
    0x20000472        -       0x00000001   Zero   RW         2694    .bss._usb_std_setconfiguration.config  usbd_enum.o
    0x20000473   COMPRESSED   0x00000001   PAD
    0x20000474        -       0x00000050   Zero   RW         2810    .bss.cdc_acm_init.cdc_handler  cdc_acm_core.o
    0x200004c4        -       0x00000004   Zero   RW         3083    .bss.heap_end       mem.o
    0x200004c8        -       0x00000004   Zero   RW         3082    .bss.heap_ptr       mem.o
    0x200004cc        -       0x00000020   Zero   RW         3084    .bss.heap_sem       mem.o
    0x200004ec        -       0x00000078   Zero   RW         2923    .bss.idle           idle.o
    0x20000564        -       0x00000004   Zero   RW         3085    .bss.lfree          mem.o
    0x20000568        -       0x00000004   Zero   RW         3087    .bss.max_mem        mem.o
    0x2000056c        -       0x00000004   Zero   RW         3081    .bss.mem_size_aligned  mem.o
    0x20000570        -       0x00000004   Zero   RW         1575    .bss.my_usb_dev     msgthread.o
    0x20000574        -       0x00000001   Zero   RW         3148    .bss.rt_current_priority  scheduler.o
    0x20000575   COMPRESSED   0x00000003   PAD
    0x20000578        -       0x00000004   Zero   RW         3145    .bss.rt_current_thread  scheduler.o
    0x2000057c        -       0x00000004   Zero   RW         2849    .bss.rt_exception_hook  cpuport.o
    0x20000580        -       0x00008000   Zero   RW         2829    .bss.rt_heap        board.o
    0x20008580        -       0x00000004   Zero   RW         2851    .bss.rt_interrupt_from_thread  cpuport.o
    0x20008584        -       0x00000001   Zero   RW         2995    .bss.rt_interrupt_nest  irq.o
    0x20008585   COMPRESSED   0x00000003   PAD
    0x20008588        -       0x00000004   Zero   RW         2852    .bss.rt_interrupt_to_thread  cpuport.o
    0x2000858c        -       0x00000080   Zero   RW         3059    .bss.rt_kprintf.rt_log_buf  kservice.o
    0x2000860c        -       0x00000002   Zero   RW         3146    .bss.rt_scheduler_lock_nest  scheduler.o
    0x2000860e   COMPRESSED   0x00000002   PAD
    0x20008610        -       0x00000008   Zero   RW         3150    .bss.rt_thread_defunct  scheduler.o
    0x20008618        -       0x00000100   Zero   RW         3147    .bss.rt_thread_priority_table  scheduler.o
    0x20008718        -       0x00000004   Zero   RW         3149    .bss.rt_thread_ready_priority_group  scheduler.o
    0x2000871c        -       0x00000100   Zero   RW         2924    .bss.rt_thread_stack  idle.o
    0x2000881c        -       0x00000004   Zero   RW         2853    .bss.rt_thread_switch_interrupt_flag  cpuport.o
    0x20008820        -       0x00000004   Zero   RW         2872    .bss.rt_tick        clock.o
    0x20008824        -       0x00000008   Zero   RW         3225    .bss.rt_timer_list  timer.o
    0x2000882c        -       0x00000004   Zero   RW         3224    .bss.rt_timer_start.random_nr  timer.o
    0x20008830        -       0x00000008   Zero   RW         2762    .bss.usbd_core      usbd_lld_core.o
    0x20008838        -       0x00000004   Zero   RW         2652    .bss.usbd_int_fops  usbd_core.o
    0x2000883c        -       0x00000004   Zero   RW         3086    .bss.used_mem       mem.o
    0x20008840        -       0x00000400   Zero   RW         1378    HEAP                startup_gd32f30x_hd.o
    0x20008c40        -       0x00000400   Zero   RW         1377    STACK               startup_gd32f30x_hd.o


==============================================================================

Image component sizes


      Code (inc. data)   RO Data    RW Data    ZI Data      Debug   Object Name

      1162          0          0          0      32768       7665   board.o
       376          0          0        543         80      10467   cdc_acm_core.o
        64          0          0          0          4       2622   clock.o
       452        144        115          0          0      12401   cmd.o
         0          0       2052          0          0      10490   commontables.o
       194          0         21          0          0       3612   components.o
       308         28          0          0          0        820   context_rvds.o
       478        160        147          0         16       3291   cpuport.o
       288         24          0          0          0      26469   fastmathfunctions.o
       262          0          0          0          0       2497   flash_gd.o
        44          0          0          0          0       1691   gd32f30x_crc.o
       488          0          0          0          0       7922   gd32f30x_dma.o
       232          0          0          0          0       3258   gd32f30x_exti.o
      1074          0          0          0          0      25457   gd32f30x_fmc.o
       330          0          0          0          0       5928   gd32f30x_gpio.o
        12          0          0          0          0        765   gd32f30x_it.o
       188          0          0          0          0       3529   gd32f30x_misc.o
       344         20          8          0          0      13973   gd32f30x_rcu.o
       186          0          0          0          0       8530   gd32f30x_spi.o
      1040         12          0          0          0      20495   gd32f30x_timer.o
       364          0          0          0          0      11539   gd32f30x_usart.o
       276          4          0          0          0       6722   icm42688.o
       142          8          0          0        376       3209   idle.o
       778         44         12          0         24       9058   imu.o
       792          0          0          0          0      17876   ipc.o
        56          0          0          0          1       1099   irq.o
      1710        286        256          0        128      16029   kservice.o
      1466        252         84        256         24      18636   main.o
       860        144          0          0         56       5291   mem.o
       850         36         15          0         32      16098   msgthread.o
       326          0          0         80          0       6941   object.o
       216          4          0          0          0      12992   pid.o
       524          0          0          0        275       4756   scheduler.o
       158          0          0          0          0       3288   spi_gd.o
        64         26        304          0       2048        992   startup_gd32f30x_hd.o
       588         16          0          4          0       2632   system_gd32f30x.o
      1508          0          0          0          0      10279   thread.o
       558          6          0          0         12       7575   timer.o
        66          0          0          0          0       7031   uart_gd.o
       216          0          0          0          4       5326   usbd_core.o
      1170         68          0          0          3      11020   usbd_enum.o
      1324         16          0         68          8       9058   usbd_lld_core.o
       492          0          0          0          0       5735   usbd_lld_int.o
       354          0          0          0          0       5731   usbd_transc.o
       142          0          0          0          0       5324   ws281x.o

    ----------------------------------------------------------------------
     22730       1298       3048        956      35872     376119   Object Totals
         0          0         32          0          0          0   (incl. Generated)
       208          0          2          5         13          0   (incl. Padding)

    ----------------------------------------------------------------------

      Code (inc. data)   RO Data    RW Data    ZI Data      Debug   Library Member Name

        58          0          0          0          0          0   __dczerorl.o
         8          0          0          0          0         68   __main.o
       392          4         17          0          0         92   __printf_flags_ss_wp.o
        14          0          0          0          0         68   __printf_wp.o
         0          0          0          0          0          0   __rtentry.o
        12          0          0          0          0          0   __rtentry2.o
         6          0          0          0          0          0   __rtentry4.o
        52          8          0          0          0          0   __scatter.o
        28          0          0          0          0          0   __scatter_zi.o
        72          0          0          0          0         96   _c16rtomb.o
         6          0          0          0          0          0   _printf_a.o
         6          0          0          0          0          0   _printf_c.o
        44          0          0          0          0        108   _printf_char.o
        48          6          0          0          0         96   _printf_char_common.o
        40          0          0          0          0         68   _printf_charcount.o
         6          0          0          0          0          0   _printf_d.o
       120         16          0          0          0         92   _printf_dec.o
         6          0          0          0          0          0   _printf_e.o
         6          0          0          0          0          0   _printf_f.o
      1052          0          0          0          0        148   _printf_fp_dec.o
       764          8         38          0          0        100   _printf_fp_hex.o
       128         16          0          0          0         84   _printf_fp_infnan.o
         6          0          0          0          0          0   _printf_g.o
       148          4         40          0          0        160   _printf_hex_int_ll_ptr.o
         6          0          0          0          0          0   _printf_i.o
       178          0          0          0          0         88   _printf_intcommon.o
        10          0          0          0          0          0   _printf_l.o
         6          0          0          0          0          0   _printf_lc.o
        10          0          0          0          0          0   _printf_ll.o
         6          0          0          0          0          0   _printf_lld.o
         6          0          0          0          0          0   _printf_lli.o
         6          0          0          0          0          0   _printf_llo.o
         6          0          0          0          0          0   _printf_llu.o
         6          0          0          0          0          0   _printf_llx.o
       124         16          0          0          0         92   _printf_longlong_dec.o
         6          0          0          0          0          0   _printf_ls.o
         6          0          0          0          0          0   _printf_n.o
         6          0          0          0          0          0   _printf_o.o
       112          8          0          0          0        124   _printf_oct_int_ll.o
         6          0          0          0          0          0   _printf_p.o
        78          0          0          0          0        108   _printf_pad.o
         0          0          0          0          0          0   _printf_percent.o
         4          0          0          0          0          0   _printf_percent_end.o
         6          0          0          0          0          0   _printf_s.o
        82          0          0          0          0         80   _printf_str.o
        36          0          0          0          0         84   _printf_truncate.o
         6          0          0          0          0          0   _printf_u.o
        44          0          0          0          0        108   _printf_wchar.o
       188          6          8          0          0         92   _printf_wctomb.o
         6          0          0          0          0          0   _printf_x.o
        16          0          0          0          0         68   _snputc.o
        16          0          0          0          0         68   aeabi_memset.o
       228          4        148          0          0         96   bigflt0.o
      1936        128          0          0          0        668   btod.o
        10          0          0          0          0         68   defsig_exit.o
        50          0          0          0          0         88   defsig_general.o
        80         58          0          0          0         76   defsig_rtmem_inner.o
        14          0          0          0          0         80   defsig_rtmem_outer.o
        18          0          0          0          0         80   exit.o
        94          0          0          0          0         80   h1_alloc.o
        52          0          0          0          0         68   h1_extend.o
        78          0          0          0          0         80   h1_free.o
        14          0          0          0          0         84   h1_init.o
         6          0          0          0          0        152   heapauxi.o
         4          0          0          0          0        136   hguard.o
         0          0          0          0          0          0   indicate_semi.o
       138          0          0          0          0        168   init_alloc.o
        44         10        272          0          0         76   lc_ctype_c.o
        44         10         28          0          0         76   lc_numeric_c.o
         2          0          0          0          0          0   libinit.o
        42          0          0          0          0          0   libinit2.o
         2          0          0          0          0          0   libshutdown.o
         2          0          0          0          0          0   libshutdown2.o
         8          4          0          0         96         68   libspace.o
       138          0          0          0          0         80   lludiv10.o
         0          0          0          0          0          0   maybetermalloc1.o
        16          4          0          0          0         76   rt_ctype_table.o
         8          4          0          0          0         68   rt_heap_descriptor_intlibspace.o
         8          4          0          0          0         68   rt_locale_intlibspace.o
        68          0          0          0          0         68   rt_memclr.o
        78          0          0          0          0         80   rt_memclr_w.o
         2          0          0          0          0          0   rtexit.o
        10          0          0          0          0          0   rtexit2.o
       124          0          0          0          0         88   strcmpv7em.o
        12          4          0          0          0         68   sys_exit.o
        74          0          0          0          0         80   sys_stackheap_outer.o
        14          0          0          0          0         76   sys_wrch.o
         2          0          0          0          0         68   use_no_semi.o
        60          4          0          0          0         80   vsnprintf.o
        12          0          0          0          0        116   dretinf.o
        86          4          0          0          0        132   f2d.o
       140          4          0          0          0        132   fnaninf.o
        26          0          0          0          0        116   fpinit.o
         4          0          0          0          0        116   printf1.o
         4          0          0          0          0        116   printf2.o
         0          0          0          0          0          0   usenofp.o
        38          0          0          0          0        380   new.cpp.o
         0          0          0          0          4          0   cxa_default_handlers.cpp.o
        12          0          0          0          0        132   cxa_handlers.cpp.o
        48          0          0          0          0        124   fpclassify.o

    ----------------------------------------------------------------------
      7870        338        552          0        100       6500   Library Totals
        16          4          1          0          0          0   (incl. Padding)

    ----------------------------------------------------------------------

      Code (inc. data)   RO Data    RW Data    ZI Data      Debug   Library Name

      7484        326        551          0         96       5136   c_w.l
       272          8          0          0          0        728   fz_wm.l
        38          0          0          0          0        380   libcpp_w.l
        12          0          0          0          4        132   libcppabi_w.l
        48          0          0          0          0        124   m_wm.l

    ----------------------------------------------------------------------
      7870        338        552          0        100       6500   Library Totals

    ----------------------------------------------------------------------

==============================================================================


      Code (inc. data)   RO Data    RW Data    ZI Data      Debug   

     30600       1636       3600        956      35972     378299   Grand Totals
     30600       1636       3600        320      35972     378299   ELF Image Totals (compressed)
     30600       1636       3600        320          0          0   ROM Totals

==============================================================================

    Total RO  Size (Code + RO Data)                34200 (  33.40kB)
    Total RW  Size (RW Data + ZI Data)             36928 (  36.06kB)
    Total ROM Size (Code + RO Data + RW Data)      34520 (  33.71kB)

==============================================================================

