<!doctype html public "-//w3c//dtd html 4.0 transitional//en">
<html><head>
<title>Static Call Graph - [.\Objects\GY_H1.axf]</title></head>
<body><HR>
<H1>Static Call Graph for image .\Objects\GY_H1.axf</H1><HR>
<BR><P>#&#060CALLGRAPH&#062# ARM Linker, 6190004: Last Updated: Tue Mar 14 17:25:41 2023
<BR><P>
<H3>Maximum Stack Usage =        324 bytes + Unknown(Cycles, Untraceable Function Pointers)</H3><H3>
Call chain for Maximum Stack Depth:</H3>
_printf_f &rArr; _printf_fp_dec &rArr; _printf_fp_dec_real &rArr; _fp_digits &rArr; _btod_etento &rArr; _btod_emul &rArr; _e2e
<P>
<H3>
Mutually Recursive functions
</H3> <LI><a href="#[32]">ADC0_1_IRQHandler</a>&nbsp;&nbsp;&nbsp;&rArr;&nbsp;&nbsp;&nbsp;<a href="#[32]">ADC0_1_IRQHandler</a><BR>
 <LI><a href="#[1a]">BusFault_Handler</a>&nbsp;&nbsp;&nbsp;&rArr;&nbsp;&nbsp;&nbsp;<a href="#[1a]">BusFault_Handler</a><BR>
 <LI><a href="#[19]">MemManage_Handler</a>&nbsp;&nbsp;&nbsp;&rArr;&nbsp;&nbsp;&nbsp;<a href="#[19]">MemManage_Handler</a><BR>
 <LI><a href="#[1b]">UsageFault_Handler</a>&nbsp;&nbsp;&nbsp;&rArr;&nbsp;&nbsp;&nbsp;<a href="#[1b]">UsageFault_Handler</a><BR>
</UL>
<P>
<H3>
Function Pointers
</H3><UL>
 <LI><a href="#[32]">ADC0_1_IRQHandler</a> from startup_gd32f30x_hd.o(.text) referenced from startup_gd32f30x_hd.o(RESET)
 <LI><a href="#[4f]">ADC2_IRQHandler</a> from startup_gd32f30x_hd.o(.text) referenced from startup_gd32f30x_hd.o(RESET)
 <LI><a href="#[1a]">BusFault_Handler</a> from gd32f30x_it.o(.text.BusFault_Handler) referenced from startup_gd32f30x_hd.o(RESET)
 <LI><a href="#[36]">CAN0_EWMC_IRQHandler</a> from startup_gd32f30x_hd.o(.text) referenced from startup_gd32f30x_hd.o(RESET)
 <LI><a href="#[35]">CAN0_RX1_IRQHandler</a> from startup_gd32f30x_hd.o(.text) referenced from startup_gd32f30x_hd.o(RESET)
 <LI><a href="#[2b]">DMA0_Channel0_IRQHandler</a> from startup_gd32f30x_hd.o(.text) referenced from startup_gd32f30x_hd.o(RESET)
 <LI><a href="#[2c]">DMA0_Channel1_IRQHandler</a> from startup_gd32f30x_hd.o(.text) referenced from startup_gd32f30x_hd.o(RESET)
 <LI><a href="#[2d]">DMA0_Channel2_IRQHandler</a> from startup_gd32f30x_hd.o(.text) referenced from startup_gd32f30x_hd.o(RESET)
 <LI><a href="#[2e]">DMA0_Channel3_IRQHandler</a> from msgthread.o(.text.DMA0_Channel3_IRQHandler) referenced from startup_gd32f30x_hd.o(RESET)
 <LI><a href="#[2f]">DMA0_Channel4_IRQHandler</a> from startup_gd32f30x_hd.o(.text) referenced from startup_gd32f30x_hd.o(RESET)
 <LI><a href="#[30]">DMA0_Channel5_IRQHandler</a> from startup_gd32f30x_hd.o(.text) referenced from startup_gd32f30x_hd.o(RESET)
 <LI><a href="#[31]">DMA0_Channel6_IRQHandler</a> from startup_gd32f30x_hd.o(.text) referenced from startup_gd32f30x_hd.o(RESET)
 <LI><a href="#[58]">DMA1_Channel0_IRQHandler</a> from startup_gd32f30x_hd.o(.text) referenced from startup_gd32f30x_hd.o(RESET)
 <LI><a href="#[59]">DMA1_Channel1_IRQHandler</a> from main.o(.text.DMA1_Channel1_IRQHandler) referenced from startup_gd32f30x_hd.o(RESET)
 <LI><a href="#[5a]">DMA1_Channel2_IRQHandler</a> from startup_gd32f30x_hd.o(.text) referenced from startup_gd32f30x_hd.o(RESET)
 <LI><a href="#[5b]">DMA1_Channel3_4_IRQHandler</a> from startup_gd32f30x_hd.o(.text) referenced from startup_gd32f30x_hd.o(RESET)
 <LI><a href="#[1d]">DebugMon_Handler</a> from gd32f30x_it.o(.text.DebugMon_Handler) referenced from startup_gd32f30x_hd.o(RESET)
 <LI><a href="#[50]">EXMC_IRQHandler</a> from startup_gd32f30x_hd.o(.text) referenced from startup_gd32f30x_hd.o(RESET)
 <LI><a href="#[26]">EXTI0_IRQHandler</a> from startup_gd32f30x_hd.o(.text) referenced from startup_gd32f30x_hd.o(RESET)
 <LI><a href="#[48]">EXTI10_15_IRQHandler</a> from startup_gd32f30x_hd.o(.text) referenced from startup_gd32f30x_hd.o(RESET)
 <LI><a href="#[27]">EXTI1_IRQHandler</a> from startup_gd32f30x_hd.o(.text) referenced from startup_gd32f30x_hd.o(RESET)
 <LI><a href="#[28]">EXTI2_IRQHandler</a> from startup_gd32f30x_hd.o(.text) referenced from startup_gd32f30x_hd.o(RESET)
 <LI><a href="#[29]">EXTI3_IRQHandler</a> from imu.o(.text.EXTI3_IRQHandler) referenced from startup_gd32f30x_hd.o(RESET)
 <LI><a href="#[2a]">EXTI4_IRQHandler</a> from imu.o(.text.EXTI4_IRQHandler) referenced from startup_gd32f30x_hd.o(RESET)
 <LI><a href="#[37]">EXTI5_9_IRQHandler</a> from startup_gd32f30x_hd.o(.text) referenced from startup_gd32f30x_hd.o(RESET)
 <LI><a href="#[24]">FMC_IRQHandler</a> from startup_gd32f30x_hd.o(.text) referenced from startup_gd32f30x_hd.o(RESET)
 <LI><a href="#[18]">HardFault_Handler</a> from context_rvds.o(.text) referenced from startup_gd32f30x_hd.o(RESET)
 <LI><a href="#[40]">I2C0_ER_IRQHandler</a> from startup_gd32f30x_hd.o(.text) referenced from startup_gd32f30x_hd.o(RESET)
 <LI><a href="#[3f]">I2C0_EV_IRQHandler</a> from startup_gd32f30x_hd.o(.text) referenced from startup_gd32f30x_hd.o(RESET)
 <LI><a href="#[42]">I2C1_ER_IRQHandler</a> from startup_gd32f30x_hd.o(.text) referenced from startup_gd32f30x_hd.o(RESET)
 <LI><a href="#[41]">I2C1_EV_IRQHandler</a> from startup_gd32f30x_hd.o(.text) referenced from startup_gd32f30x_hd.o(RESET)
 <LI><a href="#[21]">LVD_IRQHandler</a> from startup_gd32f30x_hd.o(.text) referenced from startup_gd32f30x_hd.o(RESET)
 <LI><a href="#[19]">MemManage_Handler</a> from gd32f30x_it.o(.text.MemManage_Handler) referenced from startup_gd32f30x_hd.o(RESET)
 <LI><a href="#[17]">NMI_Handler</a> from gd32f30x_it.o(.text.NMI_Handler) referenced from startup_gd32f30x_hd.o(RESET)
 <LI><a href="#[1e]">PendSV_Handler</a> from context_rvds.o(.text) referenced from startup_gd32f30x_hd.o(RESET)
 <LI><a href="#[25]">RCU_CTC_IRQHandler</a> from startup_gd32f30x_hd.o(.text) referenced from startup_gd32f30x_hd.o(RESET)
 <LI><a href="#[49]">RTC_Alarm_IRQHandler</a> from startup_gd32f30x_hd.o(.text) referenced from startup_gd32f30x_hd.o(RESET)
 <LI><a href="#[23]">RTC_IRQHandler</a> from startup_gd32f30x_hd.o(.text) referenced from startup_gd32f30x_hd.o(RESET)
 <LI><a href="#[16]">Reset_Handler</a> from startup_gd32f30x_hd.o(.text) referenced from startup_gd32f30x_hd.o(RESET)
 <LI><a href="#[51]">SDIO_IRQHandler</a> from startup_gd32f30x_hd.o(.text) referenced from startup_gd32f30x_hd.o(RESET)
 <LI><a href="#[43]">SPI0_IRQHandler</a> from startup_gd32f30x_hd.o(.text) referenced from startup_gd32f30x_hd.o(RESET)
 <LI><a href="#[44]">SPI1_IRQHandler</a> from startup_gd32f30x_hd.o(.text) referenced from startup_gd32f30x_hd.o(RESET)
 <LI><a href="#[53]">SPI2_IRQHandler</a> from startup_gd32f30x_hd.o(.text) referenced from startup_gd32f30x_hd.o(RESET)
 <LI><a href="#[1c]">SVC_Handler</a> from gd32f30x_it.o(.text.SVC_Handler) referenced from startup_gd32f30x_hd.o(RESET)
 <LI><a href="#[1f]">SysTick_Handler</a> from board.o(.text.SysTick_Handler) referenced from startup_gd32f30x_hd.o(RESET)
 <LI><a href="#[5c]">SystemInit</a> from system_gd32f30x.o(.text.SystemInit) referenced from startup_gd32f30x_hd.o(.text)
 <LI><a href="#[22]">TAMPER_IRQHandler</a> from startup_gd32f30x_hd.o(.text) referenced from startup_gd32f30x_hd.o(RESET)
 <LI><a href="#[38]">TIMER0_BRK_IRQHandler</a> from startup_gd32f30x_hd.o(.text) referenced from startup_gd32f30x_hd.o(RESET)
 <LI><a href="#[3b]">TIMER0_Channel_IRQHandler</a> from startup_gd32f30x_hd.o(.text) referenced from startup_gd32f30x_hd.o(RESET)
 <LI><a href="#[3a]">TIMER0_TRG_CMT_IRQHandler</a> from startup_gd32f30x_hd.o(.text) referenced from startup_gd32f30x_hd.o(RESET)
 <LI><a href="#[39]">TIMER0_UP_IRQHandler</a> from startup_gd32f30x_hd.o(.text) referenced from startup_gd32f30x_hd.o(RESET)
 <LI><a href="#[3c]">TIMER1_IRQHandler</a> from startup_gd32f30x_hd.o(.text) referenced from startup_gd32f30x_hd.o(RESET)
 <LI><a href="#[3d]">TIMER2_IRQHandler</a> from startup_gd32f30x_hd.o(.text) referenced from startup_gd32f30x_hd.o(RESET)
 <LI><a href="#[3e]">TIMER3_IRQHandler</a> from startup_gd32f30x_hd.o(.text) referenced from startup_gd32f30x_hd.o(RESET)
 <LI><a href="#[52]">TIMER4_IRQHandler</a> from startup_gd32f30x_hd.o(.text) referenced from startup_gd32f30x_hd.o(RESET)
 <LI><a href="#[56]">TIMER5_IRQHandler</a> from startup_gd32f30x_hd.o(.text) referenced from startup_gd32f30x_hd.o(RESET)
 <LI><a href="#[57]">TIMER6_IRQHandler</a> from startup_gd32f30x_hd.o(.text) referenced from startup_gd32f30x_hd.o(RESET)
 <LI><a href="#[4b]">TIMER7_BRK_IRQHandler</a> from startup_gd32f30x_hd.o(.text) referenced from startup_gd32f30x_hd.o(RESET)
 <LI><a href="#[4e]">TIMER7_Channel_IRQHandler</a> from startup_gd32f30x_hd.o(.text) referenced from startup_gd32f30x_hd.o(RESET)
 <LI><a href="#[4d]">TIMER7_TRG_CMT_IRQHandler</a> from startup_gd32f30x_hd.o(.text) referenced from startup_gd32f30x_hd.o(RESET)
 <LI><a href="#[4c]">TIMER7_UP_IRQHandler</a> from startup_gd32f30x_hd.o(.text) referenced from startup_gd32f30x_hd.o(RESET)
 <LI><a href="#[54]">UART3_IRQHandler</a> from startup_gd32f30x_hd.o(.text) referenced from startup_gd32f30x_hd.o(RESET)
 <LI><a href="#[55]">UART4_IRQHandler</a> from startup_gd32f30x_hd.o(.text) referenced from startup_gd32f30x_hd.o(RESET)
 <LI><a href="#[45]">USART0_IRQHandler</a> from startup_gd32f30x_hd.o(.text) referenced from startup_gd32f30x_hd.o(RESET)
 <LI><a href="#[46]">USART1_IRQHandler</a> from startup_gd32f30x_hd.o(.text) referenced from startup_gd32f30x_hd.o(RESET)
 <LI><a href="#[47]">USART2_IRQHandler</a> from startup_gd32f30x_hd.o(.text) referenced from startup_gd32f30x_hd.o(RESET)
 <LI><a href="#[33]">USBD_HP_CAN0_TX_IRQHandler</a> from startup_gd32f30x_hd.o(.text) referenced from startup_gd32f30x_hd.o(RESET)
 <LI><a href="#[34]">USBD_LP_CAN0_RX0_IRQHandler</a> from msgthread.o(.text.USBD_LP_CAN0_RX0_IRQHandler) referenced from startup_gd32f30x_hd.o(RESET)
 <LI><a href="#[4a]">USBD_WKUP_IRQHandler</a> from msgthread.o(.text.USBD_WKUP_IRQHandler) referenced from startup_gd32f30x_hd.o(RESET)
 <LI><a href="#[1b]">UsageFault_Handler</a> from gd32f30x_it.o(.text.UsageFault_Handler) referenced from startup_gd32f30x_hd.o(RESET)
 <LI><a href="#[20]">WWDGT_IRQHandler</a> from startup_gd32f30x_hd.o(.text) referenced from startup_gd32f30x_hd.o(RESET)
 <LI><a href="#[6a]">IMU2Thread(void*)</a> from imu.o(.text._Z10IMU2ThreadPv) referenced 2 times from main.o(.text.main)
 <LI><a href="#[67]">UARTThread(void*)</a> from msgthread.o(.text._Z10UARTThreadPv) referenced 2 times from main.o(.text.main)
 <LI><a href="#[68]">USBDThread(void*)</a> from msgthread.o(.text._Z10USBDThreadPv) referenced 2 times from main.o(.text.main)
 <LI><a href="#[6b]">IMUHeatThread(void*)</a> from imu.o(.text._Z13IMUHeatThreadPv) referenced 2 times from main.o(.text.main)
 <LI><a href="#[69]">IMUThread(void*)</a> from imu.o(.text._Z9IMUThreadPv) referenced 2 times from main.o(.text.main)
 <LI><a href="#[63]">Test1Thread(void*)</a> from main.o(.text._ZL11Test1ThreadPv) referenced 2 times from main.o(.text.main)
 <LI><a href="#[64]">Test2Thread(void*)</a> from main.o(.text._ZL11Test2ThreadPv) referenced 2 times from main.o(.text.main)
 <LI><a href="#[65]">Test3Thread(void*)</a> from main.o(.text._ZL11Test3ThreadPv) referenced 2 times from main.o(.text.main)
 <LI><a href="#[66]">Test4Thread(void*)</a> from main.o(.text._ZL11Test4ThreadPv) referenced 2 times from main.o(.text.main)
 <LI><a href="#[62]">LEDThread(void*)</a> from main.o(.text._ZL9LEDThreadPv) referenced 2 times from main.o(.text.main)
 <LI><a href="#[7e]">cIMU::PID_Init()</a> from imu.o(.text._ZN4cIMU8PID_InitEv) referenced from imu.o(.rodata._ZTV4cIMU)
 <LI><a href="#[7f]">cUART::Delay()</a> from msgthread.o(.text._ZN5cUART5DelayEv) referenced from msgthread.o(.rodata._ZTV4cMSG)
 <LI><a href="#[5d]">__main</a> from __main.o(!!!main) referenced from startup_gd32f30x_hd.o(.text)
 <LI><a href="#[60]">_get_lc_ctype</a> from lc_ctype_c.o(locale$$code) referenced from rt_ctype_table.o(.text)
 <LI><a href="#[5f]">_printf_input_char</a> from _printf_char_common.o(.text) referenced from _printf_char_common.o(.text)
 <LI><a href="#[5e]">_snputc</a> from _snputc.o(.text) referenced from vsnprintf.o(.text)
 <LI><a href="#[71]">_usb_in0_transc</a> from usbd_transc.o(.text._usb_in0_transc) referenced 2 times from usbd_core.o(.text.usbd_init)
 <LI><a href="#[70]">_usb_out0_transc</a> from usbd_transc.o(.text._usb_out0_transc) referenced 2 times from usbd_core.o(.text.usbd_init)
 <LI><a href="#[6f]">_usb_setup_transc</a> from usbd_transc.o(.text._usb_setup_transc) referenced 2 times from usbd_core.o(.text.usbd_init)
 <LI><a href="#[73]">_usb_std_clearfeature</a> from usbd_enum.o(.text._usb_std_clearfeature) referenced from usbd_enum.o(.text.usbd_standard_request)
 <LI><a href="#[79]">_usb_std_getconfiguration</a> from usbd_enum.o(.text._usb_std_getconfiguration) referenced from usbd_enum.o(.text.usbd_standard_request)
 <LI><a href="#[77]">_usb_std_getdescriptor</a> from usbd_enum.o(.text._usb_std_getdescriptor) referenced from usbd_enum.o(.text.usbd_standard_request)
 <LI><a href="#[7b]">_usb_std_getinterface</a> from usbd_enum.o(.text._usb_std_getinterface) referenced from usbd_enum.o(.text.usbd_standard_request)
 <LI><a href="#[72]">_usb_std_getstatus</a> from usbd_enum.o(.text._usb_std_getstatus) referenced from usbd_enum.o(.text.usbd_standard_request)
 <LI><a href="#[74]">_usb_std_reserved</a> from usbd_enum.o(.text._usb_std_reserved) referenced 2 times from usbd_enum.o(.text.usbd_standard_request)
 <LI><a href="#[76]">_usb_std_setaddress</a> from usbd_enum.o(.text._usb_std_setaddress) referenced from usbd_enum.o(.text.usbd_standard_request)
 <LI><a href="#[7a]">_usb_std_setconfiguration</a> from usbd_enum.o(.text._usb_std_setconfiguration) referenced from usbd_enum.o(.text.usbd_standard_request)
 <LI><a href="#[78]">_usb_std_setdescriptor</a> from usbd_enum.o(.text._usb_std_setdescriptor) referenced from usbd_enum.o(.text.usbd_standard_request)
 <LI><a href="#[75]">_usb_std_setfeature</a> from usbd_enum.o(.text._usb_std_setfeature) referenced from usbd_enum.o(.text.usbd_standard_request)
 <LI><a href="#[7c]">_usb_std_setinterface</a> from usbd_enum.o(.text._usb_std_setinterface) referenced from usbd_enum.o(.text.usbd_standard_request)
 <LI><a href="#[7d]">_usb_std_synchframe</a> from usbd_enum.o(.text._usb_std_synchframe) referenced from usbd_enum.o(.text.usbd_standard_request)
 <LI><a href="#[3]">cdc_acm_ctlx_out</a> from cdc_acm_core.o(.text.cdc_acm_ctlx_out) referenced 2 times from cdc_acm_core.o(.data.cdc_class)
 <LI><a href="#[4]">cdc_acm_data_in</a> from cdc_acm_core.o(.text.cdc_acm_data_in) referenced 2 times from cdc_acm_core.o(.data.cdc_class)
 <LI><a href="#[5]">cdc_acm_data_out</a> from cdc_acm_core.o(.text.cdc_acm_data_out) referenced 2 times from cdc_acm_core.o(.data.cdc_class)
 <LI><a href="#[1]">cdc_acm_deinit</a> from cdc_acm_core.o(.text.cdc_acm_deinit) referenced 2 times from cdc_acm_core.o(.data.cdc_class)
 <LI><a href="#[0]">cdc_acm_init</a> from cdc_acm_core.o(.text.cdc_acm_init) referenced 2 times from cdc_acm_core.o(.data.cdc_class)
 <LI><a href="#[2]">cdc_acm_req_handler</a> from cdc_acm_core.o(.text.cdc_acm_req_handler) referenced 2 times from cdc_acm_core.o(.data.cdc_class)
 <LI><a href="#[61]">main_thread_entry</a> from components.o(.text.main_thread_entry) referenced 2 times from components.o(.text.$Sub$$main)
 <LI><a href="#[6c]">rt_thread_exit</a> from thread.o(.text.rt_thread_exit) referenced 2 times from thread.o(.text.rt_thread_create)
 <LI><a href="#[6c]">rt_thread_exit</a> from thread.o(.text.rt_thread_exit) referenced 2 times from thread.o(.text.rt_thread_init)
 <LI><a href="#[6e]">rt_thread_idle_entry</a> from idle.o(.text.rt_thread_idle_entry) referenced 2 times from idle.o(.text.rt_thread_idle_init)
 <LI><a href="#[6d]">rt_thread_timeout</a> from thread.o(.text.rt_thread_timeout) referenced 2 times from thread.o(.text.rt_thread_create)
 <LI><a href="#[6d]">rt_thread_timeout</a> from thread.o(.text.rt_thread_timeout) referenced 2 times from thread.o(.text.rt_thread_init)
 <LI><a href="#[82]">rti_board_end</a> from components.o(.text.rti_board_end) referenced from components.o(.rti_fn.1.end)
 <LI><a href="#[81]">rti_board_start</a> from components.o(.text.rti_board_start) referenced from components.o(.rti_fn.0.end)
 <LI><a href="#[83]">rti_end</a> from components.o(.text.rti_end) referenced from components.o(.rti_fn.6.end)
 <LI><a href="#[80]">rti_start</a> from components.o(.text.rti_start) referenced from components.o(.rti_fn.0)
 <LI><a href="#[9]">usbd_address_set</a> from usbd_lld_core.o(.text.usbd_address_set) referenced 2 times from usbd_lld_core.o(.data.usbd_drv_handler)
 <LI><a href="#[6]">usbd_core_reset</a> from usbd_lld_core.o(.text.usbd_core_reset) referenced 2 times from usbd_lld_core.o(.data.usbd_drv_handler)
 <LI><a href="#[7]">usbd_core_stop</a> from usbd_lld_core.o(.text.usbd_core_stop) referenced 2 times from usbd_lld_core.o(.data.usbd_drv_handler)
 <LI><a href="#[8]">usbd_dp_pullup</a> from usbd_lld_core.o(.text.usbd_dp_pullup) referenced 2 times from usbd_lld_core.o(.data.usbd_drv_handler)
 <LI><a href="#[12]">usbd_ep_data_read</a> from usbd_lld_core.o(.text.usbd_ep_data_read) referenced 2 times from usbd_lld_core.o(.data.usbd_drv_handler)
 <LI><a href="#[11]">usbd_ep_data_write</a> from usbd_lld_core.o(.text.usbd_ep_data_write) referenced 2 times from usbd_lld_core.o(.data.usbd_drv_handler)
 <LI><a href="#[f]">usbd_ep_disable</a> from usbd_lld_core.o(.text.usbd_ep_disable) referenced 2 times from usbd_lld_core.o(.data.usbd_drv_handler)
 <LI><a href="#[d]">usbd_ep_reset</a> from usbd_lld_core.o(.text.usbd_ep_reset) referenced 2 times from usbd_lld_core.o(.data.usbd_drv_handler)
 <LI><a href="#[10]">usbd_ep_rx_enable</a> from usbd_lld_core.o(.text.usbd_ep_rx_enable) referenced 2 times from usbd_lld_core.o(.data.usbd_drv_handler)
 <LI><a href="#[e]">usbd_ep_setup</a> from usbd_lld_core.o(.text.usbd_ep_setup) referenced 2 times from usbd_lld_core.o(.data.usbd_drv_handler)
 <LI><a href="#[14]">usbd_ep_stall_clear</a> from usbd_lld_core.o(.text.usbd_ep_stall_clear) referenced 2 times from usbd_lld_core.o(.data.usbd_drv_handler)
 <LI><a href="#[13]">usbd_ep_stall_set</a> from usbd_lld_core.o(.text.usbd_ep_stall_set) referenced 2 times from usbd_lld_core.o(.data.usbd_drv_handler)
 <LI><a href="#[15]">usbd_ep_status</a> from usbd_lld_core.o(.text.usbd_ep_status) referenced 2 times from usbd_lld_core.o(.data.usbd_drv_handler)
 <LI><a href="#[b]">usbd_leave_suspend</a> from usbd_lld_core.o(.text.usbd_leave_suspend) referenced 2 times from usbd_lld_core.o(.data.usbd_drv_handler)
 <LI><a href="#[c]">usbd_resume</a> from usbd_lld_core.o(.text.usbd_resume) referenced 2 times from usbd_lld_core.o(.data.usbd_drv_handler)
 <LI><a href="#[a]">usbd_suspend</a> from usbd_lld_core.o(.text.usbd_suspend) referenced 2 times from usbd_lld_core.o(.data.usbd_drv_handler)
</UL>
<P>
<H3>
Global Symbols
</H3>
<P><STRONG><a name="[5d]"></a>__main</STRONG> (Thumb, 8 bytes, Stack size 0 bytes, __main.o(!!!main))
<BR><BR>[Calls]<UL><LI><a href="#[85]">&gt;&gt;</a>&nbsp;&nbsp;&nbsp;__rt_entry
<LI><a href="#[84]">&gt;&gt;</a>&nbsp;&nbsp;&nbsp;__scatterload
</UL>
<BR>[Address Reference Count : 1]<UL><LI> startup_gd32f30x_hd.o(.text)
</UL>
<P><STRONG><a name="[84]"></a>__scatterload</STRONG> (Thumb, 0 bytes, Stack size unknown bytes, __scatter.o(!!!scatter))
<BR><BR>[Called By]<UL><LI><a href="#[5d]">&gt;&gt;</a>&nbsp;&nbsp;&nbsp;__main
</UL>

<P><STRONG><a name="[86]"></a>__scatterload_rt2</STRONG> (Thumb, 44 bytes, Stack size unknown bytes, __scatter.o(!!!scatter), UNUSED)
<BR><BR>[Calls]<UL><LI><a href="#[85]">&gt;&gt;</a>&nbsp;&nbsp;&nbsp;__rt_entry
</UL>

<P><STRONG><a name="[19b]"></a>__scatterload_rt2_thumb_only</STRONG> (Thumb, 0 bytes, Stack size unknown bytes, __scatter.o(!!!scatter), UNUSED)

<P><STRONG><a name="[19c]"></a>__scatterload_null</STRONG> (Thumb, 0 bytes, Stack size unknown bytes, __scatter.o(!!!scatter), UNUSED)

<P><STRONG><a name="[19d]"></a>__decompress</STRONG> (Thumb, 58 bytes, Stack size unknown bytes, __dczerorl.o(!!dczerorl), UNUSED)

<P><STRONG><a name="[19e]"></a>__decompress0</STRONG> (Thumb, 0 bytes, Stack size unknown bytes, __dczerorl.o(!!dczerorl), UNUSED)

<P><STRONG><a name="[19f]"></a>__scatterload_zeroinit</STRONG> (Thumb, 28 bytes, Stack size unknown bytes, __scatter_zi.o(!!handler_zi), UNUSED)

<P><STRONG><a name="[87]"></a>_printf_n</STRONG> (Thumb, 0 bytes, Stack size unknown bytes, _printf_n.o(.ARM.Collect$$_printf_percent$$00000001))
<BR><BR>[Calls]<UL><LI><a href="#[88]">&gt;&gt;</a>&nbsp;&nbsp;&nbsp;_printf_charcount
</UL>

<P><STRONG><a name="[d4]"></a>_printf_percent</STRONG> (Thumb, 0 bytes, Stack size unknown bytes, _printf_percent.o(.ARM.Collect$$_printf_percent$$00000000))
<BR><BR>[Called By]<UL><LI><a href="#[cd]">&gt;&gt;</a>&nbsp;&nbsp;&nbsp;__printf
</UL>

<P><STRONG><a name="[89]"></a>_printf_p</STRONG> (Thumb, 0 bytes, Stack size unknown bytes, _printf_p.o(.ARM.Collect$$_printf_percent$$00000002))
<BR><BR>[Stack]<UL><LI>Max Depth = 64 + Unknown Stack Size
<LI>Call Chain = _printf_p &rArr; _printf_hex_ptr &rArr; _printf_longlong_hex &rArr; _printf_int_common &rArr; _printf_post_padding
</UL>
<BR>[Calls]<UL><LI><a href="#[8a]">&gt;&gt;</a>&nbsp;&nbsp;&nbsp;_printf_hex_ptr
</UL>

<P><STRONG><a name="[8b]"></a>_printf_f</STRONG> (Thumb, 0 bytes, Stack size unknown bytes, _printf_f.o(.ARM.Collect$$_printf_percent$$00000003))
<BR><BR>[Stack]<UL><LI>Max Depth = 324 + Unknown Stack Size
<LI>Call Chain = _printf_f &rArr; _printf_fp_dec &rArr; _printf_fp_dec_real &rArr; _fp_digits &rArr; _btod_etento &rArr; _btod_emul &rArr; _e2e
</UL>
<BR>[Calls]<UL><LI><a href="#[8c]">&gt;&gt;</a>&nbsp;&nbsp;&nbsp;_printf_fp_dec
</UL>

<P><STRONG><a name="[8d]"></a>_printf_e</STRONG> (Thumb, 0 bytes, Stack size unknown bytes, _printf_e.o(.ARM.Collect$$_printf_percent$$00000004))
<BR><BR>[Stack]<UL><LI>Max Depth = 324 + Unknown Stack Size
<LI>Call Chain = _printf_e &rArr; _printf_fp_dec &rArr; _printf_fp_dec_real &rArr; _fp_digits &rArr; _btod_etento &rArr; _btod_emul &rArr; _e2e
</UL>
<BR>[Calls]<UL><LI><a href="#[8c]">&gt;&gt;</a>&nbsp;&nbsp;&nbsp;_printf_fp_dec
</UL>

<P><STRONG><a name="[8e]"></a>_printf_g</STRONG> (Thumb, 0 bytes, Stack size unknown bytes, _printf_g.o(.ARM.Collect$$_printf_percent$$00000005))
<BR><BR>[Stack]<UL><LI>Max Depth = 324 + Unknown Stack Size
<LI>Call Chain = _printf_g &rArr; _printf_fp_dec &rArr; _printf_fp_dec_real &rArr; _fp_digits &rArr; _btod_etento &rArr; _btod_emul &rArr; _e2e
</UL>
<BR>[Calls]<UL><LI><a href="#[8c]">&gt;&gt;</a>&nbsp;&nbsp;&nbsp;_printf_fp_dec
</UL>

<P><STRONG><a name="[8f]"></a>_printf_a</STRONG> (Thumb, 0 bytes, Stack size unknown bytes, _printf_a.o(.ARM.Collect$$_printf_percent$$00000006))
<BR><BR>[Stack]<UL><LI>Max Depth = 112 + Unknown Stack Size
<LI>Call Chain = _printf_a &rArr; _printf_fp_hex &rArr; _printf_fp_hex_real &rArr; _printf_fp_infnan &rArr; _printf_post_padding
</UL>
<BR>[Calls]<UL><LI><a href="#[90]">&gt;&gt;</a>&nbsp;&nbsp;&nbsp;_printf_fp_hex
</UL>

<P><STRONG><a name="[1a0]"></a>_printf_ll</STRONG> (Thumb, 0 bytes, Stack size unknown bytes, _printf_ll.o(.ARM.Collect$$_printf_percent$$00000007))

<P><STRONG><a name="[91]"></a>_printf_i</STRONG> (Thumb, 0 bytes, Stack size unknown bytes, _printf_i.o(.ARM.Collect$$_printf_percent$$00000008))
<BR><BR>[Stack]<UL><LI>Max Depth = 72 + Unknown Stack Size
<LI>Call Chain = _printf_i &rArr; _printf_int_dec &rArr; _printf_int_common &rArr; _printf_post_padding
</UL>
<BR>[Calls]<UL><LI><a href="#[92]">&gt;&gt;</a>&nbsp;&nbsp;&nbsp;_printf_int_dec
</UL>

<P><STRONG><a name="[93]"></a>_printf_d</STRONG> (Thumb, 0 bytes, Stack size unknown bytes, _printf_d.o(.ARM.Collect$$_printf_percent$$00000009))
<BR><BR>[Stack]<UL><LI>Max Depth = 72 + Unknown Stack Size
<LI>Call Chain = _printf_d &rArr; _printf_int_dec &rArr; _printf_int_common &rArr; _printf_post_padding
</UL>
<BR>[Calls]<UL><LI><a href="#[92]">&gt;&gt;</a>&nbsp;&nbsp;&nbsp;_printf_int_dec
</UL>

<P><STRONG><a name="[94]"></a>_printf_u</STRONG> (Thumb, 0 bytes, Stack size unknown bytes, _printf_u.o(.ARM.Collect$$_printf_percent$$0000000A))
<BR><BR>[Stack]<UL><LI>Max Depth = 72 + Unknown Stack Size
<LI>Call Chain = _printf_u &rArr; _printf_int_dec &rArr; _printf_int_common &rArr; _printf_post_padding
</UL>
<BR>[Calls]<UL><LI><a href="#[92]">&gt;&gt;</a>&nbsp;&nbsp;&nbsp;_printf_int_dec
</UL>

<P><STRONG><a name="[95]"></a>_printf_o</STRONG> (Thumb, 0 bytes, Stack size unknown bytes, _printf_o.o(.ARM.Collect$$_printf_percent$$0000000B))
<BR><BR>[Stack]<UL><LI>Max Depth = 64 + Unknown Stack Size
<LI>Call Chain = _printf_o &rArr; _printf_int_oct &rArr; _printf_longlong_oct &rArr; _printf_int_common &rArr; _printf_post_padding
</UL>
<BR>[Calls]<UL><LI><a href="#[96]">&gt;&gt;</a>&nbsp;&nbsp;&nbsp;_printf_int_oct
</UL>

<P><STRONG><a name="[97]"></a>_printf_x</STRONG> (Thumb, 0 bytes, Stack size unknown bytes, _printf_x.o(.ARM.Collect$$_printf_percent$$0000000C))
<BR><BR>[Stack]<UL><LI>Max Depth = 80 + Unknown Stack Size
<LI>Call Chain = _printf_x &rArr; _printf_int_hex &rArr; _printf_longlong_hex &rArr; _printf_int_common &rArr; _printf_post_padding
</UL>
<BR>[Calls]<UL><LI><a href="#[98]">&gt;&gt;</a>&nbsp;&nbsp;&nbsp;_printf_int_hex
</UL>

<P><STRONG><a name="[99]"></a>_printf_lli</STRONG> (Thumb, 0 bytes, Stack size unknown bytes, _printf_lli.o(.ARM.Collect$$_printf_percent$$0000000D))
<BR><BR>[Stack]<UL><LI>Max Depth = 72 + Unknown Stack Size
<LI>Call Chain = _printf_lli &rArr; _printf_longlong_dec &rArr; _printf_int_common &rArr; _printf_post_padding
</UL>
<BR>[Calls]<UL><LI><a href="#[9a]">&gt;&gt;</a>&nbsp;&nbsp;&nbsp;_printf_longlong_dec
</UL>

<P><STRONG><a name="[9b]"></a>_printf_lld</STRONG> (Thumb, 0 bytes, Stack size unknown bytes, _printf_lld.o(.ARM.Collect$$_printf_percent$$0000000E))
<BR><BR>[Stack]<UL><LI>Max Depth = 72 + Unknown Stack Size
<LI>Call Chain = _printf_lld &rArr; _printf_longlong_dec &rArr; _printf_int_common &rArr; _printf_post_padding
</UL>
<BR>[Calls]<UL><LI><a href="#[9a]">&gt;&gt;</a>&nbsp;&nbsp;&nbsp;_printf_longlong_dec
</UL>

<P><STRONG><a name="[9c]"></a>_printf_llu</STRONG> (Thumb, 0 bytes, Stack size unknown bytes, _printf_llu.o(.ARM.Collect$$_printf_percent$$0000000F))
<BR><BR>[Stack]<UL><LI>Max Depth = 72 + Unknown Stack Size
<LI>Call Chain = _printf_llu &rArr; _printf_longlong_dec &rArr; _printf_int_common &rArr; _printf_post_padding
</UL>
<BR>[Calls]<UL><LI><a href="#[9a]">&gt;&gt;</a>&nbsp;&nbsp;&nbsp;_printf_longlong_dec
</UL>

<P><STRONG><a name="[9d]"></a>_printf_llo</STRONG> (Thumb, 0 bytes, Stack size unknown bytes, _printf_llo.o(.ARM.Collect$$_printf_percent$$00000010))
<BR><BR>[Stack]<UL><LI>Max Depth = 56 + Unknown Stack Size
<LI>Call Chain = _printf_llo &rArr; _printf_ll_oct &rArr; _printf_longlong_oct &rArr; _printf_int_common &rArr; _printf_post_padding
</UL>
<BR>[Calls]<UL><LI><a href="#[9e]">&gt;&gt;</a>&nbsp;&nbsp;&nbsp;_printf_ll_oct
</UL>

<P><STRONG><a name="[9f]"></a>_printf_llx</STRONG> (Thumb, 0 bytes, Stack size unknown bytes, _printf_llx.o(.ARM.Collect$$_printf_percent$$00000011))
<BR><BR>[Stack]<UL><LI>Max Depth = 64 + Unknown Stack Size
<LI>Call Chain = _printf_llx &rArr; _printf_ll_hex &rArr; _printf_longlong_hex &rArr; _printf_int_common &rArr; _printf_post_padding
</UL>
<BR>[Calls]<UL><LI><a href="#[a0]">&gt;&gt;</a>&nbsp;&nbsp;&nbsp;_printf_ll_hex
</UL>

<P><STRONG><a name="[1a1]"></a>_printf_l</STRONG> (Thumb, 0 bytes, Stack size unknown bytes, _printf_l.o(.ARM.Collect$$_printf_percent$$00000012))

<P><STRONG><a name="[a1]"></a>_printf_c</STRONG> (Thumb, 0 bytes, Stack size unknown bytes, _printf_c.o(.ARM.Collect$$_printf_percent$$00000013))
<BR><BR>[Stack]<UL><LI>Max Depth = 40 + Unknown Stack Size
<LI>Call Chain = _printf_c &rArr; _printf_char &rArr; _printf_cs_common &rArr; _printf_str &rArr; _printf_post_padding
</UL>
<BR>[Calls]<UL><LI><a href="#[a2]">&gt;&gt;</a>&nbsp;&nbsp;&nbsp;_printf_char
</UL>

<P><STRONG><a name="[a3]"></a>_printf_s</STRONG> (Thumb, 0 bytes, Stack size unknown bytes, _printf_s.o(.ARM.Collect$$_printf_percent$$00000014))
<BR><BR>[Stack]<UL><LI>Max Depth = 40 + Unknown Stack Size
<LI>Call Chain = _printf_s &rArr; _printf_string &rArr; _printf_cs_common &rArr; _printf_str &rArr; _printf_post_padding
</UL>
<BR>[Calls]<UL><LI><a href="#[a4]">&gt;&gt;</a>&nbsp;&nbsp;&nbsp;_printf_string
</UL>

<P><STRONG><a name="[a5]"></a>_printf_lc</STRONG> (Thumb, 0 bytes, Stack size unknown bytes, _printf_lc.o(.ARM.Collect$$_printf_percent$$00000015))
<BR><BR>[Stack]<UL><LI>Max Depth = 88 + Unknown Stack Size
<LI>Call Chain = _printf_lc &rArr; _printf_wchar &rArr; _printf_lcs_common &rArr; _printf_wctomb &rArr; _wcrtomb
</UL>
<BR>[Calls]<UL><LI><a href="#[a6]">&gt;&gt;</a>&nbsp;&nbsp;&nbsp;_printf_wchar
</UL>

<P><STRONG><a name="[a7]"></a>_printf_ls</STRONG> (Thumb, 0 bytes, Stack size unknown bytes, _printf_ls.o(.ARM.Collect$$_printf_percent$$00000016))
<BR><BR>[Stack]<UL><LI>Max Depth = 88 + Unknown Stack Size
<LI>Call Chain = _printf_ls &rArr; _printf_wstring &rArr; _printf_lcs_common &rArr; _printf_wctomb &rArr; _wcrtomb
</UL>
<BR>[Calls]<UL><LI><a href="#[a8]">&gt;&gt;</a>&nbsp;&nbsp;&nbsp;_printf_wstring
</UL>

<P><STRONG><a name="[1a2]"></a>_printf_percent_end</STRONG> (Thumb, 0 bytes, Stack size unknown bytes, _printf_percent_end.o(.ARM.Collect$$_printf_percent$$00000017))

<P><STRONG><a name="[b5]"></a>__rt_lib_init</STRONG> (Thumb, 0 bytes, Stack size unknown bytes, libinit.o(.ARM.Collect$$libinit$$00000000))
<BR><BR>[Called By]<UL><LI><a href="#[b4]">&gt;&gt;</a>&nbsp;&nbsp;&nbsp;__rt_entry_li
</UL>

<P><STRONG><a name="[a9]"></a>__rt_lib_init_fp_1</STRONG> (Thumb, 0 bytes, Stack size unknown bytes, libinit2.o(.ARM.Collect$$libinit$$00000001))
<BR><BR>[Calls]<UL><LI><a href="#[aa]">&gt;&gt;</a>&nbsp;&nbsp;&nbsp;_fp_init
</UL>

<P><STRONG><a name="[ab]"></a>__rt_lib_init_heap_2</STRONG> (Thumb, 0 bytes, Stack size unknown bytes, libinit2.o(.ARM.Collect$$libinit$$00000007))
<BR><BR>[Stack]<UL><LI>Max Depth = 64 + Unknown Stack Size
<LI>Call Chain = __rt_lib_init_heap_2 &rArr; _init_alloc &rArr; __rt_SIGRTMEM &rArr; __rt_SIGRTMEM_inner &rArr; __default_signal_display &rArr; _ttywrch
</UL>
<BR>[Calls]<UL><LI><a href="#[ac]">&gt;&gt;</a>&nbsp;&nbsp;&nbsp;_init_alloc
</UL>

<P><STRONG><a name="[1a3]"></a>__rt_lib_init_preinit_1</STRONG> (Thumb, 0 bytes, Stack size unknown bytes, libinit2.o(.ARM.Collect$$libinit$$00000006))

<P><STRONG><a name="[1a4]"></a>__rt_lib_init_relocate_pie_1</STRONG> (Thumb, 0 bytes, Stack size unknown bytes, libinit2.o(.ARM.Collect$$libinit$$00000004))

<P><STRONG><a name="[1a5]"></a>__rt_lib_init_heap_1</STRONG> (Thumb, 0 bytes, Stack size unknown bytes, libinit2.o(.ARM.Collect$$libinit$$0000000C))

<P><STRONG><a name="[ad]"></a>__rt_lib_init_lc_common</STRONG> (Thumb, 0 bytes, Stack size unknown bytes, libinit2.o(.ARM.Collect$$libinit$$00000011))
<BR><BR>[Calls]<UL><LI><a href="#[ae]">&gt;&gt;</a>&nbsp;&nbsp;&nbsp;__rt_locale
</UL>

<P><STRONG><a name="[1a6]"></a>__rt_lib_init_rand_1</STRONG> (Thumb, 0 bytes, Stack size unknown bytes, libinit2.o(.ARM.Collect$$libinit$$00000010))

<P><STRONG><a name="[1a7]"></a>__rt_lib_init_user_alloc_1</STRONG> (Thumb, 0 bytes, Stack size unknown bytes, libinit2.o(.ARM.Collect$$libinit$$0000000E))

<P><STRONG><a name="[1a8]"></a>__rt_lib_init_lc_collate_1</STRONG> (Thumb, 0 bytes, Stack size unknown bytes, libinit2.o(.ARM.Collect$$libinit$$00000013))

<P><STRONG><a name="[af]"></a>__rt_lib_init_lc_ctype_2</STRONG> (Thumb, 0 bytes, Stack size unknown bytes, libinit2.o(.ARM.Collect$$libinit$$00000014))
<BR><BR>[Stack]<UL><LI>Max Depth = 16 + Unknown Stack Size
<LI>Call Chain = __rt_lib_init_lc_ctype_2 &rArr; _get_lc_ctype &rArr; strcmp
</UL>
<BR>[Calls]<UL><LI><a href="#[60]">&gt;&gt;</a>&nbsp;&nbsp;&nbsp;_get_lc_ctype
</UL>

<P><STRONG><a name="[1a9]"></a>__rt_lib_init_lc_ctype_1</STRONG> (Thumb, 0 bytes, Stack size unknown bytes, libinit2.o(.ARM.Collect$$libinit$$00000015))

<P><STRONG><a name="[1aa]"></a>__rt_lib_init_lc_monetary_1</STRONG> (Thumb, 0 bytes, Stack size unknown bytes, libinit2.o(.ARM.Collect$$libinit$$00000017))

<P><STRONG><a name="[b0]"></a>__rt_lib_init_lc_numeric_2</STRONG> (Thumb, 0 bytes, Stack size unknown bytes, libinit2.o(.ARM.Collect$$libinit$$00000018))
<BR><BR>[Stack]<UL><LI>Max Depth = 16 + Unknown Stack Size
<LI>Call Chain = __rt_lib_init_lc_numeric_2 &rArr; _get_lc_numeric &rArr; strcmp
</UL>
<BR>[Calls]<UL><LI><a href="#[b1]">&gt;&gt;</a>&nbsp;&nbsp;&nbsp;_get_lc_numeric
</UL>

<P><STRONG><a name="[1ab]"></a>__rt_lib_init_alloca_1</STRONG> (Thumb, 0 bytes, Stack size unknown bytes, libinit2.o(.ARM.Collect$$libinit$$00000030))

<P><STRONG><a name="[1ac]"></a>__rt_lib_init_argv_1</STRONG> (Thumb, 0 bytes, Stack size unknown bytes, libinit2.o(.ARM.Collect$$libinit$$0000002E))

<P><STRONG><a name="[1ad]"></a>__rt_lib_init_atexit_1</STRONG> (Thumb, 0 bytes, Stack size unknown bytes, libinit2.o(.ARM.Collect$$libinit$$0000001D))

<P><STRONG><a name="[1ae]"></a>__rt_lib_init_clock_1</STRONG> (Thumb, 0 bytes, Stack size unknown bytes, libinit2.o(.ARM.Collect$$libinit$$00000023))

<P><STRONG><a name="[1af]"></a>__rt_lib_init_cpp_1</STRONG> (Thumb, 0 bytes, Stack size unknown bytes, libinit2.o(.ARM.Collect$$libinit$$00000034))

<P><STRONG><a name="[1b0]"></a>__rt_lib_init_exceptions_1</STRONG> (Thumb, 0 bytes, Stack size unknown bytes, libinit2.o(.ARM.Collect$$libinit$$00000032))

<P><STRONG><a name="[1b1]"></a>__rt_lib_init_fp_trap_1</STRONG> (Thumb, 0 bytes, Stack size unknown bytes, libinit2.o(.ARM.Collect$$libinit$$00000021))

<P><STRONG><a name="[1b2]"></a>__rt_lib_init_getenv_1</STRONG> (Thumb, 0 bytes, Stack size unknown bytes, libinit2.o(.ARM.Collect$$libinit$$00000025))

<P><STRONG><a name="[1b3]"></a>__rt_lib_init_lc_numeric_1</STRONG> (Thumb, 0 bytes, Stack size unknown bytes, libinit2.o(.ARM.Collect$$libinit$$00000019))

<P><STRONG><a name="[1b4]"></a>__rt_lib_init_lc_time_1</STRONG> (Thumb, 0 bytes, Stack size unknown bytes, libinit2.o(.ARM.Collect$$libinit$$0000001B))

<P><STRONG><a name="[1b5]"></a>__rt_lib_init_return</STRONG> (Thumb, 0 bytes, Stack size unknown bytes, libinit2.o(.ARM.Collect$$libinit$$00000035))

<P><STRONG><a name="[1b6]"></a>__rt_lib_init_signal_1</STRONG> (Thumb, 0 bytes, Stack size unknown bytes, libinit2.o(.ARM.Collect$$libinit$$0000001F))

<P><STRONG><a name="[1b7]"></a>__rt_lib_init_stdio_1</STRONG> (Thumb, 0 bytes, Stack size unknown bytes, libinit2.o(.ARM.Collect$$libinit$$00000027))

<P><STRONG><a name="[ba]"></a>__rt_lib_shutdown</STRONG> (Thumb, 0 bytes, Stack size unknown bytes, libshutdown.o(.ARM.Collect$$libshutdown$$00000000))
<BR><BR>[Called By]<UL><LI><a href="#[b9]">&gt;&gt;</a>&nbsp;&nbsp;&nbsp;__rt_exit_ls
</UL>

<P><STRONG><a name="[1b8]"></a>__rt_lib_shutdown_cpp_1</STRONG> (Thumb, 0 bytes, Stack size unknown bytes, libshutdown2.o(.ARM.Collect$$libshutdown$$00000002))

<P><STRONG><a name="[1b9]"></a>__rt_lib_shutdown_fp_trap_1</STRONG> (Thumb, 0 bytes, Stack size unknown bytes, libshutdown2.o(.ARM.Collect$$libshutdown$$00000007))

<P><STRONG><a name="[1ba]"></a>__rt_lib_shutdown_heap_1</STRONG> (Thumb, 0 bytes, Stack size unknown bytes, libshutdown2.o(.ARM.Collect$$libshutdown$$0000000F))

<P><STRONG><a name="[1bb]"></a>__rt_lib_shutdown_return</STRONG> (Thumb, 0 bytes, Stack size unknown bytes, libshutdown2.o(.ARM.Collect$$libshutdown$$00000010))

<P><STRONG><a name="[1bc]"></a>__rt_lib_shutdown_signal_1</STRONG> (Thumb, 0 bytes, Stack size unknown bytes, libshutdown2.o(.ARM.Collect$$libshutdown$$0000000A))

<P><STRONG><a name="[1bd]"></a>__rt_lib_shutdown_stdio_1</STRONG> (Thumb, 0 bytes, Stack size unknown bytes, libshutdown2.o(.ARM.Collect$$libshutdown$$00000004))

<P><STRONG><a name="[1be]"></a>__rt_lib_shutdown_user_alloc_1</STRONG> (Thumb, 0 bytes, Stack size unknown bytes, libshutdown2.o(.ARM.Collect$$libshutdown$$0000000C))

<P><STRONG><a name="[85]"></a>__rt_entry</STRONG> (Thumb, 0 bytes, Stack size unknown bytes, __rtentry.o(.ARM.Collect$$rtentry$$00000000))
<BR><BR>[Called By]<UL><LI><a href="#[5d]">&gt;&gt;</a>&nbsp;&nbsp;&nbsp;__main
<LI><a href="#[86]">&gt;&gt;</a>&nbsp;&nbsp;&nbsp;__scatterload_rt2
</UL>

<P><STRONG><a name="[1bf]"></a>__rt_entry_presh_1</STRONG> (Thumb, 0 bytes, Stack size unknown bytes, __rtentry2.o(.ARM.Collect$$rtentry$$00000002))

<P><STRONG><a name="[b2]"></a>__rt_entry_sh</STRONG> (Thumb, 0 bytes, Stack size unknown bytes, __rtentry4.o(.ARM.Collect$$rtentry$$00000004))
<BR><BR>[Stack]<UL><LI>Max Depth = 8 + Unknown Stack Size
<LI>Call Chain = __rt_entry_sh &rArr; __user_setup_stackheap
</UL>
<BR>[Calls]<UL><LI><a href="#[b3]">&gt;&gt;</a>&nbsp;&nbsp;&nbsp;__user_setup_stackheap
</UL>

<P><STRONG><a name="[b4]"></a>__rt_entry_li</STRONG> (Thumb, 0 bytes, Stack size unknown bytes, __rtentry2.o(.ARM.Collect$$rtentry$$0000000A))
<BR><BR>[Calls]<UL><LI><a href="#[b5]">&gt;&gt;</a>&nbsp;&nbsp;&nbsp;__rt_lib_init
</UL>

<P><STRONG><a name="[1c0]"></a>__rt_entry_postsh_1</STRONG> (Thumb, 0 bytes, Stack size unknown bytes, __rtentry2.o(.ARM.Collect$$rtentry$$00000009))

<P><STRONG><a name="[b6]"></a>__rt_entry_main</STRONG> (Thumb, 0 bytes, Stack size unknown bytes, __rtentry2.o(.ARM.Collect$$rtentry$$0000000D))
<BR><BR>[Stack]<UL><LI>Max Depth = 260 + Unknown Stack Size
<LI>Call Chain = __rt_entry_main &rArr; main &rArr; rt_hw_board_init &rArr; rt_system_heap_init &rArr; rt_kprintf &rArr; rt_vsnprintf &rArr; print_number
</UL>
<BR>[Calls]<UL><LI><a href="#[b7]">&gt;&gt;</a>&nbsp;&nbsp;&nbsp;main
<LI><a href="#[b8]">&gt;&gt;</a>&nbsp;&nbsp;&nbsp;exit
</UL>

<P><STRONG><a name="[1c1]"></a>__rt_entry_postli_1</STRONG> (Thumb, 0 bytes, Stack size unknown bytes, __rtentry2.o(.ARM.Collect$$rtentry$$0000000C))

<P><STRONG><a name="[e8]"></a>__rt_exit</STRONG> (Thumb, 0 bytes, Stack size unknown bytes, rtexit.o(.ARM.Collect$$rtexit$$00000000))
<BR><BR>[Called By]<UL><LI><a href="#[b8]">&gt;&gt;</a>&nbsp;&nbsp;&nbsp;exit
</UL>

<P><STRONG><a name="[b9]"></a>__rt_exit_ls</STRONG> (Thumb, 0 bytes, Stack size unknown bytes, rtexit2.o(.ARM.Collect$$rtexit$$00000003))
<BR><BR>[Calls]<UL><LI><a href="#[ba]">&gt;&gt;</a>&nbsp;&nbsp;&nbsp;__rt_lib_shutdown
</UL>

<P><STRONG><a name="[1c2]"></a>__rt_exit_prels_1</STRONG> (Thumb, 0 bytes, Stack size unknown bytes, rtexit2.o(.ARM.Collect$$rtexit$$00000002))

<P><STRONG><a name="[bb]"></a>__rt_exit_exit</STRONG> (Thumb, 0 bytes, Stack size unknown bytes, rtexit2.o(.ARM.Collect$$rtexit$$00000004))
<BR><BR>[Calls]<UL><LI><a href="#[bc]">&gt;&gt;</a>&nbsp;&nbsp;&nbsp;_sys_exit
</UL>

<P><STRONG><a name="[16]"></a>Reset_Handler</STRONG> (Thumb, 8 bytes, Stack size 0 bytes, startup_gd32f30x_hd.o(.text))
<BR>[Address Reference Count : 1]<UL><LI> startup_gd32f30x_hd.o(RESET)
</UL>
<P><STRONG><a name="[32]"></a>ADC0_1_IRQHandler</STRONG> (Thumb, 0 bytes, Stack size 0 bytes, startup_gd32f30x_hd.o(.text))
<BR><BR>[Calls]<UL><LI><a href="#[32]">&gt;&gt;</a>&nbsp;&nbsp;&nbsp;ADC0_1_IRQHandler
</UL>
<BR>[Called By]<UL><LI><a href="#[32]">&gt;&gt;</a>&nbsp;&nbsp;&nbsp;ADC0_1_IRQHandler
</UL>
<BR>[Address Reference Count : 1]<UL><LI> startup_gd32f30x_hd.o(RESET)
</UL>
<P><STRONG><a name="[4f]"></a>ADC2_IRQHandler</STRONG> (Thumb, 0 bytes, Stack size 0 bytes, startup_gd32f30x_hd.o(.text))
<BR>[Address Reference Count : 1]<UL><LI> startup_gd32f30x_hd.o(RESET)
</UL>
<P><STRONG><a name="[36]"></a>CAN0_EWMC_IRQHandler</STRONG> (Thumb, 0 bytes, Stack size 0 bytes, startup_gd32f30x_hd.o(.text))
<BR>[Address Reference Count : 1]<UL><LI> startup_gd32f30x_hd.o(RESET)
</UL>
<P><STRONG><a name="[35]"></a>CAN0_RX1_IRQHandler</STRONG> (Thumb, 0 bytes, Stack size 0 bytes, startup_gd32f30x_hd.o(.text))
<BR>[Address Reference Count : 1]<UL><LI> startup_gd32f30x_hd.o(RESET)
</UL>
<P><STRONG><a name="[2b]"></a>DMA0_Channel0_IRQHandler</STRONG> (Thumb, 0 bytes, Stack size 0 bytes, startup_gd32f30x_hd.o(.text))
<BR>[Address Reference Count : 1]<UL><LI> startup_gd32f30x_hd.o(RESET)
</UL>
<P><STRONG><a name="[2c]"></a>DMA0_Channel1_IRQHandler</STRONG> (Thumb, 0 bytes, Stack size 0 bytes, startup_gd32f30x_hd.o(.text))
<BR>[Address Reference Count : 1]<UL><LI> startup_gd32f30x_hd.o(RESET)
</UL>
<P><STRONG><a name="[2d]"></a>DMA0_Channel2_IRQHandler</STRONG> (Thumb, 0 bytes, Stack size 0 bytes, startup_gd32f30x_hd.o(.text))
<BR>[Address Reference Count : 1]<UL><LI> startup_gd32f30x_hd.o(RESET)
</UL>
<P><STRONG><a name="[2f]"></a>DMA0_Channel4_IRQHandler</STRONG> (Thumb, 0 bytes, Stack size 0 bytes, startup_gd32f30x_hd.o(.text))
<BR>[Address Reference Count : 1]<UL><LI> startup_gd32f30x_hd.o(RESET)
</UL>
<P><STRONG><a name="[30]"></a>DMA0_Channel5_IRQHandler</STRONG> (Thumb, 0 bytes, Stack size 0 bytes, startup_gd32f30x_hd.o(.text))
<BR>[Address Reference Count : 1]<UL><LI> startup_gd32f30x_hd.o(RESET)
</UL>
<P><STRONG><a name="[31]"></a>DMA0_Channel6_IRQHandler</STRONG> (Thumb, 0 bytes, Stack size 0 bytes, startup_gd32f30x_hd.o(.text))
<BR>[Address Reference Count : 1]<UL><LI> startup_gd32f30x_hd.o(RESET)
</UL>
<P><STRONG><a name="[58]"></a>DMA1_Channel0_IRQHandler</STRONG> (Thumb, 0 bytes, Stack size 0 bytes, startup_gd32f30x_hd.o(.text))
<BR>[Address Reference Count : 1]<UL><LI> startup_gd32f30x_hd.o(RESET)
</UL>
<P><STRONG><a name="[5a]"></a>DMA1_Channel2_IRQHandler</STRONG> (Thumb, 0 bytes, Stack size 0 bytes, startup_gd32f30x_hd.o(.text))
<BR>[Address Reference Count : 1]<UL><LI> startup_gd32f30x_hd.o(RESET)
</UL>
<P><STRONG><a name="[5b]"></a>DMA1_Channel3_4_IRQHandler</STRONG> (Thumb, 0 bytes, Stack size 0 bytes, startup_gd32f30x_hd.o(.text))
<BR>[Address Reference Count : 1]<UL><LI> startup_gd32f30x_hd.o(RESET)
</UL>
<P><STRONG><a name="[50]"></a>EXMC_IRQHandler</STRONG> (Thumb, 0 bytes, Stack size 0 bytes, startup_gd32f30x_hd.o(.text))
<BR>[Address Reference Count : 1]<UL><LI> startup_gd32f30x_hd.o(RESET)
</UL>
<P><STRONG><a name="[26]"></a>EXTI0_IRQHandler</STRONG> (Thumb, 0 bytes, Stack size 0 bytes, startup_gd32f30x_hd.o(.text))
<BR>[Address Reference Count : 1]<UL><LI> startup_gd32f30x_hd.o(RESET)
</UL>
<P><STRONG><a name="[48]"></a>EXTI10_15_IRQHandler</STRONG> (Thumb, 0 bytes, Stack size 0 bytes, startup_gd32f30x_hd.o(.text))
<BR>[Address Reference Count : 1]<UL><LI> startup_gd32f30x_hd.o(RESET)
</UL>
<P><STRONG><a name="[27]"></a>EXTI1_IRQHandler</STRONG> (Thumb, 0 bytes, Stack size 0 bytes, startup_gd32f30x_hd.o(.text))
<BR>[Address Reference Count : 1]<UL><LI> startup_gd32f30x_hd.o(RESET)
</UL>
<P><STRONG><a name="[28]"></a>EXTI2_IRQHandler</STRONG> (Thumb, 0 bytes, Stack size 0 bytes, startup_gd32f30x_hd.o(.text))
<BR>[Address Reference Count : 1]<UL><LI> startup_gd32f30x_hd.o(RESET)
</UL>
<P><STRONG><a name="[37]"></a>EXTI5_9_IRQHandler</STRONG> (Thumb, 0 bytes, Stack size 0 bytes, startup_gd32f30x_hd.o(.text))
<BR>[Address Reference Count : 1]<UL><LI> startup_gd32f30x_hd.o(RESET)
</UL>
<P><STRONG><a name="[24]"></a>FMC_IRQHandler</STRONG> (Thumb, 0 bytes, Stack size 0 bytes, startup_gd32f30x_hd.o(.text))
<BR>[Address Reference Count : 1]<UL><LI> startup_gd32f30x_hd.o(RESET)
</UL>
<P><STRONG><a name="[40]"></a>I2C0_ER_IRQHandler</STRONG> (Thumb, 0 bytes, Stack size 0 bytes, startup_gd32f30x_hd.o(.text))
<BR>[Address Reference Count : 1]<UL><LI> startup_gd32f30x_hd.o(RESET)
</UL>
<P><STRONG><a name="[3f]"></a>I2C0_EV_IRQHandler</STRONG> (Thumb, 0 bytes, Stack size 0 bytes, startup_gd32f30x_hd.o(.text))
<BR>[Address Reference Count : 1]<UL><LI> startup_gd32f30x_hd.o(RESET)
</UL>
<P><STRONG><a name="[42]"></a>I2C1_ER_IRQHandler</STRONG> (Thumb, 0 bytes, Stack size 0 bytes, startup_gd32f30x_hd.o(.text))
<BR>[Address Reference Count : 1]<UL><LI> startup_gd32f30x_hd.o(RESET)
</UL>
<P><STRONG><a name="[41]"></a>I2C1_EV_IRQHandler</STRONG> (Thumb, 0 bytes, Stack size 0 bytes, startup_gd32f30x_hd.o(.text))
<BR>[Address Reference Count : 1]<UL><LI> startup_gd32f30x_hd.o(RESET)
</UL>
<P><STRONG><a name="[21]"></a>LVD_IRQHandler</STRONG> (Thumb, 0 bytes, Stack size 0 bytes, startup_gd32f30x_hd.o(.text))
<BR>[Address Reference Count : 1]<UL><LI> startup_gd32f30x_hd.o(RESET)
</UL>
<P><STRONG><a name="[25]"></a>RCU_CTC_IRQHandler</STRONG> (Thumb, 0 bytes, Stack size 0 bytes, startup_gd32f30x_hd.o(.text))
<BR>[Address Reference Count : 1]<UL><LI> startup_gd32f30x_hd.o(RESET)
</UL>
<P><STRONG><a name="[49]"></a>RTC_Alarm_IRQHandler</STRONG> (Thumb, 0 bytes, Stack size 0 bytes, startup_gd32f30x_hd.o(.text))
<BR>[Address Reference Count : 1]<UL><LI> startup_gd32f30x_hd.o(RESET)
</UL>
<P><STRONG><a name="[23]"></a>RTC_IRQHandler</STRONG> (Thumb, 0 bytes, Stack size 0 bytes, startup_gd32f30x_hd.o(.text))
<BR>[Address Reference Count : 1]<UL><LI> startup_gd32f30x_hd.o(RESET)
</UL>
<P><STRONG><a name="[51]"></a>SDIO_IRQHandler</STRONG> (Thumb, 0 bytes, Stack size 0 bytes, startup_gd32f30x_hd.o(.text))
<BR>[Address Reference Count : 1]<UL><LI> startup_gd32f30x_hd.o(RESET)
</UL>
<P><STRONG><a name="[43]"></a>SPI0_IRQHandler</STRONG> (Thumb, 0 bytes, Stack size 0 bytes, startup_gd32f30x_hd.o(.text))
<BR>[Address Reference Count : 1]<UL><LI> startup_gd32f30x_hd.o(RESET)
</UL>
<P><STRONG><a name="[44]"></a>SPI1_IRQHandler</STRONG> (Thumb, 0 bytes, Stack size 0 bytes, startup_gd32f30x_hd.o(.text))
<BR>[Address Reference Count : 1]<UL><LI> startup_gd32f30x_hd.o(RESET)
</UL>
<P><STRONG><a name="[53]"></a>SPI2_IRQHandler</STRONG> (Thumb, 0 bytes, Stack size 0 bytes, startup_gd32f30x_hd.o(.text))
<BR>[Address Reference Count : 1]<UL><LI> startup_gd32f30x_hd.o(RESET)
</UL>
<P><STRONG><a name="[22]"></a>TAMPER_IRQHandler</STRONG> (Thumb, 0 bytes, Stack size 0 bytes, startup_gd32f30x_hd.o(.text))
<BR>[Address Reference Count : 1]<UL><LI> startup_gd32f30x_hd.o(RESET)
</UL>
<P><STRONG><a name="[38]"></a>TIMER0_BRK_IRQHandler</STRONG> (Thumb, 0 bytes, Stack size 0 bytes, startup_gd32f30x_hd.o(.text))
<BR>[Address Reference Count : 1]<UL><LI> startup_gd32f30x_hd.o(RESET)
</UL>
<P><STRONG><a name="[3b]"></a>TIMER0_Channel_IRQHandler</STRONG> (Thumb, 0 bytes, Stack size 0 bytes, startup_gd32f30x_hd.o(.text))
<BR>[Address Reference Count : 1]<UL><LI> startup_gd32f30x_hd.o(RESET)
</UL>
<P><STRONG><a name="[3a]"></a>TIMER0_TRG_CMT_IRQHandler</STRONG> (Thumb, 0 bytes, Stack size 0 bytes, startup_gd32f30x_hd.o(.text))
<BR>[Address Reference Count : 1]<UL><LI> startup_gd32f30x_hd.o(RESET)
</UL>
<P><STRONG><a name="[39]"></a>TIMER0_UP_IRQHandler</STRONG> (Thumb, 0 bytes, Stack size 0 bytes, startup_gd32f30x_hd.o(.text))
<BR>[Address Reference Count : 1]<UL><LI> startup_gd32f30x_hd.o(RESET)
</UL>
<P><STRONG><a name="[3c]"></a>TIMER1_IRQHandler</STRONG> (Thumb, 0 bytes, Stack size 0 bytes, startup_gd32f30x_hd.o(.text))
<BR>[Address Reference Count : 1]<UL><LI> startup_gd32f30x_hd.o(RESET)
</UL>
<P><STRONG><a name="[3d]"></a>TIMER2_IRQHandler</STRONG> (Thumb, 0 bytes, Stack size 0 bytes, startup_gd32f30x_hd.o(.text))
<BR>[Address Reference Count : 1]<UL><LI> startup_gd32f30x_hd.o(RESET)
</UL>
<P><STRONG><a name="[3e]"></a>TIMER3_IRQHandler</STRONG> (Thumb, 0 bytes, Stack size 0 bytes, startup_gd32f30x_hd.o(.text))
<BR>[Address Reference Count : 1]<UL><LI> startup_gd32f30x_hd.o(RESET)
</UL>
<P><STRONG><a name="[52]"></a>TIMER4_IRQHandler</STRONG> (Thumb, 0 bytes, Stack size 0 bytes, startup_gd32f30x_hd.o(.text))
<BR>[Address Reference Count : 1]<UL><LI> startup_gd32f30x_hd.o(RESET)
</UL>
<P><STRONG><a name="[56]"></a>TIMER5_IRQHandler</STRONG> (Thumb, 0 bytes, Stack size 0 bytes, startup_gd32f30x_hd.o(.text))
<BR>[Address Reference Count : 1]<UL><LI> startup_gd32f30x_hd.o(RESET)
</UL>
<P><STRONG><a name="[57]"></a>TIMER6_IRQHandler</STRONG> (Thumb, 0 bytes, Stack size 0 bytes, startup_gd32f30x_hd.o(.text))
<BR>[Address Reference Count : 1]<UL><LI> startup_gd32f30x_hd.o(RESET)
</UL>
<P><STRONG><a name="[4b]"></a>TIMER7_BRK_IRQHandler</STRONG> (Thumb, 0 bytes, Stack size 0 bytes, startup_gd32f30x_hd.o(.text))
<BR>[Address Reference Count : 1]<UL><LI> startup_gd32f30x_hd.o(RESET)
</UL>
<P><STRONG><a name="[4e]"></a>TIMER7_Channel_IRQHandler</STRONG> (Thumb, 0 bytes, Stack size 0 bytes, startup_gd32f30x_hd.o(.text))
<BR>[Address Reference Count : 1]<UL><LI> startup_gd32f30x_hd.o(RESET)
</UL>
<P><STRONG><a name="[4d]"></a>TIMER7_TRG_CMT_IRQHandler</STRONG> (Thumb, 0 bytes, Stack size 0 bytes, startup_gd32f30x_hd.o(.text))
<BR>[Address Reference Count : 1]<UL><LI> startup_gd32f30x_hd.o(RESET)
</UL>
<P><STRONG><a name="[4c]"></a>TIMER7_UP_IRQHandler</STRONG> (Thumb, 0 bytes, Stack size 0 bytes, startup_gd32f30x_hd.o(.text))
<BR>[Address Reference Count : 1]<UL><LI> startup_gd32f30x_hd.o(RESET)
</UL>
<P><STRONG><a name="[54]"></a>UART3_IRQHandler</STRONG> (Thumb, 0 bytes, Stack size 0 bytes, startup_gd32f30x_hd.o(.text))
<BR>[Address Reference Count : 1]<UL><LI> startup_gd32f30x_hd.o(RESET)
</UL>
<P><STRONG><a name="[55]"></a>UART4_IRQHandler</STRONG> (Thumb, 0 bytes, Stack size 0 bytes, startup_gd32f30x_hd.o(.text))
<BR>[Address Reference Count : 1]<UL><LI> startup_gd32f30x_hd.o(RESET)
</UL>
<P><STRONG><a name="[45]"></a>USART0_IRQHandler</STRONG> (Thumb, 0 bytes, Stack size 0 bytes, startup_gd32f30x_hd.o(.text))
<BR>[Address Reference Count : 1]<UL><LI> startup_gd32f30x_hd.o(RESET)
</UL>
<P><STRONG><a name="[46]"></a>USART1_IRQHandler</STRONG> (Thumb, 0 bytes, Stack size 0 bytes, startup_gd32f30x_hd.o(.text))
<BR>[Address Reference Count : 1]<UL><LI> startup_gd32f30x_hd.o(RESET)
</UL>
<P><STRONG><a name="[47]"></a>USART2_IRQHandler</STRONG> (Thumb, 0 bytes, Stack size 0 bytes, startup_gd32f30x_hd.o(.text))
<BR>[Address Reference Count : 1]<UL><LI> startup_gd32f30x_hd.o(RESET)
</UL>
<P><STRONG><a name="[33]"></a>USBD_HP_CAN0_TX_IRQHandler</STRONG> (Thumb, 0 bytes, Stack size 0 bytes, startup_gd32f30x_hd.o(.text))
<BR>[Address Reference Count : 1]<UL><LI> startup_gd32f30x_hd.o(RESET)
</UL>
<P><STRONG><a name="[20]"></a>WWDGT_IRQHandler</STRONG> (Thumb, 0 bytes, Stack size 0 bytes, startup_gd32f30x_hd.o(.text))
<BR>[Address Reference Count : 1]<UL><LI> startup_gd32f30x_hd.o(RESET)
</UL>
<P><STRONG><a name="[e7]"></a>__user_initial_stackheap</STRONG> (Thumb, 10 bytes, Stack size 0 bytes, startup_gd32f30x_hd.o(.text))
<BR><BR>[Called By]<UL><LI><a href="#[b3]">&gt;&gt;</a>&nbsp;&nbsp;&nbsp;__user_setup_stackheap
</UL>

<P><STRONG><a name="[ed]"></a>rt_hw_interrupt_disable</STRONG> (Thumb, 8 bytes, Stack size 0 bytes, context_rvds.o(.text))
<BR><BR>[Called By]<UL><LI><a href="#[140]">&gt;&gt;</a>&nbsp;&nbsp;&nbsp;rt_exit_critical
<LI><a href="#[13f]">&gt;&gt;</a>&nbsp;&nbsp;&nbsp;rt_enter_critical
<LI><a href="#[10b]">&gt;&gt;</a>&nbsp;&nbsp;&nbsp;rt_mutex_release
<LI><a href="#[109]">&gt;&gt;</a>&nbsp;&nbsp;&nbsp;rt_mutex_take
<LI><a href="#[fa]">&gt;&gt;</a>&nbsp;&nbsp;&nbsp;rt_sem_release
<LI><a href="#[103]">&gt;&gt;</a>&nbsp;&nbsp;&nbsp;rt_sem_take
<LI><a href="#[119]">&gt;&gt;</a>&nbsp;&nbsp;&nbsp;list_thread
<LI><a href="#[110]">&gt;&gt;</a>&nbsp;&nbsp;&nbsp;rt_thread_delay_until
<LI><a href="#[f3]">&gt;&gt;</a>&nbsp;&nbsp;&nbsp;rt_thread_startup
<LI><a href="#[189]">&gt;&gt;</a>&nbsp;&nbsp;&nbsp;rt_thread_yield
<LI><a href="#[18a]">&gt;&gt;</a>&nbsp;&nbsp;&nbsp;rt_timer_check
<LI><a href="#[100]">&gt;&gt;</a>&nbsp;&nbsp;&nbsp;rt_interrupt_leave
<LI><a href="#[fe]">&gt;&gt;</a>&nbsp;&nbsp;&nbsp;rt_interrupt_enter
<LI><a href="#[186]">&gt;&gt;</a>&nbsp;&nbsp;&nbsp;rt_thread_sleep
<LI><a href="#[183]">&gt;&gt;</a>&nbsp;&nbsp;&nbsp;rt_thread_delete
<LI><a href="#[182]">&gt;&gt;</a>&nbsp;&nbsp;&nbsp;rt_thread_detach
<LI><a href="#[180]">&gt;&gt;</a>&nbsp;&nbsp;&nbsp;rt_timer_stop
<LI><a href="#[187]">&gt;&gt;</a>&nbsp;&nbsp;&nbsp;rt_timer_detach
<LI><a href="#[6c]">&gt;&gt;</a>&nbsp;&nbsp;&nbsp;rt_thread_exit
<LI><a href="#[17c]">&gt;&gt;</a>&nbsp;&nbsp;&nbsp;rt_schedule_remove_thread
<LI><a href="#[17b]">&gt;&gt;</a>&nbsp;&nbsp;&nbsp;rt_schedule_insert_thread
<LI><a href="#[16f]">&gt;&gt;</a>&nbsp;&nbsp;&nbsp;rt_thread_control
<LI><a href="#[141]">&gt;&gt;</a>&nbsp;&nbsp;&nbsp;rt_schedule
<LI><a href="#[173]">&gt;&gt;</a>&nbsp;&nbsp;&nbsp;rt_timer_start
<LI><a href="#[172]">&gt;&gt;</a>&nbsp;&nbsp;&nbsp;rt_timer_control
<LI><a href="#[171]">&gt;&gt;</a>&nbsp;&nbsp;&nbsp;rt_thread_suspend
<LI><a href="#[16e]">&gt;&gt;</a>&nbsp;&nbsp;&nbsp;rt_object_allocate
<LI><a href="#[176]">&gt;&gt;</a>&nbsp;&nbsp;&nbsp;rt_object_detach
<LI><a href="#[170]">&gt;&gt;</a>&nbsp;&nbsp;&nbsp;rt_thread_resume
<LI><a href="#[177]">&gt;&gt;</a>&nbsp;&nbsp;&nbsp;rt_object_init
<LI><a href="#[175]">&gt;&gt;</a>&nbsp;&nbsp;&nbsp;rt_object_delete
<LI><a href="#[6e]">&gt;&gt;</a>&nbsp;&nbsp;&nbsp;rt_thread_idle_entry
<LI><a href="#[b7]">&gt;&gt;</a>&nbsp;&nbsp;&nbsp;main
</UL>

<P><STRONG><a name="[13b]"></a>rt_hw_interrupt_enable</STRONG> (Thumb, 6 bytes, Stack size 0 bytes, context_rvds.o(.text))
<BR><BR>[Called By]<UL><LI><a href="#[140]">&gt;&gt;</a>&nbsp;&nbsp;&nbsp;rt_exit_critical
<LI><a href="#[13f]">&gt;&gt;</a>&nbsp;&nbsp;&nbsp;rt_enter_critical
<LI><a href="#[10b]">&gt;&gt;</a>&nbsp;&nbsp;&nbsp;rt_mutex_release
<LI><a href="#[109]">&gt;&gt;</a>&nbsp;&nbsp;&nbsp;rt_mutex_take
<LI><a href="#[fa]">&gt;&gt;</a>&nbsp;&nbsp;&nbsp;rt_sem_release
<LI><a href="#[103]">&gt;&gt;</a>&nbsp;&nbsp;&nbsp;rt_sem_take
<LI><a href="#[119]">&gt;&gt;</a>&nbsp;&nbsp;&nbsp;list_thread
<LI><a href="#[110]">&gt;&gt;</a>&nbsp;&nbsp;&nbsp;rt_thread_delay_until
<LI><a href="#[f3]">&gt;&gt;</a>&nbsp;&nbsp;&nbsp;rt_thread_startup
<LI><a href="#[189]">&gt;&gt;</a>&nbsp;&nbsp;&nbsp;rt_thread_yield
<LI><a href="#[18a]">&gt;&gt;</a>&nbsp;&nbsp;&nbsp;rt_timer_check
<LI><a href="#[100]">&gt;&gt;</a>&nbsp;&nbsp;&nbsp;rt_interrupt_leave
<LI><a href="#[fe]">&gt;&gt;</a>&nbsp;&nbsp;&nbsp;rt_interrupt_enter
<LI><a href="#[186]">&gt;&gt;</a>&nbsp;&nbsp;&nbsp;rt_thread_sleep
<LI><a href="#[183]">&gt;&gt;</a>&nbsp;&nbsp;&nbsp;rt_thread_delete
<LI><a href="#[182]">&gt;&gt;</a>&nbsp;&nbsp;&nbsp;rt_thread_detach
<LI><a href="#[180]">&gt;&gt;</a>&nbsp;&nbsp;&nbsp;rt_timer_stop
<LI><a href="#[187]">&gt;&gt;</a>&nbsp;&nbsp;&nbsp;rt_timer_detach
<LI><a href="#[6c]">&gt;&gt;</a>&nbsp;&nbsp;&nbsp;rt_thread_exit
<LI><a href="#[17c]">&gt;&gt;</a>&nbsp;&nbsp;&nbsp;rt_schedule_remove_thread
<LI><a href="#[17b]">&gt;&gt;</a>&nbsp;&nbsp;&nbsp;rt_schedule_insert_thread
<LI><a href="#[16f]">&gt;&gt;</a>&nbsp;&nbsp;&nbsp;rt_thread_control
<LI><a href="#[141]">&gt;&gt;</a>&nbsp;&nbsp;&nbsp;rt_schedule
<LI><a href="#[173]">&gt;&gt;</a>&nbsp;&nbsp;&nbsp;rt_timer_start
<LI><a href="#[172]">&gt;&gt;</a>&nbsp;&nbsp;&nbsp;rt_timer_control
<LI><a href="#[171]">&gt;&gt;</a>&nbsp;&nbsp;&nbsp;rt_thread_suspend
<LI><a href="#[16e]">&gt;&gt;</a>&nbsp;&nbsp;&nbsp;rt_object_allocate
<LI><a href="#[176]">&gt;&gt;</a>&nbsp;&nbsp;&nbsp;rt_object_detach
<LI><a href="#[170]">&gt;&gt;</a>&nbsp;&nbsp;&nbsp;rt_thread_resume
<LI><a href="#[177]">&gt;&gt;</a>&nbsp;&nbsp;&nbsp;rt_object_init
<LI><a href="#[175]">&gt;&gt;</a>&nbsp;&nbsp;&nbsp;rt_object_delete
<LI><a href="#[6e]">&gt;&gt;</a>&nbsp;&nbsp;&nbsp;rt_thread_idle_entry
</UL>

<P><STRONG><a name="[17a]"></a>rt_hw_context_switch</STRONG> (Thumb, 32 bytes, Stack size 0 bytes, context_rvds.o(.text))
<BR><BR>[Called By]<UL><LI><a href="#[141]">&gt;&gt;</a>&nbsp;&nbsp;&nbsp;rt_schedule
</UL>

<P><STRONG><a name="[179]"></a>rt_hw_context_switch_interrupt</STRONG> (Thumb, 0 bytes, Stack size 0 bytes, context_rvds.o(.text))
<BR><BR>[Called By]<UL><LI><a href="#[141]">&gt;&gt;</a>&nbsp;&nbsp;&nbsp;rt_schedule
</UL>

<P><STRONG><a name="[1e]"></a>PendSV_Handler</STRONG> (Thumb, 108 bytes, Stack size 0 bytes, context_rvds.o(.text))
<BR>[Address Reference Count : 1]<UL><LI> startup_gd32f30x_hd.o(RESET)
</UL>
<P><STRONG><a name="[17f]"></a>rt_hw_context_switch_to</STRONG> (Thumb, 68 bytes, Stack size 0 bytes, context_rvds.o(.text))
<BR><BR>[Called By]<UL><LI><a href="#[f6]">&gt;&gt;</a>&nbsp;&nbsp;&nbsp;rt_system_scheduler_start
</UL>

<P><STRONG><a name="[1c3]"></a>rt_hw_interrupt_thread_switch</STRONG> (Thumb, 2 bytes, Stack size 0 bytes, context_rvds.o(.text), UNUSED)

<P><STRONG><a name="[18]"></a>HardFault_Handler</STRONG> (Thumb, 56 bytes, Stack size 0 bytes, context_rvds.o(.text))
<BR><BR>[Stack]<UL><LI>Max Depth = 156<LI>Call Chain = HardFault_Handler &rArr; rt_hw_hard_fault_exception &rArr; rt_kprintf &rArr; rt_vsnprintf &rArr; print_number
</UL>
<BR>[Calls]<UL><LI><a href="#[bd]">&gt;&gt;</a>&nbsp;&nbsp;&nbsp;rt_hw_hard_fault_exception
</UL>
<BR>[Address Reference Count : 1]<UL><LI> startup_gd32f30x_hd.o(RESET)
</UL>
<P><STRONG><a name="[be]"></a>vsnprintf</STRONG> (Thumb, 56 bytes, Stack size 24 bytes, vsnprintf.o(.text))
<BR><BR>[Stack]<UL><LI>Max Depth = 128 + Unknown Stack Size
<LI>Call Chain = vsnprintf &rArr; _printf_char_common &rArr; __printf
</UL>
<BR>[Calls]<UL><LI><a href="#[bf]">&gt;&gt;</a>&nbsp;&nbsp;&nbsp;_printf_char_common
</UL>
<BR>[Called By]<UL><LI><a href="#[11b]">&gt;&gt;</a>&nbsp;&nbsp;&nbsp;cMSG::Printf(char const*, ...)
</UL>

<P><STRONG><a name="[c0]"></a>__aeabi_memset</STRONG> (Thumb, 16 bytes, Stack size 0 bytes, aeabi_memset.o(.text))
<BR><BR>[Stack]<UL><LI>Max Depth = 4<LI>Call Chain = __aeabi_memset &rArr; _memset &rArr; _memset_w
</UL>
<BR>[Calls]<UL><LI><a href="#[c1]">&gt;&gt;</a>&nbsp;&nbsp;&nbsp;_memset
</UL>
<BR>[Called By]<UL><LI><a href="#[16d]">&gt;&gt;</a>&nbsp;&nbsp;&nbsp;rt_memset
</UL>

<P><STRONG><a name="[17e]"></a>__aeabi_memclr</STRONG> (Thumb, 0 bytes, Stack size unknown bytes, rt_memclr.o(.text))
<BR><BR>[Called By]<UL><LI><a href="#[174]">&gt;&gt;</a>&nbsp;&nbsp;&nbsp;rt_strncpy
</UL>

<P><STRONG><a name="[1c4]"></a>__rt_memclr</STRONG> (Thumb, 0 bytes, Stack size unknown bytes, rt_memclr.o(.text), UNUSED)

<P><STRONG><a name="[c1]"></a>_memset</STRONG> (Thumb, 64 bytes, Stack size 0 bytes, rt_memclr.o(.text))
<BR><BR>[Stack]<UL><LI>Max Depth = 4<LI>Call Chain = _memset &rArr; _memset_w
</UL>
<BR>[Calls]<UL><LI><a href="#[c2]">&gt;&gt;</a>&nbsp;&nbsp;&nbsp;_memset_w
</UL>
<BR>[Called By]<UL><LI><a href="#[c0]">&gt;&gt;</a>&nbsp;&nbsp;&nbsp;__aeabi_memset
</UL>

<P><STRONG><a name="[111]"></a>__aeabi_memclr4</STRONG> (Thumb, 0 bytes, Stack size unknown bytes, rt_memclr_w.o(.text))
<BR><BR>[Called By]<UL><LI><a href="#[69]">&gt;&gt;</a>&nbsp;&nbsp;&nbsp;IMUThread(void*)
</UL>

<P><STRONG><a name="[1c5]"></a>__aeabi_memclr8</STRONG> (Thumb, 0 bytes, Stack size unknown bytes, rt_memclr_w.o(.text), UNUSED)

<P><STRONG><a name="[1c6]"></a>__rt_memclr_w</STRONG> (Thumb, 0 bytes, Stack size unknown bytes, rt_memclr_w.o(.text), UNUSED)

<P><STRONG><a name="[c2]"></a>_memset_w</STRONG> (Thumb, 74 bytes, Stack size 4 bytes, rt_memclr_w.o(.text))
<BR><BR>[Stack]<UL><LI>Max Depth = 4<LI>Call Chain = _memset_w
</UL>
<BR>[Called By]<UL><LI><a href="#[c1]">&gt;&gt;</a>&nbsp;&nbsp;&nbsp;_memset
</UL>

<P><STRONG><a name="[1c7]"></a>__use_two_region_memory</STRONG> (Thumb, 2 bytes, Stack size 0 bytes, heapauxi.o(.text), UNUSED)

<P><STRONG><a name="[1c8]"></a>__rt_heap_escrow</STRONG> (Thumb, 2 bytes, Stack size 0 bytes, heapauxi.o(.text), UNUSED)

<P><STRONG><a name="[1c9]"></a>__rt_heap_expand</STRONG> (Thumb, 2 bytes, Stack size 0 bytes, heapauxi.o(.text), UNUSED)

<P><STRONG><a name="[c3]"></a>malloc</STRONG> (Thumb, 94 bytes, Stack size 16 bytes, h1_alloc.o(.text))
<BR><BR>[Stack]<UL><LI>Max Depth = 48<LI>Call Chain = malloc &rArr; __Heap_Full &rArr; __Heap_ProvideMemory &rArr; free
</UL>
<BR>[Calls]<UL><LI><a href="#[c5]">&gt;&gt;</a>&nbsp;&nbsp;&nbsp;__Heap_Full
<LI><a href="#[c4]">&gt;&gt;</a>&nbsp;&nbsp;&nbsp;__rt_heap_descriptor
</UL>
<BR>[Called By]<UL><LI><a href="#[104]">&gt;&gt;</a>&nbsp;&nbsp;&nbsp;operator new(unsigned int)
</UL>

<P><STRONG><a name="[c6]"></a>free</STRONG> (Thumb, 78 bytes, Stack size 16 bytes, h1_free.o(.text))
<BR><BR>[Stack]<UL><LI>Max Depth = 16<LI>Call Chain = free
</UL>
<BR>[Calls]<UL><LI><a href="#[c4]">&gt;&gt;</a>&nbsp;&nbsp;&nbsp;__rt_heap_descriptor
</UL>
<BR>[Called By]<UL><LI><a href="#[d5]">&gt;&gt;</a>&nbsp;&nbsp;&nbsp;__Heap_ProvideMemory
</UL>

<P><STRONG><a name="[c8]"></a>_printf_pre_padding</STRONG> (Thumb, 44 bytes, Stack size 16 bytes, _printf_pad.o(.text))
<BR><BR>[Stack]<UL><LI>Max Depth = 16<LI>Call Chain = _printf_pre_padding
</UL>
<BR>[Called By]<UL><LI><a href="#[ce]">&gt;&gt;</a>&nbsp;&nbsp;&nbsp;_printf_wctomb
<LI><a href="#[c7]">&gt;&gt;</a>&nbsp;&nbsp;&nbsp;_printf_str
<LI><a href="#[e0]">&gt;&gt;</a>&nbsp;&nbsp;&nbsp;_printf_fp_infnan
<LI><a href="#[e1]">&gt;&gt;</a>&nbsp;&nbsp;&nbsp;_printf_fp_hex_real
<LI><a href="#[de]">&gt;&gt;</a>&nbsp;&nbsp;&nbsp;_printf_fp_dec_real
<LI><a href="#[cc]">&gt;&gt;</a>&nbsp;&nbsp;&nbsp;_printf_int_common
</UL>

<P><STRONG><a name="[c9]"></a>_printf_post_padding</STRONG> (Thumb, 34 bytes, Stack size 16 bytes, _printf_pad.o(.text))
<BR><BR>[Stack]<UL><LI>Max Depth = 16<LI>Call Chain = _printf_post_padding
</UL>
<BR>[Called By]<UL><LI><a href="#[ce]">&gt;&gt;</a>&nbsp;&nbsp;&nbsp;_printf_wctomb
<LI><a href="#[c7]">&gt;&gt;</a>&nbsp;&nbsp;&nbsp;_printf_str
<LI><a href="#[e0]">&gt;&gt;</a>&nbsp;&nbsp;&nbsp;_printf_fp_infnan
<LI><a href="#[e1]">&gt;&gt;</a>&nbsp;&nbsp;&nbsp;_printf_fp_hex_real
<LI><a href="#[de]">&gt;&gt;</a>&nbsp;&nbsp;&nbsp;_printf_fp_dec_real
<LI><a href="#[cc]">&gt;&gt;</a>&nbsp;&nbsp;&nbsp;_printf_int_common
</UL>

<P><STRONG><a name="[ca]"></a>_printf_truncate_signed</STRONG> (Thumb, 18 bytes, Stack size 0 bytes, _printf_truncate.o(.text))
<BR><BR>[Called By]<UL><LI><a href="#[92]">&gt;&gt;</a>&nbsp;&nbsp;&nbsp;_printf_int_dec
</UL>

<P><STRONG><a name="[cb]"></a>_printf_truncate_unsigned</STRONG> (Thumb, 18 bytes, Stack size 0 bytes, _printf_truncate.o(.text))
<BR><BR>[Called By]<UL><LI><a href="#[96]">&gt;&gt;</a>&nbsp;&nbsp;&nbsp;_printf_int_oct
<LI><a href="#[92]">&gt;&gt;</a>&nbsp;&nbsp;&nbsp;_printf_int_dec
<LI><a href="#[98]">&gt;&gt;</a>&nbsp;&nbsp;&nbsp;_printf_int_hex
</UL>

<P><STRONG><a name="[c7]"></a>_printf_str</STRONG> (Thumb, 82 bytes, Stack size 16 bytes, _printf_str.o(.text))
<BR><BR>[Stack]<UL><LI>Max Depth = 32<LI>Call Chain = _printf_str &rArr; _printf_post_padding
</UL>
<BR>[Calls]<UL><LI><a href="#[c9]">&gt;&gt;</a>&nbsp;&nbsp;&nbsp;_printf_post_padding
<LI><a href="#[c8]">&gt;&gt;</a>&nbsp;&nbsp;&nbsp;_printf_pre_padding
</UL>
<BR>[Called By]<UL><LI><a href="#[e2]">&gt;&gt;</a>&nbsp;&nbsp;&nbsp;_printf_cs_common
</UL>

<P><STRONG><a name="[92]"></a>_printf_int_dec</STRONG> (Thumb, 104 bytes, Stack size 24 bytes, _printf_dec.o(.text))
<BR><BR>[Stack]<UL><LI>Max Depth = 72<LI>Call Chain = _printf_int_dec &rArr; _printf_int_common &rArr; _printf_post_padding
</UL>
<BR>[Calls]<UL><LI><a href="#[cb]">&gt;&gt;</a>&nbsp;&nbsp;&nbsp;_printf_truncate_unsigned
<LI><a href="#[ca]">&gt;&gt;</a>&nbsp;&nbsp;&nbsp;_printf_truncate_signed
<LI><a href="#[cc]">&gt;&gt;</a>&nbsp;&nbsp;&nbsp;_printf_int_common
</UL>
<BR>[Called By]<UL><LI><a href="#[94]">&gt;&gt;</a>&nbsp;&nbsp;&nbsp;_printf_u
<LI><a href="#[93]">&gt;&gt;</a>&nbsp;&nbsp;&nbsp;_printf_d
<LI><a href="#[91]">&gt;&gt;</a>&nbsp;&nbsp;&nbsp;_printf_i
</UL>

<P><STRONG><a name="[88]"></a>_printf_charcount</STRONG> (Thumb, 40 bytes, Stack size 0 bytes, _printf_charcount.o(.text))
<BR><BR>[Called By]<UL><LI><a href="#[87]">&gt;&gt;</a>&nbsp;&nbsp;&nbsp;_printf_n
</UL>

<P><STRONG><a name="[bf]"></a>_printf_char_common</STRONG> (Thumb, 32 bytes, Stack size 64 bytes, _printf_char_common.o(.text))
<BR><BR>[Stack]<UL><LI>Max Depth = 104 + Unknown Stack Size
<LI>Call Chain = _printf_char_common &rArr; __printf
</UL>
<BR>[Calls]<UL><LI><a href="#[cd]">&gt;&gt;</a>&nbsp;&nbsp;&nbsp;__printf
</UL>
<BR>[Called By]<UL><LI><a href="#[be]">&gt;&gt;</a>&nbsp;&nbsp;&nbsp;vsnprintf
</UL>

<P><STRONG><a name="[5e]"></a>_snputc</STRONG> (Thumb, 16 bytes, Stack size 0 bytes, _snputc.o(.text))
<BR>[Address Reference Count : 1]<UL><LI> vsnprintf.o(.text)
</UL>
<P><STRONG><a name="[ce]"></a>_printf_wctomb</STRONG> (Thumb, 182 bytes, Stack size 56 bytes, _printf_wctomb.o(.text))
<BR><BR>[Stack]<UL><LI>Max Depth = 80<LI>Call Chain = _printf_wctomb &rArr; _wcrtomb
</UL>
<BR>[Calls]<UL><LI><a href="#[c9]">&gt;&gt;</a>&nbsp;&nbsp;&nbsp;_printf_post_padding
<LI><a href="#[c8]">&gt;&gt;</a>&nbsp;&nbsp;&nbsp;_printf_pre_padding
<LI><a href="#[cf]">&gt;&gt;</a>&nbsp;&nbsp;&nbsp;_wcrtomb
</UL>
<BR>[Called By]<UL><LI><a href="#[e3]">&gt;&gt;</a>&nbsp;&nbsp;&nbsp;_printf_lcs_common
</UL>

<P><STRONG><a name="[9a]"></a>_printf_longlong_dec</STRONG> (Thumb, 108 bytes, Stack size 24 bytes, _printf_longlong_dec.o(.text))
<BR><BR>[Stack]<UL><LI>Max Depth = 72<LI>Call Chain = _printf_longlong_dec &rArr; _printf_int_common &rArr; _printf_post_padding
</UL>
<BR>[Calls]<UL><LI><a href="#[cc]">&gt;&gt;</a>&nbsp;&nbsp;&nbsp;_printf_int_common
<LI><a href="#[d0]">&gt;&gt;</a>&nbsp;&nbsp;&nbsp;_ll_udiv10
</UL>
<BR>[Called By]<UL><LI><a href="#[9c]">&gt;&gt;</a>&nbsp;&nbsp;&nbsp;_printf_llu
<LI><a href="#[9b]">&gt;&gt;</a>&nbsp;&nbsp;&nbsp;_printf_lld
<LI><a href="#[99]">&gt;&gt;</a>&nbsp;&nbsp;&nbsp;_printf_lli
</UL>

<P><STRONG><a name="[d1]"></a>_printf_longlong_oct</STRONG> (Thumb, 68 bytes, Stack size 8 bytes, _printf_oct_int_ll.o(.text))
<BR><BR>[Stack]<UL><LI>Max Depth = 56<LI>Call Chain = _printf_longlong_oct &rArr; _printf_int_common &rArr; _printf_post_padding
</UL>
<BR>[Calls]<UL><LI><a href="#[cc]">&gt;&gt;</a>&nbsp;&nbsp;&nbsp;_printf_int_common
</UL>
<BR>[Called By]<UL><LI><a href="#[9e]">&gt;&gt;</a>&nbsp;&nbsp;&nbsp;_printf_ll_oct
<LI><a href="#[96]">&gt;&gt;</a>&nbsp;&nbsp;&nbsp;_printf_int_oct
</UL>

<P><STRONG><a name="[96]"></a>_printf_int_oct</STRONG> (Thumb, 24 bytes, Stack size 8 bytes, _printf_oct_int_ll.o(.text))
<BR><BR>[Stack]<UL><LI>Max Depth = 64<LI>Call Chain = _printf_int_oct &rArr; _printf_longlong_oct &rArr; _printf_int_common &rArr; _printf_post_padding
</UL>
<BR>[Calls]<UL><LI><a href="#[d1]">&gt;&gt;</a>&nbsp;&nbsp;&nbsp;_printf_longlong_oct
<LI><a href="#[cb]">&gt;&gt;</a>&nbsp;&nbsp;&nbsp;_printf_truncate_unsigned
</UL>
<BR>[Called By]<UL><LI><a href="#[95]">&gt;&gt;</a>&nbsp;&nbsp;&nbsp;_printf_o
</UL>

<P><STRONG><a name="[9e]"></a>_printf_ll_oct</STRONG> (Thumb, 12 bytes, Stack size 0 bytes, _printf_oct_int_ll.o(.text))
<BR><BR>[Stack]<UL><LI>Max Depth = 56<LI>Call Chain = _printf_ll_oct &rArr; _printf_longlong_oct &rArr; _printf_int_common &rArr; _printf_post_padding
</UL>
<BR>[Calls]<UL><LI><a href="#[d1]">&gt;&gt;</a>&nbsp;&nbsp;&nbsp;_printf_longlong_oct
</UL>
<BR>[Called By]<UL><LI><a href="#[9d]">&gt;&gt;</a>&nbsp;&nbsp;&nbsp;_printf_llo
</UL>

<P><STRONG><a name="[d2]"></a>_printf_longlong_hex</STRONG> (Thumb, 86 bytes, Stack size 16 bytes, _printf_hex_int_ll_ptr.o(.text))
<BR><BR>[Stack]<UL><LI>Max Depth = 64<LI>Call Chain = _printf_longlong_hex &rArr; _printf_int_common &rArr; _printf_post_padding
</UL>
<BR>[Calls]<UL><LI><a href="#[cc]">&gt;&gt;</a>&nbsp;&nbsp;&nbsp;_printf_int_common
</UL>
<BR>[Called By]<UL><LI><a href="#[8a]">&gt;&gt;</a>&nbsp;&nbsp;&nbsp;_printf_hex_ptr
<LI><a href="#[a0]">&gt;&gt;</a>&nbsp;&nbsp;&nbsp;_printf_ll_hex
<LI><a href="#[98]">&gt;&gt;</a>&nbsp;&nbsp;&nbsp;_printf_int_hex
</UL>

<P><STRONG><a name="[98]"></a>_printf_int_hex</STRONG> (Thumb, 28 bytes, Stack size 16 bytes, _printf_hex_int_ll_ptr.o(.text))
<BR><BR>[Stack]<UL><LI>Max Depth = 80<LI>Call Chain = _printf_int_hex &rArr; _printf_longlong_hex &rArr; _printf_int_common &rArr; _printf_post_padding
</UL>
<BR>[Calls]<UL><LI><a href="#[cb]">&gt;&gt;</a>&nbsp;&nbsp;&nbsp;_printf_truncate_unsigned
<LI><a href="#[d2]">&gt;&gt;</a>&nbsp;&nbsp;&nbsp;_printf_longlong_hex
</UL>
<BR>[Called By]<UL><LI><a href="#[97]">&gt;&gt;</a>&nbsp;&nbsp;&nbsp;_printf_x
</UL>

<P><STRONG><a name="[a0]"></a>_printf_ll_hex</STRONG> (Thumb, 12 bytes, Stack size 0 bytes, _printf_hex_int_ll_ptr.o(.text))
<BR><BR>[Stack]<UL><LI>Max Depth = 64<LI>Call Chain = _printf_ll_hex &rArr; _printf_longlong_hex &rArr; _printf_int_common &rArr; _printf_post_padding
</UL>
<BR>[Calls]<UL><LI><a href="#[d2]">&gt;&gt;</a>&nbsp;&nbsp;&nbsp;_printf_longlong_hex
</UL>
<BR>[Called By]<UL><LI><a href="#[9f]">&gt;&gt;</a>&nbsp;&nbsp;&nbsp;_printf_llx
</UL>

<P><STRONG><a name="[8a]"></a>_printf_hex_ptr</STRONG> (Thumb, 18 bytes, Stack size 0 bytes, _printf_hex_int_ll_ptr.o(.text))
<BR><BR>[Stack]<UL><LI>Max Depth = 64<LI>Call Chain = _printf_hex_ptr &rArr; _printf_longlong_hex &rArr; _printf_int_common &rArr; _printf_post_padding
</UL>
<BR>[Calls]<UL><LI><a href="#[d2]">&gt;&gt;</a>&nbsp;&nbsp;&nbsp;_printf_longlong_hex
</UL>
<BR>[Called By]<UL><LI><a href="#[89]">&gt;&gt;</a>&nbsp;&nbsp;&nbsp;_printf_p
</UL>

<P><STRONG><a name="[cd]"></a>__printf</STRONG> (Thumb, 388 bytes, Stack size 40 bytes, __printf_flags_ss_wp.o(.text))
<BR><BR>[Stack]<UL><LI>Max Depth = 40 + Unknown Stack Size
<LI>Call Chain = __printf
</UL>
<BR>[Calls]<UL><LI><a href="#[d4]">&gt;&gt;</a>&nbsp;&nbsp;&nbsp;_printf_percent
<LI><a href="#[d3]">&gt;&gt;</a>&nbsp;&nbsp;&nbsp;_is_digit
</UL>
<BR>[Called By]<UL><LI><a href="#[bf]">&gt;&gt;</a>&nbsp;&nbsp;&nbsp;_printf_char_common
</UL>

<P><STRONG><a name="[bc]"></a>_sys_exit</STRONG> (Thumb, 8 bytes, Stack size 0 bytes, sys_exit.o(.text))
<BR><BR>[Called By]<UL><LI><a href="#[bb]">&gt;&gt;</a>&nbsp;&nbsp;&nbsp;__rt_exit_exit
<LI><a href="#[e9]">&gt;&gt;</a>&nbsp;&nbsp;&nbsp;__sig_exit
</UL>

<P><STRONG><a name="[c4]"></a>__rt_heap_descriptor</STRONG> (Thumb, 8 bytes, Stack size 0 bytes, rt_heap_descriptor_intlibspace.o(.text))
<BR><BR>[Called By]<UL><LI><a href="#[c6]">&gt;&gt;</a>&nbsp;&nbsp;&nbsp;free
<LI><a href="#[c3]">&gt;&gt;</a>&nbsp;&nbsp;&nbsp;malloc
<LI><a href="#[ac]">&gt;&gt;</a>&nbsp;&nbsp;&nbsp;_init_alloc
</UL>

<P><STRONG><a name="[1ca]"></a>__use_no_heap</STRONG> (Thumb, 2 bytes, Stack size 0 bytes, hguard.o(.text), UNUSED)

<P><STRONG><a name="[1cb]"></a>__heap$guard</STRONG> (Thumb, 2 bytes, Stack size 0 bytes, hguard.o(.text), UNUSED)

<P><STRONG><a name="[1cc]"></a>_terminate_user_alloc</STRONG> (Thumb, 2 bytes, Stack size 0 bytes, init_alloc.o(.text), UNUSED)

<P><STRONG><a name="[1cd]"></a>_init_user_alloc</STRONG> (Thumb, 2 bytes, Stack size 0 bytes, init_alloc.o(.text), UNUSED)

<P><STRONG><a name="[c5]"></a>__Heap_Full</STRONG> (Thumb, 34 bytes, Stack size 16 bytes, init_alloc.o(.text))
<BR><BR>[Stack]<UL><LI>Max Depth = 32<LI>Call Chain = __Heap_Full &rArr; __Heap_ProvideMemory &rArr; free
</UL>
<BR>[Calls]<UL><LI><a href="#[d5]">&gt;&gt;</a>&nbsp;&nbsp;&nbsp;__Heap_ProvideMemory
</UL>
<BR>[Called By]<UL><LI><a href="#[c3]">&gt;&gt;</a>&nbsp;&nbsp;&nbsp;malloc
</UL>

<P><STRONG><a name="[d6]"></a>__Heap_Broken</STRONG> (Thumb, 6 bytes, Stack size 0 bytes, init_alloc.o(.text), UNUSED)
<BR><BR>[Calls]<UL><LI><a href="#[d7]">&gt;&gt;</a>&nbsp;&nbsp;&nbsp;__rt_SIGRTMEM
</UL>

<P><STRONG><a name="[ac]"></a>_init_alloc</STRONG> (Thumb, 94 bytes, Stack size 24 bytes, init_alloc.o(.text))
<BR><BR>[Stack]<UL><LI>Max Depth = 64<LI>Call Chain = _init_alloc &rArr; __rt_SIGRTMEM &rArr; __rt_SIGRTMEM_inner &rArr; __default_signal_display &rArr; _ttywrch
</UL>
<BR>[Calls]<UL><LI><a href="#[d7]">&gt;&gt;</a>&nbsp;&nbsp;&nbsp;__rt_SIGRTMEM
<LI><a href="#[d5]">&gt;&gt;</a>&nbsp;&nbsp;&nbsp;__Heap_ProvideMemory
<LI><a href="#[d8]">&gt;&gt;</a>&nbsp;&nbsp;&nbsp;__Heap_Initialize
<LI><a href="#[c4]">&gt;&gt;</a>&nbsp;&nbsp;&nbsp;__rt_heap_descriptor
</UL>
<BR>[Called By]<UL><LI><a href="#[ab]">&gt;&gt;</a>&nbsp;&nbsp;&nbsp;__rt_lib_init_heap_2
</UL>

<P><STRONG><a name="[d8]"></a>__Heap_Initialize</STRONG> (Thumb, 10 bytes, Stack size 0 bytes, h1_init.o(.text))
<BR><BR>[Called By]<UL><LI><a href="#[ac]">&gt;&gt;</a>&nbsp;&nbsp;&nbsp;_init_alloc
</UL>

<P><STRONG><a name="[1ce]"></a>__Heap_DescSize</STRONG> (Thumb, 4 bytes, Stack size 0 bytes, h1_init.o(.text), UNUSED)

<P><STRONG><a name="[d0]"></a>_ll_udiv10</STRONG> (Thumb, 138 bytes, Stack size 12 bytes, lludiv10.o(.text))
<BR><BR>[Stack]<UL><LI>Max Depth = 12<LI>Call Chain = _ll_udiv10
</UL>
<BR>[Called By]<UL><LI><a href="#[9a]">&gt;&gt;</a>&nbsp;&nbsp;&nbsp;_printf_longlong_dec
<LI><a href="#[d9]">&gt;&gt;</a>&nbsp;&nbsp;&nbsp;_fp_digits
</UL>

<P><STRONG><a name="[cc]"></a>_printf_int_common</STRONG> (Thumb, 178 bytes, Stack size 32 bytes, _printf_intcommon.o(.text))
<BR><BR>[Stack]<UL><LI>Max Depth = 48<LI>Call Chain = _printf_int_common &rArr; _printf_post_padding
</UL>
<BR>[Calls]<UL><LI><a href="#[c9]">&gt;&gt;</a>&nbsp;&nbsp;&nbsp;_printf_post_padding
<LI><a href="#[c8]">&gt;&gt;</a>&nbsp;&nbsp;&nbsp;_printf_pre_padding
</UL>
<BR>[Called By]<UL><LI><a href="#[d1]">&gt;&gt;</a>&nbsp;&nbsp;&nbsp;_printf_longlong_oct
<LI><a href="#[9a]">&gt;&gt;</a>&nbsp;&nbsp;&nbsp;_printf_longlong_dec
<LI><a href="#[92]">&gt;&gt;</a>&nbsp;&nbsp;&nbsp;_printf_int_dec
<LI><a href="#[d2]">&gt;&gt;</a>&nbsp;&nbsp;&nbsp;_printf_longlong_hex
</UL>

<P><STRONG><a name="[de]"></a>_printf_fp_dec_real</STRONG> (Thumb, 620 bytes, Stack size 104 bytes, _printf_fp_dec.o(.text))
<BR><BR>[Stack]<UL><LI>Max Depth = 324<LI>Call Chain = _printf_fp_dec_real &rArr; _fp_digits &rArr; _btod_etento &rArr; _btod_emul &rArr; _e2e
</UL>
<BR>[Calls]<UL><LI><a href="#[c9]">&gt;&gt;</a>&nbsp;&nbsp;&nbsp;_printf_post_padding
<LI><a href="#[c8]">&gt;&gt;</a>&nbsp;&nbsp;&nbsp;_printf_pre_padding
<LI><a href="#[e0]">&gt;&gt;</a>&nbsp;&nbsp;&nbsp;_printf_fp_infnan
<LI><a href="#[ae]">&gt;&gt;</a>&nbsp;&nbsp;&nbsp;__rt_locale
<LI><a href="#[d9]">&gt;&gt;</a>&nbsp;&nbsp;&nbsp;_fp_digits
<LI><a href="#[df]">&gt;&gt;</a>&nbsp;&nbsp;&nbsp;__ARM_fpclassify
</UL>
<BR>[Called By]<UL><LI><a href="#[8c]">&gt;&gt;</a>&nbsp;&nbsp;&nbsp;_printf_fp_dec
</UL>

<P><STRONG><a name="[e1]"></a>_printf_fp_hex_real</STRONG> (Thumb, 756 bytes, Stack size 72 bytes, _printf_fp_hex.o(.text))
<BR><BR>[Stack]<UL><LI>Max Depth = 112<LI>Call Chain = _printf_fp_hex_real &rArr; _printf_fp_infnan &rArr; _printf_post_padding
</UL>
<BR>[Calls]<UL><LI><a href="#[c9]">&gt;&gt;</a>&nbsp;&nbsp;&nbsp;_printf_post_padding
<LI><a href="#[c8]">&gt;&gt;</a>&nbsp;&nbsp;&nbsp;_printf_pre_padding
<LI><a href="#[e0]">&gt;&gt;</a>&nbsp;&nbsp;&nbsp;_printf_fp_infnan
<LI><a href="#[df]">&gt;&gt;</a>&nbsp;&nbsp;&nbsp;__ARM_fpclassify
</UL>
<BR>[Called By]<UL><LI><a href="#[90]">&gt;&gt;</a>&nbsp;&nbsp;&nbsp;_printf_fp_hex
</UL>

<P><STRONG><a name="[e2]"></a>_printf_cs_common</STRONG> (Thumb, 20 bytes, Stack size 8 bytes, _printf_char.o(.text))
<BR><BR>[Stack]<UL><LI>Max Depth = 40<LI>Call Chain = _printf_cs_common &rArr; _printf_str &rArr; _printf_post_padding
</UL>
<BR>[Calls]<UL><LI><a href="#[c7]">&gt;&gt;</a>&nbsp;&nbsp;&nbsp;_printf_str
</UL>
<BR>[Called By]<UL><LI><a href="#[a4]">&gt;&gt;</a>&nbsp;&nbsp;&nbsp;_printf_string
<LI><a href="#[a2]">&gt;&gt;</a>&nbsp;&nbsp;&nbsp;_printf_char
</UL>

<P><STRONG><a name="[a2]"></a>_printf_char</STRONG> (Thumb, 16 bytes, Stack size 0 bytes, _printf_char.o(.text))
<BR><BR>[Stack]<UL><LI>Max Depth = 40<LI>Call Chain = _printf_char &rArr; _printf_cs_common &rArr; _printf_str &rArr; _printf_post_padding
</UL>
<BR>[Calls]<UL><LI><a href="#[e2]">&gt;&gt;</a>&nbsp;&nbsp;&nbsp;_printf_cs_common
</UL>
<BR>[Called By]<UL><LI><a href="#[a1]">&gt;&gt;</a>&nbsp;&nbsp;&nbsp;_printf_c
</UL>

<P><STRONG><a name="[a4]"></a>_printf_string</STRONG> (Thumb, 8 bytes, Stack size 0 bytes, _printf_char.o(.text))
<BR><BR>[Stack]<UL><LI>Max Depth = 40<LI>Call Chain = _printf_string &rArr; _printf_cs_common &rArr; _printf_str &rArr; _printf_post_padding
</UL>
<BR>[Calls]<UL><LI><a href="#[e2]">&gt;&gt;</a>&nbsp;&nbsp;&nbsp;_printf_cs_common
</UL>
<BR>[Called By]<UL><LI><a href="#[a3]">&gt;&gt;</a>&nbsp;&nbsp;&nbsp;_printf_s
</UL>

<P><STRONG><a name="[e3]"></a>_printf_lcs_common</STRONG> (Thumb, 20 bytes, Stack size 8 bytes, _printf_wchar.o(.text))
<BR><BR>[Stack]<UL><LI>Max Depth = 88<LI>Call Chain = _printf_lcs_common &rArr; _printf_wctomb &rArr; _wcrtomb
</UL>
<BR>[Calls]<UL><LI><a href="#[ce]">&gt;&gt;</a>&nbsp;&nbsp;&nbsp;_printf_wctomb
</UL>
<BR>[Called By]<UL><LI><a href="#[a8]">&gt;&gt;</a>&nbsp;&nbsp;&nbsp;_printf_wstring
<LI><a href="#[a6]">&gt;&gt;</a>&nbsp;&nbsp;&nbsp;_printf_wchar
</UL>

<P><STRONG><a name="[a6]"></a>_printf_wchar</STRONG> (Thumb, 16 bytes, Stack size 0 bytes, _printf_wchar.o(.text))
<BR><BR>[Stack]<UL><LI>Max Depth = 88<LI>Call Chain = _printf_wchar &rArr; _printf_lcs_common &rArr; _printf_wctomb &rArr; _wcrtomb
</UL>
<BR>[Calls]<UL><LI><a href="#[e3]">&gt;&gt;</a>&nbsp;&nbsp;&nbsp;_printf_lcs_common
</UL>
<BR>[Called By]<UL><LI><a href="#[a5]">&gt;&gt;</a>&nbsp;&nbsp;&nbsp;_printf_lc
</UL>

<P><STRONG><a name="[a8]"></a>_printf_wstring</STRONG> (Thumb, 8 bytes, Stack size 0 bytes, _printf_wchar.o(.text))
<BR><BR>[Stack]<UL><LI>Max Depth = 88<LI>Call Chain = _printf_wstring &rArr; _printf_lcs_common &rArr; _printf_wctomb &rArr; _wcrtomb
</UL>
<BR>[Calls]<UL><LI><a href="#[e3]">&gt;&gt;</a>&nbsp;&nbsp;&nbsp;_printf_lcs_common
</UL>
<BR>[Called By]<UL><LI><a href="#[a7]">&gt;&gt;</a>&nbsp;&nbsp;&nbsp;_printf_ls
</UL>

<P><STRONG><a name="[e4]"></a>_c16rtomb</STRONG> (Thumb, 72 bytes, Stack size 24 bytes, _c16rtomb.o(.text), UNUSED)
<BR><BR>[Calls]<UL><LI><a href="#[e5]">&gt;&gt;</a>&nbsp;&nbsp;&nbsp;__rt_ctype_table
</UL>

<P><STRONG><a name="[cf]"></a>_wcrtomb</STRONG> (Thumb, 0 bytes, Stack size 24 bytes, _c16rtomb.o(.text))
<BR><BR>[Stack]<UL><LI>Max Depth = 24<LI>Call Chain = _wcrtomb
</UL>
<BR>[Called By]<UL><LI><a href="#[ce]">&gt;&gt;</a>&nbsp;&nbsp;&nbsp;_printf_wctomb
</UL>

<P><STRONG><a name="[1cf]"></a>__user_libspace</STRONG> (Thumb, 8 bytes, Stack size 0 bytes, libspace.o(.text), UNUSED)

<P><STRONG><a name="[e6]"></a>__user_perproc_libspace</STRONG> (Thumb, 0 bytes, Stack size 0 bytes, libspace.o(.text))
<BR><BR>[Called By]<UL><LI><a href="#[b3]">&gt;&gt;</a>&nbsp;&nbsp;&nbsp;__user_setup_stackheap
</UL>

<P><STRONG><a name="[1d0]"></a>__user_perthread_libspace</STRONG> (Thumb, 0 bytes, Stack size 0 bytes, libspace.o(.text), UNUSED)

<P><STRONG><a name="[1d1]"></a>__I$use$semihosting</STRONG> (Thumb, 0 bytes, Stack size 0 bytes, use_no_semi.o(.text), UNUSED)

<P><STRONG><a name="[1d2]"></a>__use_no_semihosting_swi</STRONG> (Thumb, 2 bytes, Stack size 0 bytes, use_no_semi.o(.text), UNUSED)

<P><STRONG><a name="[1d3]"></a>__semihosting_library_function</STRONG> (Thumb, 0 bytes, Stack size 8 bytes, indicate_semi.o(.text), UNUSED)

<P><STRONG><a name="[b3]"></a>__user_setup_stackheap</STRONG> (Thumb, 74 bytes, Stack size 8 bytes, sys_stackheap_outer.o(.text))
<BR><BR>[Stack]<UL><LI>Max Depth = 8<LI>Call Chain = __user_setup_stackheap
</UL>
<BR>[Calls]<UL><LI><a href="#[e7]">&gt;&gt;</a>&nbsp;&nbsp;&nbsp;__user_initial_stackheap
<LI><a href="#[e6]">&gt;&gt;</a>&nbsp;&nbsp;&nbsp;__user_perproc_libspace
</UL>
<BR>[Called By]<UL><LI><a href="#[b2]">&gt;&gt;</a>&nbsp;&nbsp;&nbsp;__rt_entry_sh
</UL>

<P><STRONG><a name="[e5]"></a>__rt_ctype_table</STRONG> (Thumb, 16 bytes, Stack size 8 bytes, rt_ctype_table.o(.text), UNUSED)
<BR><BR>[Calls]<UL><LI><a href="#[ae]">&gt;&gt;</a>&nbsp;&nbsp;&nbsp;__rt_locale
</UL>
<BR>[Called By]<UL><LI><a href="#[e4]">&gt;&gt;</a>&nbsp;&nbsp;&nbsp;_c16rtomb
</UL>

<P><STRONG><a name="[ae]"></a>__rt_locale</STRONG> (Thumb, 8 bytes, Stack size 0 bytes, rt_locale_intlibspace.o(.text))
<BR><BR>[Called By]<UL><LI><a href="#[e5]">&gt;&gt;</a>&nbsp;&nbsp;&nbsp;__rt_ctype_table
<LI><a href="#[ad]">&gt;&gt;</a>&nbsp;&nbsp;&nbsp;__rt_lib_init_lc_common
<LI><a href="#[de]">&gt;&gt;</a>&nbsp;&nbsp;&nbsp;_printf_fp_dec_real
</UL>

<P><STRONG><a name="[d5]"></a>__Heap_ProvideMemory</STRONG> (Thumb, 52 bytes, Stack size 0 bytes, h1_extend.o(.text))
<BR><BR>[Stack]<UL><LI>Max Depth = 16<LI>Call Chain = __Heap_ProvideMemory &rArr; free
</UL>
<BR>[Calls]<UL><LI><a href="#[c6]">&gt;&gt;</a>&nbsp;&nbsp;&nbsp;free
</UL>
<BR>[Called By]<UL><LI><a href="#[ac]">&gt;&gt;</a>&nbsp;&nbsp;&nbsp;_init_alloc
<LI><a href="#[c5]">&gt;&gt;</a>&nbsp;&nbsp;&nbsp;__Heap_Full
</UL>

<P><STRONG><a name="[1d4]"></a>_maybe_terminate_alloc</STRONG> (Thumb, 0 bytes, Stack size 0 bytes, maybetermalloc1.o(.text), UNUSED)

<P><STRONG><a name="[e0]"></a>_printf_fp_infnan</STRONG> (Thumb, 112 bytes, Stack size 24 bytes, _printf_fp_infnan.o(.text))
<BR><BR>[Stack]<UL><LI>Max Depth = 40<LI>Call Chain = _printf_fp_infnan &rArr; _printf_post_padding
</UL>
<BR>[Calls]<UL><LI><a href="#[c9]">&gt;&gt;</a>&nbsp;&nbsp;&nbsp;_printf_post_padding
<LI><a href="#[c8]">&gt;&gt;</a>&nbsp;&nbsp;&nbsp;_printf_pre_padding
</UL>
<BR>[Called By]<UL><LI><a href="#[e1]">&gt;&gt;</a>&nbsp;&nbsp;&nbsp;_printf_fp_hex_real
<LI><a href="#[de]">&gt;&gt;</a>&nbsp;&nbsp;&nbsp;_printf_fp_dec_real
[...]
</UL>
<BR>[Calls]<UL><LI><a href="#[196]">&gt;&gt;</a>&nbsp;&nbsp;&nbsp;__btod_mult_common
<LI><a href="#[195]">&gt;&gt;</a>&nbsp;&nbsp;&nbsp;_e2e
</UL>
<BR>[Called By]<UL><LI><a href="#[da]">&gt;&gt;</a>&nbsp;&nbsp;&nbsp;_btod_etento
<LI><a href="#[d9]">&gt;&gt;</a>&nbsp;&nbsp;&nbsp;_fp_digits
</UL>

<P><STRONG><a name="[196]"></a>__btod_mult_common</STRONG> (Thumb, 580 bytes, Stack size 16 bytes, btod.o(CL$$btod_mult_common))
<BR><BR>[Stack]<UL><LI>Max Depth = 16<LI>Call Chain = __btod_mult_common
</UL>
<BR>[Called By]<UL><LI><a href="#[dd]">&gt;&gt;</a>&nbsp;&nbsp;&nbsp;_btod_emul
</UL>

<P><STRONG><a name="[df]"></a>__ARM_fpclassify</STRONG> (Thumb, 48 bytes, Stack size 8 bytes, fpclassify.o(i.__ARM_fpclassify))
<BR><BR>[Stack]<UL><LI>Max Depth = 8<LI>Call Chain = __ARM_fpclassify
</UL>
<BR>[Called By]<UL><LI><a href="#[e1]">&gt;&gt;</a>&nbsp;&nbsp;&nbsp;_printf_fp_hex_real
<LI><a href="#[de]">&gt;&gt;</a>&nbsp;&nbsp;&nbsp;_printf_fp_dec_real
</UL>

<P><STRONG><a name="[d3]"></a>_is_digit</STRONG> (Thumb, 14 bytes, Stack size 0 bytes, __printf_wp.o(i._is_digit))
<BR><BR>[Called By]<UL><LI><a href="#[cd]">&gt;&gt;</a>&nbsp;&nbsp;&nbsp;__printf
</UL>

<P><STRONG><a name="[b1]"></a>_get_lc_numeric</STRONG> (Thumb, 44 bytes, Stack size 8 bytes, lc_numeric_c.o(locale$$code))
<BR><BR>[Stack]<UL><LI>Max Depth = 16<LI>Call Chain = _get_lc_numeric &rArr; strcmp
</UL>
<BR>[Calls]<UL><LI><a href="#[197]">&gt;&gt;</a>&nbsp;&nbsp;&nbsp;strcmp
</UL>
<BR>[Called By]<UL><LI><a href="#[b0]">&gt;&gt;</a>&nbsp;&nbsp;&nbsp;__rt_lib_init_lc_numeric_2
</UL>

<P><STRONG><a name="[60]"></a>_get_lc_ctype</STRONG> (Thumb, 44 bytes, Stack size 8 bytes, lc_ctype_c.o(locale$$code))
<BR><BR>[Stack]<UL><LI>Max Depth = 16<LI>Call Chain = _get_lc_ctype &rArr; strcmp
</UL>
<BR>[Calls]<UL><LI><a href="#[197]">&gt;&gt;</a>&nbsp;&nbsp;&nbsp;strcmp
</UL>
<BR>[Called By]<UL><LI><a href="#[af]">&gt;&gt;</a>&nbsp;&nbsp;&nbsp;__rt_lib_init_lc_ctype_2
</UL>
<BR>[Address Reference Count : 1]<UL><LI> rt_ctype_table.o(.text)
</UL>
<P><STRONG><a name="[19a]"></a>__fpl_dretinf</STRONG> (Thumb, 12 bytes, Stack size 0 bytes, dretinf.o(x$fpl$dretinf), UNUSED)
<BR><BR>[Called By]<UL><LI><a href="#[198]">&gt;&gt;</a>&nbsp;&nbsp;&nbsp;_f2d
</UL>

<P><STRONG><a name="[11a]"></a>__aeabi_f2d</STRONG> (Thumb, 0 bytes, Stack size 16 bytes, f2d.o(x$fpl$f2d))
<BR><BR>[Stack]<UL><LI>Max Depth = 16<LI>Call Chain = __aeabi_f2d
</UL>
<BR>[Called By]<UL><LI><a href="#[64]">&gt;&gt;</a>&nbsp;&nbsp;&nbsp;Test2Thread(void*)
</UL>

<P><STRONG><a name="[198]"></a>_f2d</STRONG> (Thumb, 86 bytes, Stack size 16 bytes, f2d.o(x$fpl$f2d), UNUSED)
<BR><BR>[Calls]<UL><LI><a href="#[199]">&gt;&gt;</a>&nbsp;&nbsp;&nbsp;__fpl_fnaninf
<LI><a href="#[19a]">&gt;&gt;</a>&nbsp;&nbsp;&nbsp;__fpl_dretinf
</UL>

<P><STRONG><a name="[199]"></a>__fpl_fnaninf</STRONG> (Thumb, 140 bytes, Stack size 8 bytes, fnaninf.o(x$fpl$fnaninf), UNUSED)
<BR><BR>[Called By]<UL><LI><a href="#[198]">&gt;&gt;</a>&nbsp;&nbsp;&nbsp;_f2d
</UL>

<P><STRONG><a name="[aa]"></a>_fp_init</STRONG> (Thumb, 26 bytes, Stack size 0 bytes, fpinit.o(x$fpl$fpinit))
<BR><BR>[Called By]<UL><LI><a href="#[a9]">&gt;&gt;</a>&nbsp;&nbsp;&nbsp;__rt_lib_init_fp_1
</UL>

<P><STRONG><a name="[1d5]"></a>__fplib_config_fpu_vfp</STRONG> (Thumb, 0 bytes, Stack size unknown bytes, fpinit.o(x$fpl$fpinit), UNUSED)

<P><STRONG><a name="[1d6]"></a>__fplib_config_pureend_doubles</STRONG> (Thumb, 0 bytes, Stack size unknown bytes, fpinit.o(x$fpl$fpinit), UNUSED)

<P><STRONG><a name="[8c]"></a>_printf_fp_dec</STRONG> (Thumb, 4 bytes, Stack size 0 bytes, printf1.o(x$fpl$printf1))
<BR><BR>[Stack]<UL><LI>Max Depth = 324<LI>Call Chain = _printf_fp_dec &rArr; _printf_fp_dec_real &rArr; _fp_digits &rArr; _btod_etento &rArr; _btod_emul &rArr; _e2e
</UL>
<BR>[Calls]<UL><LI><a href="#[de]">&gt;&gt;</a>&nbsp;&nbsp;&nbsp;_printf_fp_dec_real
</UL>
<BR>[Called By]<UL><LI><a href="#[8e]">&gt;&gt;</a>&nbsp;&nbsp;&nbsp;_printf_g
<LI><a href="#[8d]">&gt;&gt;</a>&nbsp;&nbsp;&nbsp;_printf_e
<LI><a href="#[8b]">&gt;&gt;</a>&nbsp;&nbsp;&nbsp;_printf_f
</UL>

<P><STRONG><a name="[90]"></a>_printf_fp_hex</STRONG> (Thumb, 4 bytes, Stack size 0 bytes, printf2.o(x$fpl$printf2))
<BR><BR>[Stack]<UL><LI>Max Depth = 112<LI>Call Chain = _printf_fp_hex &rArr; _printf_fp_hex_real &rArr; _printf_fp_infnan &rArr; _printf_post_padding
</UL>
<BR>[Calls]<UL><LI><a href="#[e1]">&gt;&gt;</a>&nbsp;&nbsp;&nbsp;_printf_fp_hex_real
</UL>
<BR>[Called By]<UL><LI><a href="#[8f]">&gt;&gt;</a>&nbsp;&nbsp;&nbsp;_printf_a
</UL>
<P>
<H3>
Local Symbols
</H3>
<P><STRONG><a name="[62]"></a>LEDThread(void*)</STRONG> (Thumb, 336 bytes, Stack size 24 bytes, main.o(.text._ZL9LEDThreadPv))
<BR><BR>[Stack]<UL><LI>Max Depth = 80<LI>Call Chain = LEDThread(void*) &rArr; rt_thread_delay &rArr; rt_thread_sleep &rArr; rt_timer_start
</UL>
<BR>[Calls]<UL><LI><a href="#[10d]">&gt;&gt;</a>&nbsp;&nbsp;&nbsp;rt_tick_get
<LI><a href="#[110]">&gt;&gt;</a>&nbsp;&nbsp;&nbsp;rt_thread_delay_until
<LI><a href="#[121]">&gt;&gt;</a>&nbsp;&nbsp;&nbsp;arm_cos_f32
<LI><a href="#[120]">&gt;&gt;</a>&nbsp;&nbsp;&nbsp;arm_sin_f32
<LI><a href="#[10c]">&gt;&gt;</a>&nbsp;&nbsp;&nbsp;rt_thread_delay
<LI><a href="#[11f]">&gt;&gt;</a>&nbsp;&nbsp;&nbsp;cWS281x::LED_UpdateDMA(LEDColor_t*, unsigned short)
<LI><a href="#[11e]">&gt;&gt;</a>&nbsp;&nbsp;&nbsp;cWS281x::Init(unsigned char*)
<LI><a href="#[112]">&gt;&gt;</a>&nbsp;&nbsp;&nbsp;spi_enable
</UL>
<BR>[Address Reference Count : 1]<UL><LI> main.o(.text.main)
</UL>
<P><STRONG><a name="[63]"></a>Test1Thread(void*)</STRONG> (Thumb, 44 bytes, Stack size 0 bytes, main.o(.text._ZL11Test1ThreadPv))
<BR><BR>[Stack]<UL><LI>Max Depth = 228<LI>Call Chain = Test1Thread(void*) &rArr; list_thread &rArr; rt_kprintf &rArr; rt_vsnprintf &rArr; print_number
</UL>
<BR>[Calls]<UL><LI><a href="#[118]">&gt;&gt;</a>&nbsp;&nbsp;&nbsp;gpio_input_bit_get
<LI><a href="#[119]">&gt;&gt;</a>&nbsp;&nbsp;&nbsp;list_thread
<LI><a href="#[10c]">&gt;&gt;</a>&nbsp;&nbsp;&nbsp;rt_thread_delay
</UL>
<BR>[Address Reference Count : 1]<UL><LI> main.o(.text.main)
</UL>
<P><STRONG><a name="[64]"></a>Test2Thread(void*)</STRONG> (Thumb, 120 bytes, Stack size 0 bytes, main.o(.text._ZL11Test2ThreadPv))
<BR><BR>[Stack]<UL><LI>Max Depth = 204 + Unknown Stack Size
<LI>Call Chain = Test2Thread(void*) &rArr; cMSG::Printf(char const*, ...) &rArr; rt_free &rArr; rt_kprintf &rArr; rt_vsnprintf &rArr; print_number
</UL>
<BR>[Calls]<UL><LI><a href="#[11b]">&gt;&gt;</a>&nbsp;&nbsp;&nbsp;cMSG::Printf(char const*, ...)
<LI><a href="#[10c]">&gt;&gt;</a>&nbsp;&nbsp;&nbsp;rt_thread_delay
<LI><a href="#[107]">&gt;&gt;</a>&nbsp;&nbsp;&nbsp;rt_kprintf
<LI><a href="#[11a]">&gt;&gt;</a>&nbsp;&nbsp;&nbsp;__aeabi_f2d
</UL>
<BR>[Address Reference Count : 1]<UL><LI> main.o(.text.main)
</UL>
<P><STRONG><a name="[65]"></a>Test3Thread(void*)</STRONG> (Thumb, 44 bytes, Stack size 0 bytes, main.o(.text._ZL11Test3ThreadPv))
<BR><BR>[Stack]<UL><LI>Max Depth = 112<LI>Call Chain = Test3Thread(void*) &rArr; cMSG::UartTx(unsigned char, unsigned char*, unsigned short) &rArr; rt_mutex_take &rArr; rt_thread_control &rArr; rt_thread_delete &rArr; rt_timer_detach &rArr; rt_object_detach
</UL>
<BR>[Calls]<UL><LI><a href="#[11c]">&gt;&gt;</a>&nbsp;&nbsp;&nbsp;cMSG::UartTx(unsigned char, unsigned char*, unsigned short)
<LI><a href="#[10c]">&gt;&gt;</a>&nbsp;&nbsp;&nbsp;rt_thread_delay
</UL>
<BR>[Address Reference Count : 1]<UL><LI> main.o(.text.main)
</UL>
<P><STRONG><a name="[66]"></a>Test4Thread(void*)</STRONG> (Thumb, 42 bytes, Stack size 0 bytes, main.o(.text._ZL11Test4ThreadPv))
<BR><BR>[Stack]<UL><LI>Max Depth = 104<LI>Call Chain = Test4Thread(void*) &rArr; cMSG::UartTx(unsigned char*, unsigned short) &rArr; rt_mutex_take &rArr; rt_thread_control &rArr; rt_thread_delete &rArr; rt_timer_detach &rArr; rt_object_detach
</UL>
<BR>[Calls]<UL><LI><a href="#[11d]">&gt;&gt;</a>&nbsp;&nbsp;&nbsp;cMSG::UartTx(unsigned char*, unsigned short)
<LI><a href="#[10c]">&gt;&gt;</a>&nbsp;&nbsp;&nbsp;rt_thread_delay
</UL>
<BR>[Address Reference Count : 1]<UL><LI> main.o(.text.main)
</UL>
<P><STRONG><a name="[72]"></a>_usb_std_getstatus</STRONG> (Thumb, 168 bytes, Stack size 0 bytes, usbd_enum.o(.text._usb_std_getstatus))
<BR>[Address Reference Count : 1]<UL><LI> usbd_enum.o(.text.usbd_standard_request)
</UL>
<P><STRONG><a name="[73]"></a>_usb_std_clearfeature</STRONG> (Thumb, 124 bytes, Stack size 16 bytes, usbd_enum.o(.text._usb_std_clearfeature))
<BR><BR>[Stack]<UL><LI>Max Depth = 16<LI>Call Chain = _usb_std_clearfeature
</UL>
<BR>[Address Reference Count : 1]<UL><LI> usbd_enum.o(.text.usbd_standard_request)
</UL>
<P><STRONG><a name="[74]"></a>_usb_std_reserved</STRONG> (Thumb, 4 bytes, Stack size 0 bytes, usbd_enum.o(.text._usb_std_reserved))
<BR>[Address Reference Count : 1]<UL><LI> usbd_enum.o(.text.usbd_standard_request)
</UL>
<P><STRONG><a name="[75]"></a>_usb_std_setfeature</STRONG> (Thumb, 130 bytes, Stack size 16 bytes, usbd_enum.o(.text._usb_std_setfeature))
<BR><BR>[Stack]<UL><LI>Max Depth = 16<LI>Call Chain = _usb_std_setfeature
</UL>
<BR>[Address Reference Count : 1]<UL><LI> usbd_enum.o(.text.usbd_standard_request)
</UL>
<P><STRONG><a name="[76]"></a>_usb_std_setaddress</STRONG> (Thumb, 40 bytes, Stack size 0 bytes, usbd_enum.o(.text._usb_std_setaddress))
<BR>[Address Reference Count : 1]<UL><LI> usbd_enum.o(.text.usbd_standard_request)
</UL>
<P><STRONG><a name="[77]"></a>_usb_std_getdescriptor</STRONG> (Thumb, 210 bytes, Stack size 16 bytes, usbd_enum.o(.text._usb_std_getdescriptor))
<BR><BR>[Stack]<UL><LI>Max Depth = 16<LI>Call Chain = _usb_std_getdescriptor
</UL>
<BR>[Address Reference Count : 1]<UL><LI> usbd_enum.o(.text.usbd_standard_request)
</UL>
<P><STRONG><a name="[78]"></a>_usb_std_setdescriptor</STRONG> (Thumb, 4 bytes, Stack size 0 bytes, usbd_enum.o(.text._usb_std_setdescriptor))
<BR>[Address Reference Count : 1]<UL><LI> usbd_enum.o(.text.usbd_standard_request)
</UL>
<P><STRONG><a name="[79]"></a>_usb_std_getconfiguration</STRONG> (Thumb, 62 bytes, Stack size 0 bytes, usbd_enum.o(.text._usb_std_getconfiguration))
<BR>[Address Reference Count : 1]<UL><LI> usbd_enum.o(.text.usbd_standard_request)
</UL>
<P><STRONG><a name="[7a]"></a>_usb_std_setconfiguration</STRONG> (Thumb, 128 bytes, Stack size 16 bytes, usbd_enum.o(.text._usb_std_setconfiguration))
<BR><BR>[Stack]<UL><LI>Max Depth = 16<LI>Call Chain = _usb_std_setconfiguration
</UL>
<BR>[Address Reference Count : 1]<UL><LI> usbd_enum.o(.text.usbd_standard_request)
</UL>
<P><STRONG><a name="[7b]"></a>_usb_std_getinterface</STRONG> (Thumb, 32 bytes, Stack size 0 bytes, usbd_enum.o(.text._usb_std_getinterface))
<BR>[Address Reference Count : 1]<UL><LI> usbd_enum.o(.text.usbd_standard_request)
</UL>
<P><STRONG><a name="[7c]"></a>_usb_std_setinterface</STRONG> (Thumb, 34 bytes, Stack size 8 bytes, usbd_enum.o(.text._usb_std_setinterface))
<BR><BR>[Stack]<UL><LI>Max Depth = 8<LI>Call Chain = _usb_std_setinterface
</UL>
<BR>[Address Reference Count : 1]<UL><LI> usbd_enum.o(.text.usbd_standard_request)
</UL>
<P><STRONG><a name="[7d]"></a>_usb_std_synchframe</STRONG> (Thumb, 4 bytes, Stack size 0 bytes, usbd_enum.o(.text._usb_std_synchframe))
<BR>[Address Reference Count : 1]<UL><LI> usbd_enum.o(.text.usbd_standard_request)
</UL>
<P><STRONG><a name="[6]"></a>usbd_core_reset</STRONG> (Thumb, 30 bytes, Stack size 0 bytes, usbd_lld_core.o(.text.usbd_core_reset))
<BR>[Address Reference Count : 1]<UL><LI> usbd_lld_core.o(.data.usbd_drv_handler)
</UL>
<P><STRONG><a name="[7]"></a>usbd_core_stop</STRONG> (Thumb, 22 bytes, Stack size 0 bytes, usbd_lld_core.o(.text.usbd_core_stop))
<BR>[Address Reference Count : 1]<UL><LI> usbd_lld_core.o(.data.usbd_drv_handler)
</UL>
<P><STRONG><a name="[8]"></a>usbd_dp_pullup</STRONG> (Thumb, 24 bytes, Stack size 0 bytes, usbd_lld_core.o(.text.usbd_dp_pullup))
<BR><BR>[Calls]<UL><LI><a href="#[18f]">&gt;&gt;</a>&nbsp;&nbsp;&nbsp;gpio_bit_reset
<LI><a href="#[190]">&gt;&gt;</a>&nbsp;&nbsp;&nbsp;gpio_bit_set
</UL>
<BR>[Address Reference Count : 1]<UL><LI> usbd_lld_core.o(.data.usbd_drv_handler)
</UL>
<P><STRONG><a name="[9]"></a>usbd_address_set</STRONG> (Thumb, 18 bytes, Stack size 0 bytes, usbd_lld_core.o(.text.usbd_address_set))
<BR>[Address Reference Count : 1]<UL><LI> usbd_lld_core.o(.data.usbd_drv_handler)
</UL>
<P><STRONG><a name="[a]"></a>usbd_suspend</STRONG> (Thumb, 18 bytes, Stack size 0 bytes, usbd_lld_core.o(.text.usbd_suspend))
<BR>[Address Reference Count : 1]<UL><LI> usbd_lld_core.o(.data.usbd_drv_handler)
</UL>
<P><STRONG><a name="[b]"></a>usbd_leave_suspend</STRONG> (Thumb, 26 bytes, Stack size 0 bytes, usbd_lld_core.o(.text.usbd_leave_suspend))
<BR>[Address Reference Count : 1]<UL><LI> usbd_lld_core.o(.data.usbd_drv_handler)
</UL>
<P><STRONG><a name="[c]"></a>usbd_resume</STRONG> (Thumb, 36 bytes, Stack size 0 bytes, usbd_lld_core.o(.text.usbd_resume))
<BR>[Address Reference Count : 1]<UL><LI> usbd_lld_core.o(.data.usbd_drv_handler)
</UL>
<P><STRONG><a name="[d]"></a>usbd_ep_reset</STRONG> (Thumb, 104 bytes, Stack size 8 bytes, usbd_lld_core.o(.text.usbd_ep_reset))
<BR><BR>[Stack]<UL><LI>Max Depth = 8<LI>Call Chain = usbd_ep_reset
</UL>
<BR>[Address Reference Count : 1]<UL><LI> usbd_lld_core.o(.data.usbd_drv_handler)
</UL>
<P><STRONG><a name="[e]"></a>usbd_ep_setup</STRONG> (Thumb, 392 bytes, Stack size 20 bytes, usbd_lld_core.o(.text.usbd_ep_setup))
<BR><BR>[Stack]<UL><LI>Max Depth = 20<LI>Call Chain = usbd_ep_setup
</UL>
<BR>[Address Reference Count : 1]<UL><LI> usbd_lld_core.o(.data.usbd_drv_handler)
</UL>
<P><STRONG><a name="[f]"></a>usbd_ep_disable</STRONG> (Thumb, 76 bytes, Stack size 0 bytes, usbd_lld_core.o(.text.usbd_ep_disable))
<BR>[Address Reference Count : 1]<UL><LI> usbd_lld_core.o(.data.usbd_drv_handler)
</UL>
<P><STRONG><a name="[10]"></a>usbd_ep_rx_enable</STRONG> (Thumb, 32 bytes, Stack size 0 bytes, usbd_lld_core.o(.text.usbd_ep_rx_enable))
<BR>[Address Reference Count : 1]<UL><LI> usbd_lld_core.o(.data.usbd_drv_handler)
</UL>
<P><STRONG><a name="[11]"></a>usbd_ep_data_write</STRONG> (Thumb, 94 bytes, Stack size 16 bytes, usbd_lld_core.o(.text.usbd_ep_data_write))
<BR><BR>[Stack]<UL><LI>Max Depth = 16<LI>Call Chain = usbd_ep_data_write
</UL>
<BR>[Address Reference Count : 1]<UL><LI> usbd_lld_core.o(.data.usbd_drv_handler)
</UL>
<P><STRONG><a name="[12]"></a>usbd_ep_data_read</STRONG> (Thumb, 130 bytes, Stack size 8 bytes, usbd_lld_core.o(.text.usbd_ep_data_read))
<BR><BR>[Stack]<UL><LI>Max Depth = 8<LI>Call Chain = usbd_ep_data_read
</UL>
<BR>[Address Reference Count : 1]<UL><LI> usbd_lld_core.o(.data.usbd_drv_handler)
</UL>
<P><STRONG><a name="[13]"></a>usbd_ep_stall_set</STRONG> (Thumb, 114 bytes, Stack size 0 bytes, usbd_lld_core.o(.text.usbd_ep_stall_set))
<BR>[Address Reference Count : 1]<UL><LI> usbd_lld_core.o(.data.usbd_drv_handler)
</UL>
<P><STRONG><a name="[14]"></a>usbd_ep_stall_clear</STRONG> (Thumb, 158 bytes, Stack size 16 bytes, usbd_lld_core.o(.text.usbd_ep_stall_clear))
<BR><BR>[Stack]<UL><LI>Max Depth = 16<LI>Call Chain = usbd_ep_stall_clear
</UL>
<BR>[Address Reference Count : 1]<UL><LI> usbd_lld_core.o(.data.usbd_drv_handler)
</UL>
<P><STRONG><a name="[15]"></a>usbd_ep_status</STRONG> (Thumb, 34 bytes, Stack size 0 bytes, usbd_lld_core.o(.text.usbd_ep_status))
<BR>[Address Reference Count : 1]<UL><LI> usbd_lld_core.o(.data.usbd_drv_handler)
</UL>
<P><STRONG><a name="[0]"></a>cdc_acm_init</STRONG> (Thumb, 150 bytes, Stack size 24 bytes, cdc_acm_core.o(.text.cdc_acm_init))
<BR><BR>[Stack]<UL><LI>Max Depth = 32<LI>Call Chain = cdc_acm_init &rArr; usbd_ep_recev
</UL>
<BR>[Calls]<UL><LI><a href="#[132]">&gt;&gt;</a>&nbsp;&nbsp;&nbsp;usbd_ep_recev
</UL>
<BR>[Address Reference Count : 1]<UL><LI> cdc_acm_core.o(.data.cdc_class)
</UL>
<P><STRONG><a name="[1]"></a>cdc_acm_deinit</STRONG> (Thumb, 44 bytes, Stack size 8 bytes, cdc_acm_core.o(.text.cdc_acm_deinit))
<BR><BR>[Stack]<UL><LI>Max Depth = 8<LI>Call Chain = cdc_acm_deinit
</UL>
<BR>[Address Reference Count : 1]<UL><LI> cdc_acm_core.o(.data.cdc_class)
</UL>
<P><STRONG><a name="[2]"></a>cdc_acm_req_handler</STRONG> (Thumb, 60 bytes, Stack size 0 bytes, cdc_acm_core.o(.text.cdc_acm_req_handler))
<BR>[Address Reference Count : 1]<UL><LI> cdc_acm_core.o(.data.cdc_class)
</UL>
<P><STRONG><a name="[3]"></a>cdc_acm_ctlx_out</STRONG> (Thumb, 28 bytes, Stack size 0 bytes, cdc_acm_core.o(.text.cdc_acm_ctlx_out))
<BR>[Address Reference Count : 1]<UL><LI> cdc_acm_core.o(.data.cdc_class)
</UL>
<P><STRONG><a name="[4]"></a>cdc_acm_data_in</STRONG> (Thumb, 44 bytes, Stack size 0 bytes, cdc_acm_core.o(.text.cdc_acm_data_in))
<BR><BR>[Stack]<UL><LI>Max Depth = 24<LI>Call Chain = cdc_acm_data_in &rArr; usbd_ep_send
</UL>
<BR>[Calls]<UL><LI><a href="#[108]">&gt;&gt;</a>&nbsp;&nbsp;&nbsp;usbd_ep_send
</UL>
<BR>[Address Reference Count : 1]<UL><LI> cdc_acm_core.o(.data.cdc_class)
</UL>
<P><STRONG><a name="[5]"></a>cdc_acm_data_out</STRONG> (Thumb, 50 bytes, Stack size 8 bytes, cdc_acm_core.o(.text.cdc_acm_data_out))
<BR><BR>[Stack]<UL><LI>Max Depth = 56<LI>Call Chain = cdc_acm_data_out &rArr; rt_sem_release &rArr; rt_thread_resume &rArr; rt_timer_stop
</UL>
<BR>[Calls]<UL><LI><a href="#[fa]">&gt;&gt;</a>&nbsp;&nbsp;&nbsp;rt_sem_release
<LI><a href="#[132]">&gt;&gt;</a>&nbsp;&nbsp;&nbsp;usbd_ep_recev
</UL>
<BR>[Address Reference Count : 1]<UL><LI> cdc_acm_core.o(.data.cdc_class)
</UL>
<P><STRONG><a name="[80]"></a>rti_start</STRONG> (Thumb, 4 bytes, Stack size 0 bytes, components.o(.text.rti_start))
<BR>[Address Reference Count : 1]<UL><LI> components.o(.rti_fn.0)
</UL>
<P><STRONG><a name="[81]"></a>rti_board_start</STRONG> (Thumb, 4 bytes, Stack size 0 bytes, components.o(.text.rti_board_start))
<BR>[Address Reference Count : 1]<UL><LI> components.o(.rti_fn.0.end)
</UL>
<P><STRONG><a name="[82]"></a>rti_board_end</STRONG> (Thumb, 4 bytes, Stack size 0 bytes, components.o(.text.rti_board_end))
<BR>[Address Reference Count : 1]<UL><LI> components.o(.rti_fn.1.end)
</UL>
<P><STRONG><a name="[83]"></a>rti_end</STRONG> (Thumb, 4 bytes, Stack size 0 bytes, components.o(.text.rti_end))
<BR>[Address Reference Count : 1]<UL><LI> components.o(.rti_fn.6.end)
</UL>
<P><STRONG><a name="[6e]"></a>rt_thread_idle_entry</STRONG> (Thumb, 62 bytes, Stack size 0 bytes, idle.o(.text.rt_thread_idle_entry))
<BR><BR>[Stack]<UL><LI>Max Depth = 180<LI>Call Chain = rt_thread_idle_entry &rArr; rt_object_delete &rArr; rt_free &rArr; rt_kprintf &rArr; rt_vsnprintf &rArr; print_number
</UL>
<BR>[Calls]<UL><LI><a href="#[123]">&gt;&gt;</a>&nbsp;&nbsp;&nbsp;rt_free
<LI><a href="#[13b]">&gt;&gt;</a>&nbsp;&nbsp;&nbsp;rt_hw_interrupt_enable
<LI><a href="#[ed]">&gt;&gt;</a>&nbsp;&nbsp;&nbsp;rt_hw_interrupt_disable
<LI><a href="#[175]">&gt;&gt;</a>&nbsp;&nbsp;&nbsp;rt_object_delete
</UL>
<BR>[Address Reference Count : 1]<UL><LI> idle.o(.text.rt_thread_idle_init)
</UL>
<P><STRONG><a name="[18b]"></a>print_number</STRONG> (Thumb, 428 bytes, Stack size 68 bytes, kservice.o(.text.print_number))
<BR><BR>[Stack]<UL><LI>Max Depth = 68<LI>Call Chain = print_number
</UL>
<BR>[Called By]<UL><LI><a href="#[16c]">&gt;&gt;</a>&nbsp;&nbsp;&nbsp;rt_vsnprintf
</UL>

<P><STRONG><a name="[5f]"></a>_printf_input_char</STRONG> (Thumb, 10 bytes, Stack size 0 bytes, _printf_char_common.o(.text))
<BR>[Address Reference Count : 1]<UL><LI> _printf_char_common.o(.text)
</UL>
<P><STRONG><a name="[d9]"></a>_fp_digits</STRONG> (Thumb, 432 bytes, Stack size 96 bytes, _printf_fp_dec.o(.text))
<BR><BR>[Stack]<UL><LI>Max Depth = 220<LI>Call Chain = _fp_digits &rArr; _btod_etento &rArr; _btod_emul &rArr; _e2e
</UL>
<BR>[Calls]<UL><LI><a href="#[dd]">&gt;&gt;</a>&nbsp;&nbsp;&nbsp;_btod_emul
<LI><a href="#[dc]">&gt;&gt;</a>&nbsp;&nbsp;&nbsp;_btod_ediv
<LI><a href="#[db]">&gt;&gt;</a>&nbsp;&nbsp;&nbsp;_btod_d2e
<LI><a href="#[da]">&gt;&gt;</a>&nbsp;&nbsp;&nbsp;_btod_etento
<LI><a href="#[d0]">&gt;&gt;</a>&nbsp;&nbsp;&nbsp;_ll_udiv10
</UL>
<BR>[Called By]<UL><LI><a href="#[de]">&gt;&gt;</a>&nbsp;&nbsp;&nbsp;_printf_fp_dec_real
</UL>
<P>
<H3>
Undefined Global Symbols
</H3><HR></body></html>
